Archive member included to satisfy reference by file (symbol)

c:/program files/ac6/systemworkbench/plugins/fr.ac6.mcu.externaltools.arm-none.win32_1.15.0.201708311556/tools/compiler/bin/../lib/gcc/arm-none-eabi/6.3.1/../../../../arm-none-eabi/lib/thumb/v7-m\libc_nano.a(lib_a-exit.o)
                              c:/program files/ac6/systemworkbench/plugins/fr.ac6.mcu.externaltools.arm-none.win32_1.15.0.201708311556/tools/compiler/bin/../lib/gcc/arm-none-eabi/6.3.1/../../../../arm-none-eabi/lib/thumb/v7-m/crt0.o (exit)
c:/program files/ac6/systemworkbench/plugins/fr.ac6.mcu.externaltools.arm-none.win32_1.15.0.201708311556/tools/compiler/bin/../lib/gcc/arm-none-eabi/6.3.1/../../../../arm-none-eabi/lib/thumb/v7-m\libc_nano.a(lib_a-impure.o)
                              c:/program files/ac6/systemworkbench/plugins/fr.ac6.mcu.externaltools.arm-none.win32_1.15.0.201708311556/tools/compiler/bin/../lib/gcc/arm-none-eabi/6.3.1/../../../../arm-none-eabi/lib/thumb/v7-m\libc_nano.a(lib_a-exit.o) (_global_impure_ptr)
c:/program files/ac6/systemworkbench/plugins/fr.ac6.mcu.externaltools.arm-none.win32_1.15.0.201708311556/tools/compiler/bin/../lib/gcc/arm-none-eabi/6.3.1/../../../../arm-none-eabi/lib/thumb/v7-m\libc_nano.a(lib_a-init.o)
                              c:/program files/ac6/systemworkbench/plugins/fr.ac6.mcu.externaltools.arm-none.win32_1.15.0.201708311556/tools/compiler/bin/../lib/gcc/arm-none-eabi/6.3.1/../../../../arm-none-eabi/lib/thumb/v7-m/crt0.o (__libc_init_array)
c:/program files/ac6/systemworkbench/plugins/fr.ac6.mcu.externaltools.arm-none.win32_1.15.0.201708311556/tools/compiler/bin/../lib/gcc/arm-none-eabi/6.3.1/../../../../arm-none-eabi/lib/thumb/v7-m\libc_nano.a(lib_a-memset.o)
                              c:/program files/ac6/systemworkbench/plugins/fr.ac6.mcu.externaltools.arm-none.win32_1.15.0.201708311556/tools/compiler/bin/../lib/gcc/arm-none-eabi/6.3.1/../../../../arm-none-eabi/lib/thumb/v7-m/crt0.o (memset)
c:/program files/ac6/systemworkbench/plugins/fr.ac6.mcu.externaltools.arm-none.win32_1.15.0.201708311556/tools/compiler/bin/../lib/gcc/arm-none-eabi/6.3.1/../../../../arm-none-eabi/lib/thumb/v7-m\libnosys.a(_exit.o)
                              c:/program files/ac6/systemworkbench/plugins/fr.ac6.mcu.externaltools.arm-none.win32_1.15.0.201708311556/tools/compiler/bin/../lib/gcc/arm-none-eabi/6.3.1/../../../../arm-none-eabi/lib/thumb/v7-m\libc_nano.a(lib_a-exit.o) (_exit)

Allocating common symbols
Common symbol       size              file

hUsbDeviceFS        0x224             Src\usb_device.o
USB_TxBuff          0x2               Src\main.o
ptr                 0x4               Src\main.o
uwTick              0x4               Drivers\STM32F1xx_HAL_Driver\Src\stm32f1xx_hal.o
pFlash              0x20              Drivers\STM32F1xx_HAL_Driver\Src\stm32f1xx_hal_flash.o
UserRxBufferFS      0x200             Src\usbd_cdc_if.o
huart1              0x40              Src\usart.o
UserTxBufferFS      0x200             Src\usbd_cdc_if.o
htim1               0x40              Src\stm32f1xx_hal_timebase_TIM.o
UART_RxData         0x1               Src\main.o
hpcd_USB_FS         0x460             Src\usbd_conf.o
USBD_StrDesc        0x200             Src\usbd_desc.o

Discarded input sections

 .text          0x00000000        0x0 c:/program files/ac6/systemworkbench/plugins/fr.ac6.mcu.externaltools.arm-none.win32_1.15.0.201708311556/tools/compiler/bin/../lib/gcc/arm-none-eabi/6.3.1/thumb/v7-m/crti.o
 .data          0x00000000        0x0 c:/program files/ac6/systemworkbench/plugins/fr.ac6.mcu.externaltools.arm-none.win32_1.15.0.201708311556/tools/compiler/bin/../lib/gcc/arm-none-eabi/6.3.1/thumb/v7-m/crti.o
 .bss           0x00000000        0x0 c:/program files/ac6/systemworkbench/plugins/fr.ac6.mcu.externaltools.arm-none.win32_1.15.0.201708311556/tools/compiler/bin/../lib/gcc/arm-none-eabi/6.3.1/thumb/v7-m/crti.o
 .data          0x00000000        0x4 c:/program files/ac6/systemworkbench/plugins/fr.ac6.mcu.externaltools.arm-none.win32_1.15.0.201708311556/tools/compiler/bin/../lib/gcc/arm-none-eabi/6.3.1/thumb/v7-m/crtbegin.o
 .text          0x00000000       0x74 c:/program files/ac6/systemworkbench/plugins/fr.ac6.mcu.externaltools.arm-none.win32_1.15.0.201708311556/tools/compiler/bin/../lib/gcc/arm-none-eabi/6.3.1/../../../../arm-none-eabi/lib/thumb/v7-m/crt0.o
 .data          0x00000000        0x0 c:/program files/ac6/systemworkbench/plugins/fr.ac6.mcu.externaltools.arm-none.win32_1.15.0.201708311556/tools/compiler/bin/../lib/gcc/arm-none-eabi/6.3.1/../../../../arm-none-eabi/lib/thumb/v7-m/crt0.o
 .bss           0x00000000        0x0 c:/program files/ac6/systemworkbench/plugins/fr.ac6.mcu.externaltools.arm-none.win32_1.15.0.201708311556/tools/compiler/bin/../lib/gcc/arm-none-eabi/6.3.1/../../../../arm-none-eabi/lib/thumb/v7-m/crt0.o
[...]
Memory Configuration

Name             Origin             Length             Attributes
RAM              0x20000000         0x00005000         xrw
FLASH            0x08000000         0x00010000         xr
*default*        0x00000000         0xffffffff

Linker script and memory map

LOAD c:/program files/ac6/systemworkbench/plugins/fr.ac6.mcu.externaltools.arm-none.win32_1.15.0.201708311556/tools/compiler/bin/../lib/gcc/arm-none-eabi/6.3.1/thumb/v7-m/crti.o
LOAD c:/program files/ac6/systemworkbench/plugins/fr.ac6.mcu.externaltools.arm-none.win32_1.15.0.201708311556/tools/compiler/bin/../lib/gcc/arm-none-eabi/6.3.1/thumb/v7-m/crtbegin.o
LOAD c:/program files/ac6/systemworkbench/plugins/fr.ac6.mcu.externaltools.arm-none.win32_1.15.0.201708311556/tools/compiler/bin/../lib/gcc/arm-none-eabi/6.3.1/../../../../arm-none-eabi/lib/thumb/v7-m/crt0.o
LOAD c:/program files/ac6/systemworkbench/plugins/fr.ac6.mcu.externaltools.arm-none.win32_1.15.0.201708311556/tools/compiler/bin/../lib/gcc/arm-none-eabi/6.3.1/../../../../arm-none-eabi/lib/thumb/v7-m\libm.a
LOAD Drivers\STM32F1xx_HAL_Driver\Src\stm32f1xx_hal.o
LOAD Drivers\STM32F1xx_HAL_Driver\Src\stm32f1xx_hal_cortex.o
LOAD Drivers\STM32F1xx_HAL_Driver\Src\stm32f1xx_hal_dma.o
LOAD Drivers\STM32F1xx_HAL_Driver\Src\stm32f1xx_hal_flash.o
LOAD Drivers\STM32F1xx_HAL_Driver\Src\stm32f1xx_hal_flash_ex.o
LOAD Drivers\STM32F1xx_HAL_Driver\Src\stm32f1xx_hal_gpio.o
LOAD Drivers\STM32F1xx_HAL_Driver\Src\stm32f1xx_hal_gpio_ex.o
LOAD Drivers\STM32F1xx_HAL_Driver\Src\stm32f1xx_hal_pcd.o
LOAD Drivers\STM32F1xx_HAL_Driver\Src\stm32f1xx_hal_pcd_ex.o
LOAD Drivers\STM32F1xx_HAL_Driver\Src\stm32f1xx_hal_pwr.o
LOAD Drivers\STM32F1xx_HAL_Driver\Src\stm32f1xx_hal_rcc.o
LOAD Drivers\STM32F1xx_HAL_Driver\Src\stm32f1xx_hal_rcc_ex.o
LOAD Drivers\STM32F1xx_HAL_Driver\Src\stm32f1xx_hal_tim.o
LOAD Drivers\STM32F1xx_HAL_Driver\Src\stm32f1xx_hal_tim_ex.o
LOAD Drivers\STM32F1xx_HAL_Driver\Src\stm32f1xx_hal_uart.o
LOAD Drivers\STM32F1xx_HAL_Driver\Src\stm32f1xx_ll_usb.o
LOAD Middlewares\ST\STM32_USB_Device_Library\Class\CDC\Src\usbd_cdc.o
LOAD Middlewares\ST\STM32_USB_Device_Library\Core\Src\usbd_core.o
LOAD Middlewares\ST\STM32_USB_Device_Library\Core\Src\usbd_ctlreq.o
LOAD Middlewares\ST\STM32_USB_Device_Library\Core\Src\usbd_ioreq.o
LOAD Src\circ.o
LOAD Src\gpio.o
LOAD Src\main.o
LOAD Src\stm32f1xx_hal_msp.o
LOAD Src\stm32f1xx_hal_timebase_TIM.o
LOAD Src\stm32f1xx_it.o
LOAD Src\system_stm32f1xx.o
LOAD Src\usart.o
LOAD Src\usb_device.o
LOAD Src\usbd_cdc_if.o
LOAD Src\usbd_conf.o
LOAD Src\usbd_desc.o
LOAD startup\startup_stm32f103xb.o
START GROUP
LOAD c:/program files/ac6/systemworkbench/plugins/fr.ac6.mcu.externaltools.arm-none.win32_1.15.0.201708311556/tools/compiler/bin/../lib/gcc/arm-none-eabi/6.3.1/thumb/v7-m\libgcc.a
LOAD c:/program files/ac6/systemworkbench/plugins/fr.ac6.mcu.externaltools.arm-none.win32_1.15.0.201708311556/tools/compiler/bin/../lib/gcc/arm-none-eabi/6.3.1/../../../../arm-none-eabi/lib/thumb/v7-m\libc_nano.a
END GROUP
START GROUP
LOAD c:/program files/ac6/systemworkbench/plugins/fr.ac6.mcu.externaltools.arm-none.win32_1.15.0.201708311556/tools/compiler/bin/../lib/gcc/arm-none-eabi/6.3.1/thumb/v7-m\libgcc.a
LOAD c:/program files/ac6/systemworkbench/plugins/fr.ac6.mcu.externaltools.arm-none.win32_1.15.0.201708311556/tools/compiler/bin/../lib/gcc/arm-none-eabi/6.3.1/../../../../arm-none-eabi/lib/thumb/v7-m\libc_nano.a
LOAD c:/program files/ac6/systemworkbench/plugins/fr.ac6.mcu.externaltools.arm-none.win32_1.15.0.201708311556/tools/compiler/bin/../lib/gcc/arm-none-eabi/6.3.1/../../../../arm-none-eabi/lib/thumb/v7-m\libnosys.a
END GROUP
START GROUP
LOAD c:/program files/ac6/systemworkbench/plugins/fr.ac6.mcu.externaltools.arm-none.win32_1.15.0.201708311556/tools/compiler/bin/../lib/gcc/arm-none-eabi/6.3.1/thumb/v7-m\libgcc.a
LOAD c:/program files/ac6/systemworkbench/plugins/fr.ac6.mcu.externaltools.arm-none.win32_1.15.0.201708311556/tools/compiler/bin/../lib/gcc/arm-none-eabi/6.3.1/../../../../arm-none-eabi/lib/thumb/v7-m\libc_nano.a
LOAD c:/program files/ac6/systemworkbench/plugins/fr.ac6.mcu.externaltools.arm-none.win32_1.15.0.201708311556/tools/compiler/bin/../lib/gcc/arm-none-eabi/6.3.1/../../../../arm-none-eabi/lib/thumb/v7-m\libnosys.a
END GROUP
LOAD c:/program files/ac6/systemworkbench/plugins/fr.ac6.mcu.externaltools.arm-none.win32_1.15.0.201708311556/tools/compiler/bin/../lib/gcc/arm-none-eabi/6.3.1/thumb/v7-m/crtend.o
LOAD c:/program files/ac6/systemworkbench/plugins/fr.ac6.mcu.externaltools.arm-none.win32_1.15.0.201708311556/tools/compiler/bin/../lib/gcc/arm-none-eabi/6.3.1/thumb/v7-m/crtn.o
                0x20005000                _estack = 0x20005000
                0x00001000                _Min_Heap_Size = 0x1000
                0x00002000                _Min_Stack_Size = 0x2000

.isr_vector     0x08000000      0x10c
                0x08000000                . = ALIGN (0x4)
 *(.isr_vector)
 .isr_vector    0x08000000      0x10c startup\startup_stm32f103xb.o
                0x08000000                g_pfnVectors
                0x0800010c                . = ALIGN (0x4)

.text           0x0800010c     0x3a30
                0x0800010c                . = ALIGN (0x4)
 *(.text)
 .text          0x0800010c       0x6c c:/program files/ac6/systemworkbench/plugins/fr.ac6.mcu.externaltools.arm-none.win32_1.15.0.201708311556/tools/compiler/bin/../lib/gcc/arm-none-eabi/6.3.1/thumb/v7-m/crtbegin.o
 *(.text*)
 .text.HAL_Init
                0x08000178       0x24 Drivers\STM32F1xx_HAL_Driver\Src\stm32f1xx_hal.o
                0x08000178                HAL_Init
 .text.HAL_IncTick
                0x0800019c       0x10 Drivers\STM32F1xx_HAL_Driver\Src\stm32f1xx_hal.o
                0x0800019c                HAL_IncTick
 .text.HAL_GetTick
                0x080001ac        0xc Drivers\STM32F1xx_HAL_Driver\Src\stm32f1xx_hal.o
                0x080001ac                HAL_GetTick
 .text.HAL_NVIC_SetPriorityGrouping
                0x080001b8       0x24 Drivers\STM32F1xx_HAL_Driver\Src\stm32f1xx_hal_cortex.o
                0x080001b8                HAL_NVIC_SetPriorityGrouping
 .text.HAL_NVIC_SetPriority
                0x080001dc       0x64 Drivers\STM32F1xx_HAL_Driver\Src\stm32f1xx_hal_cortex.o
                0x080001dc                HAL_NVIC_SetPriority
 .text.HAL_NVIC_EnableIRQ
                0x08000240       0x18 Drivers\STM32F1xx_HAL_Driver\Src\stm32f1xx_hal_cortex.o
                0x08000240                HAL_NVIC_EnableIRQ
 .text.HAL_SYSTICK_Config
                0x08000258       0x2c Drivers\STM32F1xx_HAL_Driver\Src\stm32f1xx_hal_cortex.o
                0x08000258                HAL_SYSTICK_Config
 .text.HAL_SYSTICK_CLKSourceConfig
                0x08000284       0x20 Drivers\STM32F1xx_HAL_Driver\Src\stm32f1xx_hal_cortex.o
                0x08000284                HAL_SYSTICK_CLKSourceConfig
 .text.HAL_SYSTICK_Callback
                0x080002a4        0x2 Drivers\STM32F1xx_HAL_Driver\Src\stm32f1xx_hal_cortex.o
                0x080002a4                HAL_SYSTICK_Callback
 .text.HAL_SYSTICK_IRQHandler
                0x080002a6        0x8 Drivers\STM32F1xx_HAL_Driver\Src\stm32f1xx_hal_cortex.o
                0x080002a6                HAL_SYSTICK_IRQHandler
 *fill*         0x080002ae        0x2 
 .text.HAL_DMA_Abort_IT
                0x080002b0       0x98 Drivers\STM32F1xx_HAL_Driver\Src\stm32f1xx_hal_dma.o
                0x080002b0                HAL_DMA_Abort_IT
 .text.HAL_GPIO_Init
                0x08000348      0x1ec Drivers\STM32F1xx_HAL_Driver\Src\stm32f1xx_hal_gpio.o
                0x08000348                HAL_GPIO_Init
 .text.HAL_GPIO_WritePin
                0x08000534        0xc Drivers\STM32F1xx_HAL_Driver\Src\stm32f1xx_hal_gpio.o
                0x08000534                HAL_GPIO_WritePin
 .text.HAL_GPIO_TogglePin
                0x08000540        0x8 Drivers\STM32F1xx_HAL_Driver\Src\stm32f1xx_hal_gpio.o
                0x08000540                HAL_GPIO_TogglePin
 .text.HAL_PCD_Init
                0x08000548       0xd6 Drivers\STM32F1xx_HAL_Driver\Src\stm32f1xx_hal_pcd.o
                0x08000548                HAL_PCD_Init
 .text.HAL_PCD_Start
                0x0800061e       0x2e Drivers\STM32F1xx_HAL_Driver\Src\stm32f1xx_hal_pcd.o
                0x0800061e                HAL_PCD_Start
 .text.HAL_PCD_SetAddress
                0x0800064c       0x28 Drivers\STM32F1xx_HAL_Driver\Src\stm32f1xx_hal_pcd.o
                0x0800064c                HAL_PCD_SetAddress
 .text.HAL_PCD_EP_Open
                0x08000674       0x52 Drivers\STM32F1xx_HAL_Driver\Src\stm32f1xx_hal_pcd.o
                0x08000674                HAL_PCD_EP_Open
 .text.HAL_PCD_EP_Close
                0x080006c6       0x4e Drivers\STM32F1xx_HAL_Driver\Src\stm32f1xx_hal_pcd.o
                0x080006c6                HAL_PCD_EP_Close
 .text.HAL_PCD_EP_Receive
                0x08000714       0x3e Drivers\STM32F1xx_HAL_Driver\Src\stm32f1xx_hal_pcd.o
                0x08000714                HAL_PCD_EP_Receive
 .text.HAL_PCD_EP_GetRxCount
                0x08000752        0xe Drivers\STM32F1xx_HAL_Driver\Src\stm32f1xx_hal_pcd.o
                0x08000752                HAL_PCD_EP_GetRxCount
 .text.HAL_PCD_EP_Transmit
                0x08000760       0x3c Drivers\STM32F1xx_HAL_Driver\Src\stm32f1xx_hal_pcd.o
                0x08000760                HAL_PCD_EP_Transmit
 .text.PCD_EP_ISR_Handler
                0x0800079c      0x46e Drivers\STM32F1xx_HAL_Driver\Src\stm32f1xx_hal_pcd.o
 .text.HAL_PCD_IRQHandler
                0x08000c0a      0x164 Drivers\STM32F1xx_HAL_Driver\Src\stm32f1xx_hal_pcd.o
                0x08000c0a                HAL_PCD_IRQHandler
 .text.HAL_PCD_EP_SetStall
                0x08000d6e       0x5c Drivers\STM32F1xx_HAL_Driver\Src\stm32f1xx_hal_pcd.o
                0x08000d6e                HAL_PCD_EP_SetStall
 .text.HAL_PCD_EP_ClrStall
                0x08000dca       0x4e Drivers\STM32F1xx_HAL_Driver\Src\stm32f1xx_hal_pcd.o
                0x08000dca                HAL_PCD_EP_ClrStall
 .text.HAL_PCDEx_PMAConfig
                0x08000e18       0x30 Drivers\STM32F1xx_HAL_Driver\Src\stm32f1xx_hal_pcd_ex.o
                0x08000e18                HAL_PCDEx_PMAConfig
 .text.RCC_Delay
                0x08000e48       0x2c Drivers\STM32F1xx_HAL_Driver\Src\stm32f1xx_hal_rcc.o
 .text.HAL_RCC_OscConfig
                0x08000e74      0x3e0 Drivers\STM32F1xx_HAL_Driver\Src\stm32f1xx_hal_rcc.o
                0x08000e74                HAL_RCC_OscConfig
 .text.HAL_RCC_EnableCSS
                0x08001254        0xc Drivers\STM32F1xx_HAL_Driver\Src\stm32f1xx_hal_rcc.o
                0x08001254                HAL_RCC_EnableCSS
 .text.HAL_RCC_GetSysClockFreq
                0x08001260       0x6c Drivers\STM32F1xx_HAL_Driver\Src\stm32f1xx_hal_rcc.o
                0x08001260                HAL_RCC_GetSysClockFreq
 .text.HAL_RCC_ClockConfig
                0x080012cc      0x178 Drivers\STM32F1xx_HAL_Driver\Src\stm32f1xx_hal_rcc.o
                0x080012cc                HAL_RCC_ClockConfig
 .text.HAL_RCC_GetHCLKFreq
                0x08001444        0xc Drivers\STM32F1xx_HAL_Driver\Src\stm32f1xx_hal_rcc.o
                0x08001444                HAL_RCC_GetHCLKFreq
 .text.HAL_RCC_GetPCLK1Freq
                0x08001450       0x20 Drivers\STM32F1xx_HAL_Driver\Src\stm32f1xx_hal_rcc.o
                0x08001450                HAL_RCC_GetPCLK1Freq
 .text.HAL_RCC_GetPCLK2Freq
                0x08001470       0x20 Drivers\STM32F1xx_HAL_Driver\Src\stm32f1xx_hal_rcc.o
                0x08001470                HAL_RCC_GetPCLK2Freq
 .text.HAL_RCC_GetClockConfig
                0x08001490       0x3c Drivers\STM32F1xx_HAL_Driver\Src\stm32f1xx_hal_rcc.o
                0x08001490                HAL_RCC_GetClockConfig
 .text.HAL_RCC_CSSCallback
                0x080014cc        0x2 Drivers\STM32F1xx_HAL_Driver\Src\stm32f1xx_hal_rcc.o
                0x080014cc                HAL_RCC_CSSCallback
 *fill*         0x080014ce        0x2 
 .text.HAL_RCC_NMI_IRQHandler
                0x080014d0       0x24 Drivers\STM32F1xx_HAL_Driver\Src\stm32f1xx_hal_rcc.o
                0x080014d0                HAL_RCC_NMI_IRQHandler
 .text.HAL_RCCEx_PeriphCLKConfig
                0x080014f4      0x114 Drivers\STM32F1xx_HAL_Driver\Src\stm32f1xx_hal_rcc_ex.o
                0x080014f4                HAL_RCCEx_PeriphCLKConfig
 .text.HAL_TIM_Base_MspInit
                0x08001608        0x2 Drivers\STM32F1xx_HAL_Driver\Src\stm32f1xx_hal_tim.o
                0x08001608                HAL_TIM_Base_MspInit
 .text.HAL_TIM_Base_Start_IT
                0x0800160a       0x18 Drivers\STM32F1xx_HAL_Driver\Src\stm32f1xx_hal_tim.o
                0x0800160a                HAL_TIM_Base_Start_IT
 .text.HAL_TIM_OC_DelayElapsedCallback
                0x08001622        0x2 Drivers\STM32F1xx_HAL_Driver\Src\stm32f1xx_hal_tim.o
                0x08001622                HAL_TIM_OC_DelayElapsedCallback
 .text.HAL_TIM_IC_CaptureCallback
                0x08001624        0x2 Drivers\STM32F1xx_HAL_Driver\Src\stm32f1xx_hal_tim.o
                0x08001624                HAL_TIM_IC_CaptureCallback
 .text.HAL_TIM_PWM_PulseFinishedCallback
                0x08001626        0x2 Drivers\STM32F1xx_HAL_Driver\Src\stm32f1xx_hal_tim.o
                0x08001626                HAL_TIM_PWM_PulseFinishedCallback
 .text.HAL_TIM_TriggerCallback
                0x08001628        0x2 Drivers\STM32F1xx_HAL_Driver\Src\stm32f1xx_hal_tim.o
                0x08001628                HAL_TIM_TriggerCallback
 .text.HAL_TIM_IRQHandler
                0x0800162a      0x17a Drivers\STM32F1xx_HAL_Driver\Src\stm32f1xx_hal_tim.o
                0x0800162a                HAL_TIM_IRQHandler
 .text.TIM_Base_SetConfig
                0x080017a4       0x78 Drivers\STM32F1xx_HAL_Driver\Src\stm32f1xx_hal_tim.o
                0x080017a4                TIM_Base_SetConfig
 .text.HAL_TIM_Base_Init
                0x0800181c       0x32 Drivers\STM32F1xx_HAL_Driver\Src\stm32f1xx_hal_tim.o
                0x0800181c                HAL_TIM_Base_Init
 .text.HAL_TIMEx_CommutationCallback
                0x0800184e        0x2 Drivers\STM32F1xx_HAL_Driver\Src\stm32f1xx_hal_tim_ex.o
                0x0800184e                HAL_TIMEx_CommutationCallback
 .text.HAL_TIMEx_BreakCallback
                0x08001850        0x2 Drivers\STM32F1xx_HAL_Driver\Src\stm32f1xx_hal_tim_ex.o
                0x08001850                HAL_TIMEx_BreakCallback
 .text.UART_EndRxTransfer
                0x08001852       0x1c Drivers\STM32F1xx_HAL_Driver\Src\stm32f1xx_hal_uart.o
 .text.UART_Transmit_IT
                0x0800186e       0x6a Drivers\STM32F1xx_HAL_Driver\Src\stm32f1xx_hal_uart.o
 .text.UART_SetConfig
                0x080018d8      0x1b0 Drivers\STM32F1xx_HAL_Driver\Src\stm32f1xx_hal_uart.o
 .text.HAL_UART_Init
                0x08001a88       0x5e Drivers\STM32F1xx_HAL_Driver\Src\stm32f1xx_hal_uart.o
                0x08001a88                HAL_UART_Init
 .text.HAL_UART_Transmit_IT
                0x08001ae6       0x48 Drivers\STM32F1xx_HAL_Driver\Src\stm32f1xx_hal_uart.o
                0x08001ae6                HAL_UART_Transmit_IT
 .text.HAL_UART_Receive_IT
                0x08001b2e       0x5c Drivers\STM32F1xx_HAL_Driver\Src\stm32f1xx_hal_uart.o
                0x08001b2e                HAL_UART_Receive_IT
 .text.UART_EndTransmit_IT
                0x08001b8a       0x1a Drivers\STM32F1xx_HAL_Driver\Src\stm32f1xx_hal_uart.o
 .text.UART_Receive_IT
                0x08001ba4       0x9e Drivers\STM32F1xx_HAL_Driver\Src\stm32f1xx_hal_uart.o
 .text.HAL_UART_ErrorCallback
                0x08001c42        0x2 Drivers\STM32F1xx_HAL_Driver\Src\stm32f1xx_hal_uart.o
                0x08001c42                HAL_UART_ErrorCallback
 .text.HAL_UART_IRQHandler
                0x08001c44      0x120 Drivers\STM32F1xx_HAL_Driver\Src\stm32f1xx_hal_uart.o
                0x08001c44                HAL_UART_IRQHandler
 .text.UART_DMAAbortOnError
                0x08001d64       0x10 Drivers\STM32F1xx_HAL_Driver\Src\stm32f1xx_hal_uart.o
 .text.USB_CoreInit
                0x08001d74        0xe Drivers\STM32F1xx_HAL_Driver\Src\stm32f1xx_ll_usb.o
                0x08001d74                USB_CoreInit
 .text.USB_EnableGlobalInt
                0x08001d82       0x12 Drivers\STM32F1xx_HAL_Driver\Src\stm32f1xx_ll_usb.o
                0x08001d82                USB_EnableGlobalInt
 .text.USB_DisableGlobalInt
                0x08001d94       0x14 Drivers\STM32F1xx_HAL_Driver\Src\stm32f1xx_ll_usb.o
                0x08001d94                USB_DisableGlobalInt
 .text.USB_SetCurrentMode
                0x08001da8        0x4 Drivers\STM32F1xx_HAL_Driver\Src\stm32f1xx_ll_usb.o
                0x08001da8                USB_SetCurrentMode
 .text.USB_DevInit
                0x08001dac       0x2c Drivers\STM32F1xx_HAL_Driver\Src\stm32f1xx_ll_usb.o
                0x08001dac                USB_DevInit
 .text.USB_ActivateEndpoint
                0x08001dd8      0x332 Drivers\STM32F1xx_HAL_Driver\Src\stm32f1xx_ll_usb.o
                0x08001dd8                USB_ActivateEndpoint
 .text.USB_DeactivateEndpoint
                0x0800210a      0x1c4 Drivers\STM32F1xx_HAL_Driver\Src\stm32f1xx_ll_usb.o
                0x0800210a                USB_DeactivateEndpoint
 .text.USB_EPSetStall
                0x080022ce       0x6e Drivers\STM32F1xx_HAL_Driver\Src\stm32f1xx_ll_usb.o
                0x080022ce                USB_EPSetStall
 .text.USB_EPClearStall
                0x0800233c       0x92 Drivers\STM32F1xx_HAL_Driver\Src\stm32f1xx_ll_usb.o
                0x0800233c                USB_EPClearStall
 .text.USB_SetDevAddress
                0x080023ce        0xc Drivers\STM32F1xx_HAL_Driver\Src\stm32f1xx_ll_usb.o
                0x080023ce                USB_SetDevAddress
 .text.USB_DevConnect
                0x080023da        0x4 Drivers\STM32F1xx_HAL_Driver\Src\stm32f1xx_ll_usb.o
                0x080023da                USB_DevConnect
 .text.USB_DevDisconnect
                0x080023de        0x4 Drivers\STM32F1xx_HAL_Driver\Src\stm32f1xx_ll_usb.o
                0x080023de                USB_DevDisconnect
 .text.USB_ReadInterrupts
                0x080023e2        0x8 Drivers\STM32F1xx_HAL_Driver\Src\stm32f1xx_ll_usb.o
                0x080023e2                USB_ReadInterrupts
 .text.USB_EP0_OutStart
                0x080023ea        0x4 Drivers\STM32F1xx_HAL_Driver\Src\stm32f1xx_ll_usb.o
                0x080023ea                USB_EP0_OutStart
 .text.USB_WritePMA
                0x080023ee       0x2a Drivers\STM32F1xx_HAL_Driver\Src\stm32f1xx_ll_usb.o
                0x080023ee                USB_WritePMA
 .text.USB_EPStartXfer
                0x08002418      0x2cc Drivers\STM32F1xx_HAL_Driver\Src\stm32f1xx_ll_usb.o
                0x08002418                USB_EPStartXfer
 .text.USB_ReadPMA
                0x080026e4       0x1e Drivers\STM32F1xx_HAL_Driver\Src\stm32f1xx_ll_usb.o
                0x080026e4                USB_ReadPMA
 .text.USBD_CDC_DataIn
                0x08002702       0x12 Middlewares\ST\STM32_USB_Device_Library\Class\CDC\Src\usbd_cdc.o
 .text.USBD_CDC_EP0_RxReady
                0x08002714       0x28 Middlewares\ST\STM32_USB_Device_Library\Class\CDC\Src\usbd_cdc.o
 .text.USBD_CDC_GetFSCfgDesc
                0x0800273c        0xc Middlewares\ST\STM32_USB_Device_Library\Class\CDC\Src\usbd_cdc.o
 .text.USBD_CDC_GetHSCfgDesc
                0x08002748        0xc Middlewares\ST\STM32_USB_Device_Library\Class\CDC\Src\usbd_cdc.o
 .text.USBD_CDC_GetOtherSpeedCfgDesc
                0x08002754        0xc Middlewares\ST\STM32_USB_Device_Library\Class\CDC\Src\usbd_cdc.o
 .text.USBD_CDC_GetDeviceQualifierDescriptor
                0x08002760        0xc Middlewares\ST\STM32_USB_Device_Library\Class\CDC\Src\usbd_cdc.o
                0x08002760                USBD_CDC_GetDeviceQualifierDescriptor
 .text.USBD_CDC_DataOut
                0x0800276c       0x2e Middlewares\ST\STM32_USB_Device_Library\Class\CDC\Src\usbd_cdc.o
 *fill*         0x0800279a        0x2 
 .text.USBD_CDC_Setup
                0x0800279c       0x74 Middlewares\ST\STM32_USB_Device_Library\Class\CDC\Src\usbd_cdc.o
 .text.USBD_CDC_DeInit
                0x08002810       0x3a Middlewares\ST\STM32_USB_Device_Library\Class\CDC\Src\usbd_cdc.o
 .text.USBD_CDC_Init
                0x0800284a       0x96 Middlewares\ST\STM32_USB_Device_Library\Class\CDC\Src\usbd_cdc.o
 .text.USBD_CDC_RegisterInterface
                0x080028e0        0xe Middlewares\ST\STM32_USB_Device_Library\Class\CDC\Src\usbd_cdc.o
                0x080028e0                USBD_CDC_RegisterInterface
 .text.USBD_CDC_SetTxBuffer
                0x080028ee       0x10 Middlewares\ST\STM32_USB_Device_Library\Class\CDC\Src\usbd_cdc.o
                0x080028ee                USBD_CDC_SetTxBuffer
 .text.USBD_CDC_SetRxBuffer
                0x080028fe        0xc Middlewares\ST\STM32_USB_Device_Library\Class\CDC\Src\usbd_cdc.o
                0x080028fe                USBD_CDC_SetRxBuffer
 .text.USBD_CDC_TransmitPacket
                0x0800290a       0x2e Middlewares\ST\STM32_USB_Device_Library\Class\CDC\Src\usbd_cdc.o
                0x0800290a                USBD_CDC_TransmitPacket
 .text.USBD_CDC_ReceivePacket
                0x08002938       0x32 Middlewares\ST\STM32_USB_Device_Library\Class\CDC\Src\usbd_cdc.o
                0x08002938                USBD_CDC_ReceivePacket
 .text.USBD_Init
                0x0800296a       0x2e Middlewares\ST\STM32_USB_Device_Library\Core\Src\usbd_core.o
                0x0800296a                USBD_Init
 .text.USBD_RegisterClass
                0x08002998        0xe Middlewares\ST\STM32_USB_Device_Library\Core\Src\usbd_core.o
                0x08002998                USBD_RegisterClass
 .text.USBD_Start
                0x080029a6        0xa Middlewares\ST\STM32_USB_Device_Library\Core\Src\usbd_core.o
                0x080029a6                USBD_Start
 .text.USBD_SetClassConfig
                0x080029b0       0x1a Middlewares\ST\STM32_USB_Device_Library\Core\Src\usbd_core.o
                0x080029b0                USBD_SetClassConfig
 .text.USBD_ClrClassConfig
                0x080029ca        0xe Middlewares\ST\STM32_USB_Device_Library\Core\Src\usbd_core.o
                0x080029ca                USBD_ClrClassConfig
 .text.USBD_LL_SetupStage
                0x080029d8       0x5a Middlewares\ST\STM32_USB_Device_Library\Core\Src\usbd_core.o
                0x080029d8                USBD_LL_SetupStage
 .text.USBD_LL_DataOutStage
                0x08002a32       0x6a Middlewares\ST\STM32_USB_Device_Library\Core\Src\usbd_core.o
                0x08002a32                USBD_LL_DataOutStage
 .text.USBD_LL_DataInStage
                0x08002a9c       0xb2 Middlewares\ST\STM32_USB_Device_Library\Core\Src\usbd_core.o
                0x08002a9c                USBD_LL_DataInStage
 .text.USBD_LL_Reset
                0x08002b4e       0x3e Middlewares\ST\STM32_USB_Device_Library\Core\Src\usbd_core.o
                0x08002b4e                USBD_LL_Reset
 .text.USBD_LL_SetSpeed
                0x08002b8c        0x6 Middlewares\ST\STM32_USB_Device_Library\Core\Src\usbd_core.o
                0x08002b8c                USBD_LL_SetSpeed
 .text.USBD_LL_Suspend
                0x08002b92       0x12 Middlewares\ST\STM32_USB_Device_Library\Core\Src\usbd_core.o
                0x08002b92                USBD_LL_Suspend
 .text.USBD_LL_Resume
                0x08002ba4        0xc Middlewares\ST\STM32_USB_Device_Library\Core\Src\usbd_core.o
                0x08002ba4                USBD_LL_Resume
 .text.USBD_LL_SOF
                0x08002bb0       0x1c Middlewares\ST\STM32_USB_Device_Library\Core\Src\usbd_core.o
                0x08002bb0                USBD_LL_SOF
 .text.USBD_GetLen
                0x08002bcc       0x14 Middlewares\ST\STM32_USB_Device_Library\Core\Src\usbd_ctlreq.o
 .text.USBD_SetFeature
                0x08002be0       0x20 Middlewares\ST\STM32_USB_Device_Library\Core\Src\usbd_ctlreq.o
 .text.USBD_ParseSetupRequest
                0x08002c00       0x28 Middlewares\ST\STM32_USB_Device_Library\Core\Src\usbd_ctlreq.o
                0x08002c00                USBD_ParseSetupRequest
 .text.USBD_CtlError
                0x08002c28       0x14 Middlewares\ST\STM32_USB_Device_Library\Core\Src\usbd_ctlreq.o
                0x08002c28                USBD_CtlError
 .text.USBD_GetDescriptor
                0x08002c3c      0x132 Middlewares\ST\STM32_USB_Device_Library\Core\Src\usbd_ctlreq.o
 .text.USBD_SetAddress
                0x08002d6e       0x4a Middlewares\ST\STM32_USB_Device_Library\Core\Src\usbd_ctlreq.o
 .text.USBD_SetConfig
                0x08002db8       0xa4 Middlewares\ST\STM32_USB_Device_Library\Core\Src\usbd_ctlreq.o
 .text.USBD_GetConfig
                0x08002e5c       0x3a Middlewares\ST\STM32_USB_Device_Library\Core\Src\usbd_ctlreq.o
 .text.USBD_GetStatus
                0x08002e96       0x2c Middlewares\ST\STM32_USB_Device_Library\Core\Src\usbd_ctlreq.o
 .text.USBD_ClrFeature
                0x08002ec2       0x32 Middlewares\ST\STM32_USB_Device_Library\Core\Src\usbd_ctlreq.o
 .text.USBD_StdDevReq
                0x08002ef4       0x48 Middlewares\ST\STM32_USB_Device_Library\Core\Src\usbd_ctlreq.o
                0x08002ef4                USBD_StdDevReq
 .text.USBD_StdItfReq
                0x08002f3c       0x38 Middlewares\ST\STM32_USB_Device_Library\Core\Src\usbd_ctlreq.o
                0x08002f3c                USBD_StdItfReq
 .text.USBD_StdEPReq
                0x08002f74      0x118 Middlewares\ST\STM32_USB_Device_Library\Core\Src\usbd_ctlreq.o
                0x08002f74                USBD_StdEPReq
 .text.USBD_GetString
                0x0800308c       0x3a Middlewares\ST\STM32_USB_Device_Library\Core\Src\usbd_ctlreq.o
                0x0800308c                USBD_GetString
 .text.USBD_CtlSendData
                0x080030c6       0x1a Middlewares\ST\STM32_USB_Device_Library\Core\Src\usbd_ioreq.o
                0x080030c6                USBD_CtlSendData
 .text.USBD_CtlContinueSendData
                0x080030e0       0x10 Middlewares\ST\STM32_USB_Device_Library\Core\Src\usbd_ioreq.o
                0x080030e0                USBD_CtlContinueSendData
 .text.USBD_CtlPrepareRx
                0x080030f0       0x1e Middlewares\ST\STM32_USB_Device_Library\Core\Src\usbd_ioreq.o
                0x080030f0                USBD_CtlPrepareRx
 .text.USBD_CtlContinueRx
                0x0800310e       0x10 Middlewares\ST\STM32_USB_Device_Library\Core\Src\usbd_ioreq.o
                0x0800310e                USBD_CtlContinueRx
 .text.USBD_CtlSendStatus
                0x0800311e       0x16 Middlewares\ST\STM32_USB_Device_Library\Core\Src\usbd_ioreq.o
                0x0800311e                USBD_CtlSendStatus
 .text.USBD_CtlReceiveStatus
                0x08003134       0x16 Middlewares\ST\STM32_USB_Device_Library\Core\Src\usbd_ioreq.o
                0x08003134                USBD_CtlReceiveStatus
 *fill*         0x0800314a        0x2 
 .text.MX_GPIO_Init
                0x0800314c       0x6c Src\gpio.o
                0x0800314c                MX_GPIO_Init
 .text.USB_Rx   0x080031b8       0x1c Src\main.o
                0x080031b8                USB_Rx
 .text.HAL_UART_RxCpltCallback
                0x080031d4       0x1c Src\main.o
                0x080031d4                HAL_UART_RxCpltCallback
 .text.HAL_UART_TxCpltCallback
                0x080031f0        0xc Src\main.o
                0x080031f0                HAL_UART_TxCpltCallback
 .text.HAL_TIM_PeriodElapsedCallback
                0x080031fc       0x18 Src\main.o
                0x080031fc                HAL_TIM_PeriodElapsedCallback
 .text._Error_Handler
                0x08003214        0x2 Src\main.o
                0x08003214                _Error_Handler
 *fill*         0x08003216        0x2 
 .text.SystemClock_Config
                0x08003218       0xa0 Src\main.o
                0x08003218                SystemClock_Config
 .text.main     0x080032b8       0x9c Src\main.o
                0x080032b8                main
 .text.HAL_MspInit
                0x08003354       0x94 Src\stm32f1xx_hal_msp.o
                0x08003354                HAL_MspInit
 .text.HAL_InitTick
                0x080033e8       0x78 Src\stm32f1xx_hal_timebase_TIM.o
                0x080033e8                HAL_InitTick
 .text.NMI_Handler
                0x08003460        0x8 Src\stm32f1xx_it.o
                0x08003460                NMI_Handler
 .text.HardFault_Handler
                0x08003468        0x2 Src\stm32f1xx_it.o
                0x08003468                HardFault_Handler
 .text.MemManage_Handler
                0x0800346a        0x2 Src\stm32f1xx_it.o
                0x0800346a                MemManage_Handler
 .text.BusFault_Handler
                0x0800346c        0x2 Src\stm32f1xx_it.o
                0x0800346c                BusFault_Handler
 .text.UsageFault_Handler
                0x0800346e        0x2 Src\stm32f1xx_it.o
                0x0800346e                UsageFault_Handler
 .text.SVC_Handler
                0x08003470        0x2 Src\stm32f1xx_it.o
                0x08003470                SVC_Handler
 .text.DebugMon_Handler
                0x08003472        0x2 Src\stm32f1xx_it.o
                0x08003472                DebugMon_Handler
 .text.PendSV_Handler
                0x08003474        0x2 Src\stm32f1xx_it.o
                0x08003474                PendSV_Handler
 .text.SysTick_Handler
                0x08003476        0x8 Src\stm32f1xx_it.o
                0x08003476                SysTick_Handler
 *fill*         0x0800347e        0x2 
 .text.USB_LP_CAN1_RX0_IRQHandler
                0x08003480       0x10 Src\stm32f1xx_it.o
                0x08003480                USB_LP_CAN1_RX0_IRQHandler
 .text.TIM1_UP_IRQHandler
                0x08003490       0x38 Src\stm32f1xx_it.o
                0x08003490                TIM1_UP_IRQHandler
 .text.USART1_IRQHandler
                0x080034c8       0x10 Src\stm32f1xx_it.o
                0x080034c8                USART1_IRQHandler
 .text.SystemInit
                0x080034d8       0x4c Src\system_stm32f1xx.o
                0x080034d8                SystemInit
 .text.MX_USART1_UART_Init
                0x08003524       0x3c Src\usart.o
                0x08003524                MX_USART1_UART_Init
 .text.HAL_UART_MspInit
                0x08003560       0x6c Src\usart.o
                0x08003560                HAL_UART_MspInit
 .text.MX_USB_DEVICE_Init
                0x080035cc       0x38 Src\usb_device.o
                0x080035cc                MX_USB_DEVICE_Init
 .text.CDC_DeInit_FS
                0x08003604        0x4 Src\usbd_cdc_if.o
 .text.CDC_Receive_FS
                0x08003608       0x14 Src\usbd_cdc_if.o
 .text.CDC_Control_FS
                0x0800361c       0xd0 Src\usbd_cdc_if.o
 .text.CDC_Init_FS
                0x080036ec       0x28 Src\usbd_cdc_if.o
 .text.CDC_Transmit_FS
                0x08003714       0x2c Src\usbd_cdc_if.o
                0x08003714                CDC_Transmit_FS
 .text.CDC_SetReceiveCallbackFunction
                0x08003740        0xc Src\usbd_cdc_if.o
                0x08003740                CDC_SetReceiveCallbackFunction
 .text.HAL_PCD_MspInit
                0x0800374c       0x40 Src\usbd_conf.o
                0x0800374c                HAL_PCD_MspInit
 .text.HAL_PCD_SetupStageCallback
                0x0800378c       0x10 Src\usbd_conf.o
                0x0800378c                HAL_PCD_SetupStageCallback
 .text.HAL_PCD_DataOutStageCallback
                0x0800379c       0x14 Src\usbd_conf.o
                0x0800379c                HAL_PCD_DataOutStageCallback
 .text.HAL_PCD_DataInStageCallback
                0x080037b0       0x12 Src\usbd_conf.o
                0x080037b0                HAL_PCD_DataInStageCallback
 .text.HAL_PCD_SOFCallback
                0x080037c2        0xc Src\usbd_conf.o
                0x080037c2                HAL_PCD_SOFCallback
 .text.HAL_PCD_ResetCallback
                0x080037ce       0x18 Src\usbd_conf.o
                0x080037ce                HAL_PCD_ResetCallback
 *fill*         0x080037e6        0x2 
 .text.HAL_PCD_SuspendCallback
                0x080037e8       0x20 Src\usbd_conf.o
                0x080037e8                HAL_PCD_SuspendCallback
 .text.HAL_PCD_ResumeCallback
                0x08003808        0xc Src\usbd_conf.o
                0x08003808                HAL_PCD_ResumeCallback
 .text.USBD_LL_Init
                0x08003814       0x94 Src\usbd_conf.o
                0x08003814                USBD_LL_Init
 .text.USBD_LL_Start
                0x080038a8       0x1c Src\usbd_conf.o
                0x080038a8                USBD_LL_Start
 .text.USBD_LL_OpenEP
                0x080038c4       0x22 Src\usbd_conf.o
                0x080038c4                USBD_LL_OpenEP
 .text.USBD_LL_CloseEP
                0x080038e6       0x1c Src\usbd_conf.o
                0x080038e6                USBD_LL_CloseEP
 .text.USBD_LL_StallEP
                0x08003902       0x1c Src\usbd_conf.o
                0x08003902                USBD_LL_StallEP
 .text.USBD_LL_ClearStallEP
                0x0800391e       0x1c Src\usbd_conf.o
                0x0800391e                USBD_LL_ClearStallEP
 .text.USBD_LL_IsStallEP
                0x0800393a       0x26 Src\usbd_conf.o
                0x0800393a                USBD_LL_IsStallEP
 .text.USBD_LL_SetUSBAddress
                0x08003960       0x1c Src\usbd_conf.o
                0x08003960                USBD_LL_SetUSBAddress
 .text.USBD_LL_Transmit
                0x0800397c       0x1c Src\usbd_conf.o
                0x0800397c                USBD_LL_Transmit
 .text.USBD_LL_PrepareReceive
                0x08003998       0x1c Src\usbd_conf.o
                0x08003998                USBD_LL_PrepareReceive
 .text.USBD_LL_GetRxDataSize
                0x080039b4        0xc Src\usbd_conf.o
                0x080039b4                USBD_LL_GetRxDataSize
 .text.USBD_static_malloc
                0x080039c0        0x8 Src\usbd_conf.o
                0x080039c0                USBD_static_malloc
 .text.USBD_static_free
                0x080039c8        0x2 Src\usbd_conf.o
                0x080039c8                USBD_static_free
 .text.HAL_PCDEx_SetConnectionState
                0x080039ca        0x2 Src\usbd_conf.o
                0x080039ca                HAL_PCDEx_SetConnectionState
 .text.USBD_FS_DeviceDescriptor
                0x080039cc        0xc Src\usbd_desc.o
                0x080039cc                USBD_FS_DeviceDescriptor
 .text.USBD_FS_LangIDStrDescriptor
                0x080039d8        0xc Src\usbd_desc.o
                0x080039d8                USBD_FS_LangIDStrDescriptor
 .text.USBD_FS_ProductStrDescriptor
                0x080039e4       0x24 Src\usbd_desc.o
                0x080039e4                USBD_FS_ProductStrDescriptor
 .text.USBD_FS_ManufacturerStrDescriptor
                0x08003a08       0x1c Src\usbd_desc.o
                0x08003a08                USBD_FS_ManufacturerStrDescriptor
 .text.USBD_FS_SerialStrDescriptor
                0x08003a24       0x24 Src\usbd_desc.o
                0x08003a24                USBD_FS_SerialStrDescriptor
 .text.USBD_FS_ConfigStrDescriptor
                0x08003a48       0x24 Src\usbd_desc.o
                0x08003a48                USBD_FS_ConfigStrDescriptor
 .text.USBD_FS_InterfaceStrDescriptor
                0x08003a6c       0x24 Src\usbd_desc.o
                0x08003a6c                USBD_FS_InterfaceStrDescriptor
 .text.Reset_Handler
                0x08003a90       0x48 startup\startup_stm32f103xb.o
                0x08003a90                Reset_Handler
 .text.Default_Handler
                0x08003ad8        0x2 startup\startup_stm32f103xb.o
                0x08003ad8                RTC_Alarm_IRQHandler
                0x08003ad8                EXTI2_IRQHandler
                0x08003ad8                TIM1_CC_IRQHandler
                0x08003ad8                PVD_IRQHandler
                0x08003ad8                EXTI3_IRQHandler
                0x08003ad8                EXTI0_IRQHandler
                0x08003ad8                I2C2_EV_IRQHandler
                0x08003ad8                ADC1_2_IRQHandler
                0x08003ad8                SPI1_IRQHandler
                0x08003ad8                TAMPER_IRQHandler
                0x08003ad8                DMA1_Channel4_IRQHandler
                0x08003ad8                USART3_IRQHandler
                0x08003ad8                RTC_IRQHandler
                0x08003ad8                DMA1_Channel7_IRQHandler
                0x08003ad8                CAN1_RX1_IRQHandler
                0x08003ad8                TIM4_IRQHandler
                0x08003ad8                I2C1_EV_IRQHandler
                0x08003ad8                DMA1_Channel6_IRQHandler
                0x08003ad8                TIM3_IRQHandler
                0x08003ad8                RCC_IRQHandler
                0x08003ad8                TIM1_TRG_COM_IRQHandler
                0x08003ad8                DMA1_Channel1_IRQHandler
                0x08003ad8                Default_Handler
                0x08003ad8                EXTI15_10_IRQHandler
                0x08003ad8                EXTI9_5_IRQHandler
                0x08003ad8                SPI2_IRQHandler
                0x08003ad8                DMA1_Channel5_IRQHandler
                0x08003ad8                EXTI4_IRQHandler
                0x08003ad8                USB_HP_CAN1_TX_IRQHandler
                0x08003ad8                DMA1_Channel3_IRQHandler
                0x08003ad8                WWDG_IRQHandler
                0x08003ad8                TIM2_IRQHandler
                0x08003ad8                TIM1_BRK_IRQHandler
                0x08003ad8                EXTI1_IRQHandler
                0x08003ad8                USART2_IRQHandler
                0x08003ad8                I2C2_ER_IRQHandler
                0x08003ad8                DMA1_Channel2_IRQHandler
                0x08003ad8                CAN1_SCE_IRQHandler
                0x08003ad8                FLASH_IRQHandler
                0x08003ad8                I2C1_ER_IRQHandler
                0x08003ad8                USBWakeUp_IRQHandler
 *fill*         0x08003ada        0x2 
 .text.__libc_init_array
                0x08003adc       0x48 c:/program files/ac6/systemworkbench/plugins/fr.ac6.mcu.externaltools.arm-none.win32_1.15.0.201708311556/tools/compiler/bin/../lib/gcc/arm-none-eabi/6.3.1/../../../../arm-none-eabi/lib/thumb/v7-m\libc_nano.a(lib_a-init.o)
                0x08003adc                __libc_init_array
 *(.glue_7)
 .glue_7        0x08003b24        0x0 linker stubs
 *(.glue_7t)
 .glue_7t       0x08003b24        0x0 linker stubs
 *(.eh_frame)
 .eh_frame      0x08003b24        0x0 c:/program files/ac6/systemworkbench/plugins/fr.ac6.mcu.externaltools.arm-none.win32_1.15.0.201708311556/tools/compiler/bin/../lib/gcc/arm-none-eabi/6.3.1/thumb/v7-m/crtbegin.o
 *(.init)
 .init          0x08003b24        0x4 c:/program files/ac6/systemworkbench/plugins/fr.ac6.mcu.externaltools.arm-none.win32_1.15.0.201708311556/tools/compiler/bin/../lib/gcc/arm-none-eabi/6.3.1/thumb/v7-m/crti.o
                0x08003b24                _init
 .init          0x08003b28        0x8 c:/program files/ac6/systemworkbench/plugins/fr.ac6.mcu.externaltools.arm-none.win32_1.15.0.201708311556/tools/compiler/bin/../lib/gcc/arm-none-eabi/6.3.1/thumb/v7-m/crtn.o
 *(.fini)
 .fini          0x08003b30        0x4 c:/program files/ac6/systemworkbench/plugins/fr.ac6.mcu.externaltools.arm-none.win32_1.15.0.201708311556/tools/compiler/bin/../lib/gcc/arm-none-eabi/6.3.1/thumb/v7-m/crti.o
                0x08003b30                _fini
 .fini          0x08003b34        0x8 c:/program files/ac6/systemworkbench/plugins/fr.ac6.mcu.externaltools.arm-none.win32_1.15.0.201708311556/tools/compiler/bin/../lib/gcc/arm-none-eabi/6.3.1/thumb/v7-m/crtn.o
                0x08003b3c                . = ALIGN (0x4)
                0x08003b3c                _etext = .

.vfp11_veneer   0x08003b3c        0x0
 .vfp11_veneer  0x08003b3c        0x0 linker stubs

.v4_bx          0x08003b3c        0x0
 .v4_bx         0x08003b3c        0x0 linker stubs

.iplt           0x08003b3c        0x0
 .iplt          0x08003b3c        0x0 c:/program files/ac6/systemworkbench/plugins/fr.ac6.mcu.externaltools.arm-none.win32_1.15.0.201708311556/tools/compiler/bin/../lib/gcc/arm-none-eabi/6.3.1/thumb/v7-m/crtbegin.o

.rodata         0x08003b3c       0xb8
                0x08003b3c                . = ALIGN (0x4)
 *(.rodata)
 .rodata        0x08003b3c       0x12 Drivers\STM32F1xx_HAL_Driver\Src\stm32f1xx_hal_rcc.o
 *fill*         0x08003b4e        0x2 
 .rodata        0x08003b50       0x18 Src\system_stm32f1xx.o
                0x08003b50                AHBPrescTable
                0x08003b60                APBPrescTable
 *(.rodata*)
 .rodata.str1.4
                0x08003b68        0xe Src\main.o
 *fill*         0x08003b76        0x2 
 .rodata.str1.4
                0x08003b78        0xf Src\usart.o
 *fill*         0x08003b87        0x1 
 .rodata.str1.4
                0x08003b88       0x13 Src\usbd_conf.o
 *fill*         0x08003b9b        0x1 
 .rodata.str1.4
                0x08003b9c       0x58 Src\usbd_desc.o
                                 0x56 (size before relaxing)
                0x08003bf4                . = ALIGN (0x4)

.rel.dyn        0x08003bf4        0x0
 .rel.iplt      0x08003bf4        0x0 c:/program files/ac6/systemworkbench/plugins/fr.ac6.mcu.externaltools.arm-none.win32_1.15.0.201708311556/tools/compiler/bin/../lib/gcc/arm-none-eabi/6.3.1/thumb/v7-m/crtbegin.o

.ARM.extab
 *(.ARM.extab* .gnu.linkonce.armextab.*)

.ARM            0x08003bf4        0x0
                0x08003bf4                __exidx_start = .
 *(.ARM.exidx*)
                0x08003bf4                __exidx_end = .

.preinit_array  0x08003bf4        0x0
                0x08003bf4                PROVIDE (__preinit_array_start, .)
 *(.preinit_array*)
                0x08003bf4                PROVIDE (__preinit_array_end, .)

.init_array     0x08003bf4        0x4
                0x08003bf4                PROVIDE (__init_array_start, .)
 *(SORT(.init_array.*))
 *(.init_array*)
 .init_array    0x08003bf4        0x4 c:/program files/ac6/systemworkbench/plugins/fr.ac6.mcu.externaltools.arm-none.win32_1.15.0.201708311556/tools/compiler/bin/../lib/gcc/arm-none-eabi/6.3.1/thumb/v7-m/crtbegin.o
                0x08003bf8                PROVIDE (__init_array_end, .)

.fini_array     0x08003bf8        0x4
                [!provide]                PROVIDE (__fini_array_start, .)
 *(SORT(.fini_array.*))
 *(.fini_array*)
 .fini_array    0x08003bf8        0x4 c:/program files/ac6/systemworkbench/plugins/fr.ac6.mcu.externaltools.arm-none.win32_1.15.0.201708311556/tools/compiler/bin/../lib/gcc/arm-none-eabi/6.3.1/thumb/v7-m/crtbegin.o
                [!provide]                PROVIDE (__fini_array_end, .)
                0x08003bfc                _sidata = LOADADDR (.data)

.data           0x20000000      0x164 load address 0x08003bfc
                0x20000000                . = ALIGN (0x4)
                0x20000000                _sdata = .
 *(.data)
 .data          0x20000000      0x110 Middlewares\ST\STM32_USB_Device_Library\Class\CDC\Src\usbd_cdc.o
                0x20000000                USBD_CDC_CfgFSDesc
                0x20000044                USBD_CDC_CfgHSDesc
                0x20000088                USBD_CDC_OtherSpeedCfgDesc
                0x200000d8                USBD_CDC
 .data          0x20000110        0x2 Src\main.o
                0x20000110                UARTblock
                0x20000111                USBblock
 *fill*         0x20000112        0x2 
 .data          0x20000114        0x4 Src\system_stm32f1xx.o
                0x20000114                SystemCoreClock
 .data          0x20000118       0x18 Src\usbd_cdc_if.o
                0x20000118                linecoding
                0x20000120                USBD_Interface_fops_FS
 .data          0x20000130       0x34 Src\usbd_desc.o
                0x20000130                USBD_FS_DeviceDesc
                0x20000144                USBD_LangIDDesc
                0x20000148                FS_Desc
 *(.data*)
                0x20000164                . = ALIGN (0x4)
                0x20000164                _edata = .

.jcr            0x20000164        0x0 load address 0x08003d60
 .jcr           0x20000164        0x0 c:/program files/ac6/systemworkbench/plugins/fr.ac6.mcu.externaltools.arm-none.win32_1.15.0.201708311556/tools/compiler/bin/../lib/gcc/arm-none-eabi/6.3.1/thumb/v7-m/crtbegin.o

.igot.plt       0x20000164        0x0 load address 0x08003d60
 .igot.plt      0x20000164        0x0 c:/program files/ac6/systemworkbench/plugins/fr.ac6.mcu.externaltools.arm-none.win32_1.15.0.201708311556/tools/compiler/bin/../lib/gcc/arm-none-eabi/6.3.1/thumb/v7-m/crtbegin.o
                0x20000164                . = ALIGN (0x4)

.bss            0x20000164      0xf5c load address 0x08003d60
                0x20000164                _sbss = .
                0x20000164                __bss_start__ = _sbss
 *(.bss)
 .bss           0x20000164       0x1c c:/program files/ac6/systemworkbench/plugins/fr.ac6.mcu.externaltools.arm-none.win32_1.15.0.201708311556/tools/compiler/bin/../lib/gcc/arm-none-eabi/6.3.1/thumb/v7-m/crtbegin.o
 .bss           0x20000180        0x1 Middlewares\ST\STM32_USB_Device_Library\Class\CDC\Src\usbd_cdc.o
 .bss           0x20000181        0x1 Middlewares\ST\STM32_USB_Device_Library\Core\Src\usbd_ctlreq.o
 *fill*         0x20000182        0x2 
 .bss           0x20000184        0x4 Src\stm32f1xx_it.o
 .bss           0x20000188        0x4 Src\usbd_cdc_if.o
 .bss           0x2000018c      0x220 Src\usbd_conf.o
 *(.bss*)
 *(COMMON)
 COMMON         0x200003ac        0x4 Drivers\STM32F1xx_HAL_Driver\Src\stm32f1xx_hal.o
                0x200003ac                uwTick
 COMMON         0x200003b0        0x9 Src\main.o
                0x200003b0                USB_TxBuff
                0x200003b4                ptr
                0x200003b8                UART_RxData
 *fill*         0x200003b9        0x3 
 COMMON         0x200003bc       0x40 Src\stm32f1xx_hal_timebase_TIM.o
                0x200003bc                htim1
 COMMON         0x200003fc       0x40 Src\usart.o
                0x200003fc                huart1
 COMMON         0x2000043c      0x224 Src\usb_device.o
                0x2000043c                hUsbDeviceFS
 COMMON         0x20000660      0x400 Src\usbd_cdc_if.o
                0x20000660                UserRxBufferFS
                0x20000860                UserTxBufferFS
 COMMON         0x20000a60      0x460 Src\usbd_conf.o
                0x20000a60                hpcd_USB_FS
 COMMON         0x20000ec0      0x200 Src\usbd_desc.o
                0x20000ec0                USBD_StrDesc
                0x200010c0                . = ALIGN (0x4)
                0x200010c0                _ebss = .
                0x200010c0                __bss_end__ = _ebss

._user_heap_stack
                0x200010c0     0x3000 load address 0x08003d60
                0x200010c0                . = ALIGN (0x8)
                [!provide]                PROVIDE (end, .)
                [!provide]                PROVIDE (_end, .)
                0x200020c0                . = (. + _Min_Heap_Size)
 *fill*         0x200010c0     0x1000 
                0x200040c0                . = (. + _Min_Stack_Size)
 *fill*         0x200020c0     0x2000 
                0x200040c0                . = ALIGN (0x8)

/DISCARD/
 libc.a(*)
 libm.a(*)
 libgcc.a(*)

.ARM.attributes
                0x00000000       0x29
 *(.ARM.attributes)
 .ARM.attributes
                0x00000000       0x1d c:/program files/ac6/systemworkbench/plugins/fr.ac6.mcu.externaltools.arm-none.win32_1.15.0.201708311556/tools/compiler/bin/../lib/gcc/arm-none-eabi/6.3.1/thumb/v7-m/crti.o
 .ARM.attributes
                0x0000001d       0x2d c:/program files/ac6/systemworkbench/plugins/fr.ac6.mcu.externaltools.arm-none.win32_1.15.0.201708311556/tools/compiler/bin/../lib/gcc/arm-none-eabi/6.3.1/thumb/v7-m/crtbegin.o
 .ARM.attributes
                0x0000004a       0x33 Drivers\STM32F1xx_HAL_Driver\Src\stm32f1xx_hal.o
 .ARM.attributes
                0x0000007d       0x33 Drivers\STM32F1xx_HAL_Driver\Src\stm32f1xx_hal_cortex.o
 .ARM.attributes
                0x000000b0       0x33 Drivers\STM32F1xx_HAL_Driver\Src\stm32f1xx_hal_dma.o
 .ARM.attributes
                0x000000e3       0x33 Drivers\STM32F1xx_HAL_Driver\Src\stm32f1xx_hal_gpio.o
 .ARM.attributes
                0x00000116       0x33 Drivers\STM32F1xx_HAL_Driver\Src\stm32f1xx_hal_pcd.o
 .ARM.attributes
                0x00000149       0x33 Drivers\STM32F1xx_HAL_Driver\Src\stm32f1xx_hal_pcd_ex.o
 .ARM.attributes
                0x0000017c       0x33 Drivers\STM32F1xx_HAL_Driver\Src\stm32f1xx_hal_rcc.o
 .ARM.attributes
                0x000001af       0x33 Drivers\STM32F1xx_HAL_Driver\Src\stm32f1xx_hal_rcc_ex.o
 .ARM.attributes
                0x000001e2       0x33 Drivers\STM32F1xx_HAL_Driver\Src\stm32f1xx_hal_tim.o
 .ARM.attributes
                0x00000215       0x33 Drivers\STM32F1xx_HAL_Driver\Src\stm32f1xx_hal_tim_ex.o
 .ARM.attributes
                0x00000248       0x33 Drivers\STM32F1xx_HAL_Driver\Src\stm32f1xx_hal_uart.o
 .ARM.attributes
                0x0000027b       0x33 Drivers\STM32F1xx_HAL_Driver\Src\stm32f1xx_ll_usb.o
 .ARM.attributes
                0x000002ae       0x33 Middlewares\ST\STM32_USB_Device_Library\Class\CDC\Src\usbd_cdc.o
 .ARM.attributes
                0x000002e1       0x33 Middlewares\ST\STM32_USB_Device_Library\Core\Src\usbd_core.o
 .ARM.attributes
                0x00000314       0x33 Middlewares\ST\STM32_USB_Device_Library\Core\Src\usbd_ctlreq.o
 .ARM.attributes
                0x00000347       0x33 Middlewares\ST\STM32_USB_Device_Library\Core\Src\usbd_ioreq.o
 .ARM.attributes
                0x0000037a       0x33 Src\gpio.o
 .ARM.attributes
                0x000003ad       0x33 Src\main.o
 .ARM.attributes
                0x000003e0       0x33 Src\stm32f1xx_hal_msp.o
 .ARM.attributes
                0x00000413       0x33 Src\stm32f1xx_hal_timebase_TIM.o
 .ARM.attributes
                0x00000446       0x33 Src\stm32f1xx_it.o
 .ARM.attributes
                0x00000479       0x33 Src\system_stm32f1xx.o
 .ARM.attributes
                0x000004ac       0x33 Src\usart.o
 .ARM.attributes
                0x000004df       0x33 Src\usb_device.o
 .ARM.attributes
                0x00000512       0x33 Src\usbd_cdc_if.o
 .ARM.attributes
                0x00000545       0x33 Src\usbd_conf.o
 .ARM.attributes
                0x00000578       0x33 Src\usbd_desc.o
 .ARM.attributes
                0x000005ab       0x21 startup\startup_stm32f103xb.o
 .ARM.attributes
                0x000005cc       0x2d c:/program files/ac6/systemworkbench/plugins/fr.ac6.mcu.externaltools.arm-none.win32_1.15.0.201708311556/tools/compiler/bin/../lib/gcc/arm-none-eabi/6.3.1/../../../../arm-none-eabi/lib/thumb/v7-m\libc_nano.a(lib_a-init.o)
 .ARM.attributes
                0x000005f9       0x1d c:/program files/ac6/systemworkbench/plugins/fr.ac6.mcu.externaltools.arm-none.win32_1.15.0.201708311556/tools/compiler/bin/../lib/gcc/arm-none-eabi/6.3.1/thumb/v7-m/crtn.o
OUTPUT(STM32F103.elf elf32-littlearm)

.debug_info     0x00000000    0x22ab9
 .debug_info    0x00000000      0xee6 Drivers\STM32F1xx_HAL_Driver\Src\stm32f1xx_hal.o
 .debug_info    0x00000ee6     0x147b Drivers\STM32F1xx_HAL_Driver\Src\stm32f1xx_hal_cortex.o
 .debug_info    0x00002361     0x1017 Drivers\STM32F1xx_HAL_Driver\Src\stm32f1xx_hal_dma.o
 .debug_info    0x00003378      0xe8b Drivers\STM32F1xx_HAL_Driver\Src\stm32f1xx_hal_gpio.o
 .debug_info    0x00004203     0x19d5 Drivers\STM32F1xx_HAL_Driver\Src\stm32f1xx_hal_pcd.o
 .debug_info    0x00005bd8      0xe12 Drivers\STM32F1xx_HAL_Driver\Src\stm32f1xx_hal_pcd_ex.o
 .debug_info    0x000069ea     0x1181 Drivers\STM32F1xx_HAL_Driver\Src\stm32f1xx_hal_rcc.o
 .debug_info    0x00007b6b      0xc6b Drivers\STM32F1xx_HAL_Driver\Src\stm32f1xx_hal_rcc_ex.o
 .debug_info    0x000087d6     0x3656 Drivers\STM32F1xx_HAL_Driver\Src\stm32f1xx_hal_tim.o
 .debug_info    0x0000be2c     0x1ad1 Drivers\STM32F1xx_HAL_Driver\Src\stm32f1xx_hal_tim_ex.o
 .debug_info    0x0000d8fd     0x1e7e Drivers\STM32F1xx_HAL_Driver\Src\stm32f1xx_hal_uart.o
 .debug_info    0x0000f77b     0x1731 Drivers\STM32F1xx_HAL_Driver\Src\stm32f1xx_ll_usb.o
 .debug_info    0x00010eac     0x158a Middlewares\ST\STM32_USB_Device_Library\Class\CDC\Src\usbd_cdc.o
 .debug_info    0x00012436     0x1490 Middlewares\ST\STM32_USB_Device_Library\Core\Src\usbd_core.o
 .debug_info    0x000138c6     0x1666 Middlewares\ST\STM32_USB_Device_Library\Core\Src\usbd_ctlreq.o
 .debug_info    0x00014f2c      0xfd9 Middlewares\ST\STM32_USB_Device_Library\Core\Src\usbd_ioreq.o
 .debug_info    0x00015f05      0xb87 Src\gpio.o
 .debug_info    0x00016a8c     0x1c01 Src\main.o
 .debug_info    0x0001868d      0xcbb Src\stm32f1xx_hal_msp.o
 .debug_info    0x00019348     0x11a5 Src\stm32f1xx_hal_timebase_TIM.o
 .debug_info    0x0001a4ed     0x15a1 Src\stm32f1xx_it.o
 .debug_info    0x0001ba8e      0xc1b Src\system_stm32f1xx.o
 .debug_info    0x0001c6a9     0x11c6 Src\usart.o
 .debug_info    0x0001d86f      0xe91 Src\usb_device.o
 .debug_info    0x0001e700     0x1585 Src\usbd_cdc_if.o
 .debug_info    0x0001fc85     0x2073 Src\usbd_conf.o
 .debug_info    0x00021cf8      0xd59 Src\usbd_desc.o
 .debug_info    0x00022a51       0x68 startup\startup_stm32f103xb.o

.debug_abbrev   0x00000000     0x499f
 .debug_abbrev  0x00000000      0x2e5 Drivers\STM32F1xx_HAL_Driver\Src\stm32f1xx_hal.o
 .debug_abbrev  0x000002e5      0x3cb Drivers\STM32F1xx_HAL_Driver\Src\stm32f1xx_hal_cortex.o
 .debug_abbrev  0x000006b0      0x2d4 Drivers\STM32F1xx_HAL_Driver\Src\stm32f1xx_hal_dma.o
 .debug_abbrev  0x00000984      0x2a5 Drivers\STM32F1xx_HAL_Driver\Src\stm32f1xx_hal_gpio.o
 .debug_abbrev  0x00000c29      0x355 Drivers\STM32F1xx_HAL_Driver\Src\stm32f1xx_hal_pcd.o
 .debug_abbrev  0x00000f7e      0x230 Drivers\STM32F1xx_HAL_Driver\Src\stm32f1xx_hal_pcd_ex.o
 .debug_abbrev  0x000011ae      0x320 Drivers\STM32F1xx_HAL_Driver\Src\stm32f1xx_hal_rcc.o
 .debug_abbrev  0x000014ce      0x2b2 Drivers\STM32F1xx_HAL_Driver\Src\stm32f1xx_hal_rcc_ex.o
 .debug_abbrev  0x00001780      0x2eb Drivers\STM32F1xx_HAL_Driver\Src\stm32f1xx_hal_tim.o
 .debug_abbrev  0x00001a6b      0x2dc Drivers\STM32F1xx_HAL_Driver\Src\stm32f1xx_hal_tim_ex.o
 .debug_abbrev  0x00001d47      0x306 Drivers\STM32F1xx_HAL_Driver\Src\stm32f1xx_hal_uart.o
 .debug_abbrev  0x0000204d      0x2c1 Drivers\STM32F1xx_HAL_Driver\Src\stm32f1xx_ll_usb.o
 .debug_abbrev  0x0000230e      0x312 Middlewares\ST\STM32_USB_Device_Library\Class\CDC\Src\usbd_cdc.o
 .debug_abbrev  0x00002620      0x2c6 Middlewares\ST\STM32_USB_Device_Library\Core\Src\usbd_core.o
 .debug_abbrev  0x000028e6      0x327 Middlewares\ST\STM32_USB_Device_Library\Core\Src\usbd_ctlreq.o
 .debug_abbrev  0x00002c0d      0x213 Middlewares\ST\STM32_USB_Device_Library\Core\Src\usbd_ioreq.o
 .debug_abbrev  0x00002e20      0x229 Src\gpio.o
 .debug_abbrev  0x00003049      0x2c6 Src\main.o
 .debug_abbrev  0x0000330f      0x232 Src\stm32f1xx_hal_msp.o
 .debug_abbrev  0x00003541      0x295 Src\stm32f1xx_hal_timebase_TIM.o
 .debug_abbrev  0x000037d6      0x261 Src\stm32f1xx_it.o
 .debug_abbrev  0x00003a37      0x226 Src\system_stm32f1xx.o
 .debug_abbrev  0x00003c5d      0x25f Src\usart.o
 .debug_abbrev  0x00003ebc      0x216 Src\usb_device.o
 .debug_abbrev  0x000040d2      0x32f Src\usbd_cdc_if.o
 .debug_abbrev  0x00004401      0x31a Src\usbd_conf.o
 .debug_abbrev  0x0000471b      0x272 Src\usbd_desc.o
 .debug_abbrev  0x0000498d       0x12 startup\startup_stm32f103xb.o

.debug_loc      0x00000000     0xb3e3
 .debug_loc     0x00000000       0x69 Drivers\STM32F1xx_HAL_Driver\Src\stm32f1xx_hal.o
 .debug_loc     0x00000069      0x5ad Drivers\STM32F1xx_HAL_Driver\Src\stm32f1xx_hal_cortex.o
 .debug_loc     0x00000616      0x71b Drivers\STM32F1xx_HAL_Driver\Src\stm32f1xx_hal_dma.o
 .debug_loc     0x00000d31      0x42d Drivers\STM32F1xx_HAL_Driver\Src\stm32f1xx_hal_gpio.o
 .debug_loc     0x0000115e      0x9fb Drivers\STM32F1xx_HAL_Driver\Src\stm32f1xx_hal_pcd.o
 .debug_loc     0x00001b59       0xf4 Drivers\STM32F1xx_HAL_Driver\Src\stm32f1xx_hal_pcd_ex.o
 .debug_loc     0x00001c4d      0x483 Drivers\STM32F1xx_HAL_Driver\Src\stm32f1xx_hal_rcc.o
 .debug_loc     0x000020d0      0x2dc Drivers\STM32F1xx_HAL_Driver\Src\stm32f1xx_hal_rcc_ex.o
 .debug_loc     0x000023ac     0x34d2 Drivers\STM32F1xx_HAL_Driver\Src\stm32f1xx_hal_tim.o
 .debug_loc     0x0000587e      0xec0 Drivers\STM32F1xx_HAL_Driver\Src\stm32f1xx_hal_tim_ex.o
 .debug_loc     0x0000673e     0x1515 Drivers\STM32F1xx_HAL_Driver\Src\stm32f1xx_hal_uart.o
 .debug_loc     0x00007c53      0xc18 Drivers\STM32F1xx_HAL_Driver\Src\stm32f1xx_ll_usb.o
 .debug_loc     0x0000886b      0x4b9 Middlewares\ST\STM32_USB_Device_Library\Class\CDC\Src\usbd_cdc.o
 .debug_loc     0x00008d24      0x71c Middlewares\ST\STM32_USB_Device_Library\Core\Src\usbd_core.o
 .debug_loc     0x00009440      0xb78 Middlewares\ST\STM32_USB_Device_Library\Core\Src\usbd_ctlreq.o
 .debug_loc     0x00009fb8      0x23c Middlewares\ST\STM32_USB_Device_Library\Core\Src\usbd_ioreq.o
 .debug_loc     0x0000a1f4       0x87 Src\main.o
 .debug_loc     0x0000a27b       0x79 Src\stm32f1xx_hal_timebase_TIM.o
 .debug_loc     0x0000a2f4       0xdf Src\system_stm32f1xx.o
 .debug_loc     0x0000a3d3       0x5b Src\usart.o
 .debug_loc     0x0000a42e      0x1ab Src\usbd_cdc_if.o
 .debug_loc     0x0000a5d9      0xb53 Src\usbd_conf.o
 .debug_loc     0x0000b12c      0x2b7 Src\usbd_desc.o

.debug_aranges  0x00000000     0x1138
 .debug_aranges
                0x00000000       0xb8 Drivers\STM32F1xx_HAL_Driver\Src\stm32f1xx_hal.o
 .debug_aranges
                0x000000b8       0x90 Drivers\STM32F1xx_HAL_Driver\Src\stm32f1xx_hal_cortex.o
 .debug_aranges
                0x00000148       0x80 Drivers\STM32F1xx_HAL_Driver\Src\stm32f1xx_hal_dma.o
 .debug_aranges
                0x000001c8       0x58 Drivers\STM32F1xx_HAL_Driver\Src\stm32f1xx_hal_gpio.o
 .debug_aranges
                0x00000220      0x120 Drivers\STM32F1xx_HAL_Driver\Src\stm32f1xx_hal_pcd.o
 .debug_aranges
                0x00000340       0x28 Drivers\STM32F1xx_HAL_Driver\Src\stm32f1xx_hal_pcd_ex.o
 .debug_aranges
                0x00000368       0x90 Drivers\STM32F1xx_HAL_Driver\Src\stm32f1xx_hal_rcc.o
 .debug_aranges
                0x000003f8       0x30 Drivers\STM32F1xx_HAL_Driver\Src\stm32f1xx_hal_rcc_ex.o
 .debug_aranges
                0x00000428      0x368 Drivers\STM32F1xx_HAL_Driver\Src\stm32f1xx_hal_tim.o
 .debug_aranges
                0x00000790      0x138 Drivers\STM32F1xx_HAL_Driver\Src\stm32f1xx_hal_tim_ex.o
 .debug_aranges
                0x000008c8      0x1d0 Drivers\STM32F1xx_HAL_Driver\Src\stm32f1xx_hal_uart.o
 .debug_aranges
                0x00000a98      0x100 Drivers\STM32F1xx_HAL_Driver\Src\stm32f1xx_ll_usb.o
 .debug_aranges
                0x00000b98       0x90 Middlewares\ST\STM32_USB_Device_Library\Class\CDC\Src\usbd_cdc.o
 .debug_aranges
                0x00000c28       0xb8 Middlewares\ST\STM32_USB_Device_Library\Core\Src\usbd_core.o
 .debug_aranges
                0x00000ce0       0x88 Middlewares\ST\STM32_USB_Device_Library\Core\Src\usbd_ctlreq.o
 .debug_aranges
                0x00000d68       0x50 Middlewares\ST\STM32_USB_Device_Library\Core\Src\usbd_ioreq.o
 .debug_aranges
                0x00000db8       0x20 Src\gpio.o
 .debug_aranges
                0x00000dd8       0x50 Src\main.o
 .debug_aranges
                0x00000e28       0x20 Src\stm32f1xx_hal_msp.o
 .debug_aranges
                0x00000e48       0x30 Src\stm32f1xx_hal_timebase_TIM.o
 .debug_aranges
                0x00000e78       0x78 Src\stm32f1xx_it.o
 .debug_aranges
                0x00000ef0       0x28 Src\system_stm32f1xx.o
 .debug_aranges
                0x00000f18       0x30 Src\usart.o
 .debug_aranges
                0x00000f48       0x20 Src\usb_device.o
 .debug_aranges
                0x00000f68       0x48 Src\usbd_cdc_if.o
 .debug_aranges
                0x00000fb0      0x110 Src\usbd_conf.o
 .debug_aranges
                0x000010c0       0x50 Src\usbd_desc.o
 .debug_aranges
                0x00001110       0x28 startup\startup_stm32f103xb.o

.debug_ranges   0x00000000     0x1150
 .debug_ranges  0x00000000       0xa8 Drivers\STM32F1xx_HAL_Driver\Src\stm32f1xx_hal.o
 .debug_ranges  0x000000a8       0xe0 Drivers\STM32F1xx_HAL_Driver\Src\stm32f1xx_hal_cortex.o
 .debug_ranges  0x00000188       0x70 Drivers\STM32F1xx_HAL_Driver\Src\stm32f1xx_hal_dma.o
 .debug_ranges  0x000001f8       0x48 Drivers\STM32F1xx_HAL_Driver\Src\stm32f1xx_hal_gpio.o
 .debug_ranges  0x00000240      0x140 Drivers\STM32F1xx_HAL_Driver\Src\stm32f1xx_hal_pcd.o
 .debug_ranges  0x00000380       0x18 Drivers\STM32F1xx_HAL_Driver\Src\stm32f1xx_hal_pcd_ex.o
 .debug_ranges  0x00000398       0xa0 Drivers\STM32F1xx_HAL_Driver\Src\stm32f1xx_hal_rcc.o
 .debug_ranges  0x00000438       0x38 Drivers\STM32F1xx_HAL_Driver\Src\stm32f1xx_hal_rcc_ex.o
 .debug_ranges  0x00000470      0x358 Drivers\STM32F1xx_HAL_Driver\Src\stm32f1xx_hal_tim.o
 .debug_ranges  0x000007c8      0x128 Drivers\STM32F1xx_HAL_Driver\Src\stm32f1xx_hal_tim_ex.o
 .debug_ranges  0x000008f0      0x1c0 Drivers\STM32F1xx_HAL_Driver\Src\stm32f1xx_hal_uart.o
 .debug_ranges  0x00000ab0      0x1e0 Drivers\STM32F1xx_HAL_Driver\Src\stm32f1xx_ll_usb.o
 .debug_ranges  0x00000c90       0x80 Middlewares\ST\STM32_USB_Device_Library\Class\CDC\Src\usbd_cdc.o
 .debug_ranges  0x00000d10       0xa8 Middlewares\ST\STM32_USB_Device_Library\Core\Src\usbd_core.o
 .debug_ranges  0x00000db8       0x78 Middlewares\ST\STM32_USB_Device_Library\Core\Src\usbd_ctlreq.o
 .debug_ranges  0x00000e30       0x40 Middlewares\ST\STM32_USB_Device_Library\Core\Src\usbd_ioreq.o
 .debug_ranges  0x00000e70       0x10 Src\gpio.o
 .debug_ranges  0x00000e80       0x40 Src\main.o
 .debug_ranges  0x00000ec0       0x10 Src\stm32f1xx_hal_msp.o
 .debug_ranges  0x00000ed0       0x20 Src\stm32f1xx_hal_timebase_TIM.o
 .debug_ranges  0x00000ef0       0x68 Src\stm32f1xx_it.o
 .debug_ranges  0x00000f58       0x18 Src\system_stm32f1xx.o
 .debug_ranges  0x00000f70       0x20 Src\usart.o
 .debug_ranges  0x00000f90       0x10 Src\usb_device.o
 .debug_ranges  0x00000fa0       0x50 Src\usbd_cdc_if.o
 .debug_ranges  0x00000ff0      0x100 Src\usbd_conf.o
 .debug_ranges  0x000010f0       0x40 Src\usbd_desc.o
 .debug_ranges  0x00001130       0x20 startup\startup_stm32f103xb.o

.debug_macro    0x00000000    0x18fed
 .debug_macro   0x00000000      0x32e Drivers\STM32F1xx_HAL_Driver\Src\stm32f1xx_hal.o
 .debug_macro   0x0000032e      0x8bc Drivers\STM32F1xx_HAL_Driver\Src\stm32f1xx_hal.o
 .debug_macro   0x00000bea       0x1c Drivers\STM32F1xx_HAL_Driver\Src\stm32f1xx_hal.o
 .debug_macro   0x00000c06      0x16f Drivers\STM32F1xx_HAL_Driver\Src\stm32f1xx_hal.o
 .debug_macro   0x00000d75       0x2e Drivers\STM32F1xx_HAL_Driver\Src\stm32f1xx_hal.o
 .debug_macro   0x00000da3       0x22 Drivers\STM32F1xx_HAL_Driver\Src\stm32f1xx_hal.o
 .debug_macro   0x00000dc5       0x22 Drivers\STM32F1xx_HAL_Driver\Src\stm32f1xx_hal.o
 .debug_macro   0x00000de7       0x87 Drivers\STM32F1xx_HAL_Driver\Src\stm32f1xx_hal.o
 .debug_macro   0x00000e6e       0x51 Drivers\STM32F1xx_HAL_Driver\Src\stm32f1xx_hal.o
 .debug_macro   0x00000ebf       0xef Drivers\STM32F1xx_HAL_Driver\Src\stm32f1xx_hal.o
 .debug_macro   0x00000fae       0x6a Drivers\STM32F1xx_HAL_Driver\Src\stm32f1xx_hal.o
 .debug_macro   0x00001018      0x1df Drivers\STM32F1xx_HAL_Driver\Src\stm32f1xx_hal.o
 .debug_macro   0x000011f7       0x34 Drivers\STM32F1xx_HAL_Driver\Src\stm32f1xx_hal.o
 .debug_macro   0x0000122b       0x34 Drivers\STM32F1xx_HAL_Driver\Src\stm32f1xx_hal.o
 .debug_macro   0x0000125f      0xb8e Drivers\STM32F1xx_HAL_Driver\Src\stm32f1xx_hal.o
 .debug_macro   0x00001ded     0xe90a Drivers\STM32F1xx_HAL_Driver\Src\stm32f1xx_hal.o
 .debug_macro   0x000106f7       0x43 Drivers\STM32F1xx_HAL_Driver\Src\stm32f1xx_hal.o
 .debug_macro   0x0001073a       0x58 Drivers\STM32F1xx_HAL_Driver\Src\stm32f1xx_hal.o
 .debug_macro   0x00010792       0x35 Drivers\STM32F1xx_HAL_Driver\Src\stm32f1xx_hal.o
 .debug_macro   0x000107c7       0x9c Drivers\STM32F1xx_HAL_Driver\Src\stm32f1xx_hal.o
 .debug_macro   0x00010863       0x16 Drivers\STM32F1xx_HAL_Driver\Src\stm32f1xx_hal.o
 .debug_macro   0x00010879       0x97 Drivers\STM32F1xx_HAL_Driver\Src\stm32f1xx_hal.o
 .debug_macro   0x00010910      0x330 Drivers\STM32F1xx_HAL_Driver\Src\stm32f1xx_hal.o
 .debug_macro   0x00010c40       0xfd Drivers\STM32F1xx_HAL_Driver\Src\stm32f1xx_hal.o
 .debug_macro   0x00010d3d       0x10 Drivers\STM32F1xx_HAL_Driver\Src\stm32f1xx_hal.o
 .debug_macro   0x00010d4d       0x58 Drivers\STM32F1xx_HAL_Driver\Src\stm32f1xx_hal.o
 .debug_macro   0x00010da5       0x1f Drivers\STM32F1xx_HAL_Driver\Src\stm32f1xx_hal.o
 .debug_macro   0x00010dc4       0x43 Drivers\STM32F1xx_HAL_Driver\Src\stm32f1xx_hal.o
 .debug_macro   0x00010e07       0x20 Drivers\STM32F1xx_HAL_Driver\Src\stm32f1xx_hal.o
 .debug_macro   0x00010e27      0x187 Drivers\STM32F1xx_HAL_Driver\Src\stm32f1xx_hal.o
 .debug_macro   0x00010fae       0x10 Drivers\STM32F1xx_HAL_Driver\Src\stm32f1xx_hal.o
 .debug_macro   0x00010fbe       0x1c Drivers\STM32F1xx_HAL_Driver\Src\stm32f1xx_hal.o
 .debug_macro   0x00010fda       0x52 Drivers\STM32F1xx_HAL_Driver\Src\stm32f1xx_hal.o
 .debug_macro   0x0001102c       0x40 Drivers\STM32F1xx_HAL_Driver\Src\stm32f1xx_hal.o
 .debug_macro   0x0001106c       0x10 Drivers\STM32F1xx_HAL_Driver\Src\stm32f1xx_hal.o
 .debug_macro   0x0001107c       0x40 Drivers\STM32F1xx_HAL_Driver\Src\stm32f1xx_hal.o
 .debug_macro   0x000110bc       0xd7 Drivers\STM32F1xx_HAL_Driver\Src\stm32f1xx_hal.o
 .debug_macro   0x00011193       0x16 Drivers\STM32F1xx_HAL_Driver\Src\stm32f1xx_hal.o
 .debug_macro   0x000111a9      0x18b Drivers\STM32F1xx_HAL_Driver\Src\stm32f1xx_hal.o
 .debug_macro   0x00011334       0x50 Drivers\STM32F1xx_HAL_Driver\Src\stm32f1xx_hal.o
 .debug_macro   0x00011384      0x5c2 Drivers\STM32F1xx_HAL_Driver\Src\stm32f1xx_hal.o
 .debug_macro   0x00011946      0x28b Drivers\STM32F1xx_HAL_Driver\Src\stm32f1xx_hal.o
 .debug_macro   0x00011bd1      0x1cb Drivers\STM32F1xx_HAL_Driver\Src\stm32f1xx_hal.o
 .debug_macro   0x00011d9c      0x11e Drivers\STM32F1xx_HAL_Driver\Src\stm32f1xx_hal.o
 .debug_macro   0x00011eba      0x197 Drivers\STM32F1xx_HAL_Driver\Src\stm32f1xx_hal.o
 .debug_macro   0x00012051       0x27 Drivers\STM32F1xx_HAL_Driver\Src\stm32f1xx_hal.o
 .debug_macro   0x00012078      0x1bc Drivers\STM32F1xx_HAL_Driver\Src\stm32f1xx_hal.o
 .debug_macro   0x00012234       0x34 Drivers\STM32F1xx_HAL_Driver\Src\stm32f1xx_hal.o
 .debug_macro   0x00012268       0x3c Drivers\STM32F1xx_HAL_Driver\Src\stm32f1xx_hal.o
 .debug_macro   0x000122a4       0x57 Drivers\STM32F1xx_HAL_Driver\Src\stm32f1xx_hal.o
 .debug_macro   0x000122fb       0x8c Drivers\STM32F1xx_HAL_Driver\Src\stm32f1xx_hal.o
 .debug_macro   0x00012387      0x242 Drivers\STM32F1xx_HAL_Driver\Src\stm32f1xx_hal.o
 .debug_macro   0x000125c9      0x143 Drivers\STM32F1xx_HAL_Driver\Src\stm32f1xx_hal.o
 .debug_macro   0x0001270c      0x84c Drivers\STM32F1xx_HAL_Driver\Src\stm32f1xx_hal.o
 .debug_macro   0x00012f58       0x1f Drivers\STM32F1xx_HAL_Driver\Src\stm32f1xx_hal.o
 .debug_macro   0x00012f77      0x26b Drivers\STM32F1xx_HAL_Driver\Src\stm32f1xx_hal.o
 .debug_macro   0x000131e2       0x50 Drivers\STM32F1xx_HAL_Driver\Src\stm32f1xx_hal.o
 .debug_macro   0x00013232      0x26c Drivers\STM32F1xx_HAL_Driver\Src\stm32f1xx_hal.o
 .debug_macro   0x0001349e       0x7c Drivers\STM32F1xx_HAL_Driver\Src\stm32f1xx_hal.o
 .debug_macro   0x0001351a      0x30a Drivers\STM32F1xx_HAL_Driver\Src\stm32f1xx_hal_cortex.o
 .debug_macro   0x00013824      0x30a Drivers\STM32F1xx_HAL_Driver\Src\stm32f1xx_hal_dma.o
 .debug_macro   0x00013b2e      0x37a Drivers\STM32F1xx_HAL_Driver\Src\stm32f1xx_hal_gpio.o
 .debug_macro   0x00013ea8      0x316 Drivers\STM32F1xx_HAL_Driver\Src\stm32f1xx_hal_pcd.o
 .debug_macro   0x000141be      0x30a Drivers\STM32F1xx_HAL_Driver\Src\stm32f1xx_hal_pcd_ex.o
 .debug_macro   0x000144c8      0x31c Drivers\STM32F1xx_HAL_Driver\Src\stm32f1xx_hal_rcc.o
 .debug_macro   0x000147e4      0x30a Drivers\STM32F1xx_HAL_Driver\Src\stm32f1xx_hal_rcc_ex.o
 .debug_macro   0x00014aee      0x30b Drivers\STM32F1xx_HAL_Driver\Src\stm32f1xx_hal_tim.o
 .debug_macro   0x00014df9      0x30a Drivers\STM32F1xx_HAL_Driver\Src\stm32f1xx_hal_tim_ex.o
 .debug_macro   0x00015103      0x30b Drivers\STM32F1xx_HAL_Driver\Src\stm32f1xx_hal_uart.o
 .debug_macro   0x0001540e      0x30a Drivers\STM32F1xx_HAL_Driver\Src\stm32f1xx_ll_usb.o
 .debug_macro   0x00015718      0x3c0 Middlewares\ST\STM32_USB_Device_Library\Class\CDC\Src\usbd_cdc.o
 .debug_macro   0x00015ad8       0x52 Middlewares\ST\STM32_USB_Device_Library\Class\CDC\Src\usbd_cdc.o
 .debug_macro   0x00015b2a       0x8d Middlewares\ST\STM32_USB_Device_Library\Class\CDC\Src\usbd_cdc.o
 .debug_macro   0x00015bb7       0x57 Middlewares\ST\STM32_USB_Device_Library\Class\CDC\Src\usbd_cdc.o
 .debug_macro   0x00015c0e       0x16 Middlewares\ST\STM32_USB_Device_Library\Class\CDC\Src\usbd_cdc.o
 .debug_macro   0x00015c24       0x35 Middlewares\ST\STM32_USB_Device_Library\Class\CDC\Src\usbd_cdc.o
 .debug_macro   0x00015c59       0x16 Middlewares\ST\STM32_USB_Device_Library\Class\CDC\Src\usbd_cdc.o
 .debug_macro   0x00015c6f       0x29 Middlewares\ST\STM32_USB_Device_Library\Class\CDC\Src\usbd_cdc.o
 .debug_macro   0x00015c98       0x16 Middlewares\ST\STM32_USB_Device_Library\Class\CDC\Src\usbd_cdc.o
 .debug_macro   0x00015cae       0x65 Middlewares\ST\STM32_USB_Device_Library\Class\CDC\Src\usbd_cdc.o
 .debug_macro   0x00015d13      0x1c3 Middlewares\ST\STM32_USB_Device_Library\Class\CDC\Src\usbd_cdc.o
 .debug_macro   0x00015ed6       0x83 Middlewares\ST\STM32_USB_Device_Library\Class\CDC\Src\usbd_cdc.o
 .debug_macro   0x00015f59      0x3a7 Middlewares\ST\STM32_USB_Device_Library\Core\Src\usbd_core.o
 .debug_macro   0x00016300      0x3a7 Middlewares\ST\STM32_USB_Device_Library\Core\Src\usbd_ctlreq.o
 .debug_macro   0x000166a7      0x3a3 Middlewares\ST\STM32_USB_Device_Library\Core\Src\usbd_ioreq.o
 .debug_macro   0x00016a4a      0x314 Src\gpio.o
 .debug_macro   0x00016d5e      0x3e8 Src\main.o
 .debug_macro   0x00017146      0x30a Src\stm32f1xx_hal_msp.o
 .debug_macro   0x00017450      0x30a Src\stm32f1xx_hal_timebase_TIM.o
 .debug_macro   0x0001775a      0x314 Src\stm32f1xx_it.o
 .debug_macro   0x00017a6e      0x310 Src\system_stm32f1xx.o
 .debug_macro   0x00017d7e      0x31e Src\usart.o
 .debug_macro   0x0001809c      0x3de Src\usb_device.o
 .debug_macro   0x0001847a      0x3d2 Src\usbd_cdc_if.o
 .debug_macro   0x0001884c      0x3c0 Src\usbd_conf.o
 .debug_macro   0x00018c0c      0x3e1 Src\usbd_desc.o

.debug_line     0x00000000    0x102a1
 .debug_line    0x00000000      0x856 Drivers\STM32F1xx_HAL_Driver\Src\stm32f1xx_hal.o
 .debug_line    0x00000856      0x898 Drivers\STM32F1xx_HAL_Driver\Src\stm32f1xx_hal_cortex.o
 .debug_line    0x000010ee      0xa58 Drivers\STM32F1xx_HAL_Driver\Src\stm32f1xx_hal_dma.o
 .debug_line    0x00001b46      0x89a Drivers\STM32F1xx_HAL_Driver\Src\stm32f1xx_hal_gpio.o
 .debug_line    0x000023e0      0xbae Drivers\STM32F1xx_HAL_Driver\Src\stm32f1xx_hal_pcd.o
 .debug_line    0x00002f8e      0x71d Drivers\STM32F1xx_HAL_Driver\Src\stm32f1xx_hal_pcd_ex.o
 .debug_line    0x000036ab      0x98d Drivers\STM32F1xx_HAL_Driver\Src\stm32f1xx_hal_rcc.o
 .debug_line    0x00004038      0x7a7 Drivers\STM32F1xx_HAL_Driver\Src\stm32f1xx_hal_rcc_ex.o
 .debug_line    0x000047df     0x16a3 Drivers\STM32F1xx_HAL_Driver\Src\stm32f1xx_hal_tim.o
 .debug_line    0x00005e82      0xc78 Drivers\STM32F1xx_HAL_Driver\Src\stm32f1xx_hal_tim_ex.o
 .debug_line    0x00006afa      0xfca Drivers\STM32F1xx_HAL_Driver\Src\stm32f1xx_hal_uart.o
 .debug_line    0x00007ac4      0xb18 Drivers\STM32F1xx_HAL_Driver\Src\stm32f1xx_ll_usb.o
 .debug_line    0x000085dc      0x99b Middlewares\ST\STM32_USB_Device_Library\Class\CDC\Src\usbd_cdc.o
 .debug_line    0x00008f77      0x9ba Middlewares\ST\STM32_USB_Device_Library\Core\Src\usbd_core.o
 .debug_line    0x00009931      0x9cf Middlewares\ST\STM32_USB_Device_Library\Core\Src\usbd_ctlreq.o
 .debug_line    0x0000a300      0x845 Middlewares\ST\STM32_USB_Device_Library\Core\Src\usbd_ioreq.o
 .debug_line    0x0000ab45      0x6e5 Src\gpio.o
 .debug_line    0x0000b22a      0x8b6 Src\main.o
 .debug_line    0x0000bae0      0x6e9 Src\stm32f1xx_hal_msp.o
 .debug_line    0x0000c1c9      0x719 Src\stm32f1xx_hal_timebase_TIM.o
 .debug_line    0x0000c8e2      0x7a5 Src\stm32f1xx_it.o
 .debug_line    0x0000d087      0x71d Src\system_stm32f1xx.o
 .debug_line    0x0000d7a4      0x727 Src\usart.o
 .debug_line    0x0000decb      0x81c Src\usb_device.o
 .debug_line    0x0000e6e7      0x896 Src\usbd_cdc_if.o
 .debug_line    0x0000ef7d      0xa79 Src\usbd_conf.o
 .debug_line    0x0000f9f6      0x82e Src\usbd_desc.o
 .debug_line    0x00010224       0x7d startup\startup_stm32f103xb.o

.debug_str      0x00000000    0x75b07
 .debug_str     0x00000000    0x70a69 Drivers\STM32F1xx_HAL_Driver\Src\stm32f1xx_hal.o
                              0x70e35 (size before relaxing)
 .debug_str     0x00070a69      0x2e1 Drivers\STM32F1xx_HAL_Driver\Src\stm32f1xx_hal_cortex.o
                              0x70e40 (size before relaxing)
 .debug_str     0x00070d4a      0x3f0 Drivers\STM32F1xx_HAL_Driver\Src\stm32f1xx_hal_dma.o
                              0x70ba4 (size before relaxing)
 .debug_str     0x0007113a      0x39e Drivers\STM32F1xx_HAL_Driver\Src\stm32f1xx_hal_gpio.o
                              0x70b87 (size before relaxing)
 .debug_str     0x000714d8      0x7db Drivers\STM32F1xx_HAL_Driver\Src\stm32f1xx_hal_pcd.o
                              0x70ff5 (size before relaxing)
 .debug_str     0x00071cb3       0x57 Drivers\STM32F1xx_HAL_Driver\Src\stm32f1xx_hal_pcd_ex.o
                              0x70ad2 (size before relaxing)
 .debug_str     0x00071d0a      0x368 Drivers\STM32F1xx_HAL_Driver\Src\stm32f1xx_hal_rcc.o
                              0x70bdc (size before relaxing)
 .debug_str     0x00072072      0x12b Drivers\STM32F1xx_HAL_Driver\Src\stm32f1xx_hal_rcc_ex.o
                              0x70968 (size before relaxing)
 .debug_str     0x0007219d      0xf05 Drivers\STM32F1xx_HAL_Driver\Src\stm32f1xx_hal_tim.o
                              0x718dc (size before relaxing)
 .debug_str     0x000730a2      0x4f1 Drivers\STM32F1xx_HAL_Driver\Src\stm32f1xx_hal_tim_ex.o
                              0x7117e (size before relaxing)
 .debug_str     0x00073593      0x6d6 Drivers\STM32F1xx_HAL_Driver\Src\stm32f1xx_hal_uart.o
                              0x710f5 (size before relaxing)
 .debug_str     0x00073c69      0x14f Drivers\STM32F1xx_HAL_Driver\Src\stm32f1xx_ll_usb.o
                              0x70ca5 (size before relaxing)
 .debug_str     0x00073db8     0x1296 Middlewares\ST\STM32_USB_Device_Library\Class\CDC\Src\usbd_cdc.o
                              0x71b1b (size before relaxing)
 .debug_str     0x0007504e      0x294 Middlewares\ST\STM32_USB_Device_Library\Core\Src\usbd_core.o
                              0x717dc (size before relaxing)
 .debug_str     0x000752e2      0x12e Middlewares\ST\STM32_USB_Device_Library\Core\Src\usbd_ctlreq.o
                              0x716f6 (size before relaxing)
 .debug_str     0x00075410       0x51 Middlewares\ST\STM32_USB_Device_Library\Core\Src\usbd_ioreq.o
                              0x71623 (size before relaxing)
 .debug_str     0x00075461       0x35 Src\gpio.o
                              0x70829 (size before relaxing)
 .debug_str     0x00075496      0x113 Src\main.o
                              0x72476 (size before relaxing)
 .debug_str     0x000755a9       0x1b Src\stm32f1xx_hal_msp.o
                              0x70ac8 (size before relaxing)
 .debug_str     0x000755c4       0x61 Src\stm32f1xx_hal_timebase_TIM.o
                              0x70fa1 (size before relaxing)
 .debug_str     0x00075625       0xdb Src\stm32f1xx_it.o
                              0x710c7 (size before relaxing)
 .debug_str     0x00075700       0x69 Src\system_stm32f1xx.o
                              0x70832 (size before relaxing)
 .debug_str     0x00075769       0x1a Src\usart.o
                              0x70f15 (size before relaxing)
 .debug_str     0x00075783       0x14 Src\usb_device.o
                              0x7188e (size before relaxing)
 .debug_str     0x00075797       0xfe Src\usbd_cdc_if.o
                              0x71da6 (size before relaxing)
 .debug_str     0x00075895       0x51 Src\usbd_conf.o
                              0x7235c (size before relaxing)
 .debug_str     0x000758e6      0x221 Src\usbd_desc.o
                              0x714bc (size before relaxing)

.comment        0x00000000       0x7f
 .comment       0x00000000       0x7f Drivers\STM32F1xx_HAL_Driver\Src\stm32f1xx_hal.o
                                 0x80 (size before relaxing)
 .comment       0x0000007f       0x80 Drivers\STM32F1xx_HAL_Driver\Src\stm32f1xx_hal_cortex.o
 .comment       0x0000007f       0x80 Drivers\STM32F1xx_HAL_Driver\Src\stm32f1xx_hal_dma.o
 .comment       0x0000007f       0x80 Drivers\STM32F1xx_HAL_Driver\Src\stm32f1xx_hal_gpio.o
 .comment       0x0000007f       0x80 Drivers\STM32F1xx_HAL_Driver\Src\stm32f1xx_hal_pcd.o
 .comment       0x0000007f       0x80 Drivers\STM32F1xx_HAL_Driver\Src\stm32f1xx_hal_pcd_ex.o
 .comment       0x0000007f       0x80 Drivers\STM32F1xx_HAL_Driver\Src\stm32f1xx_hal_rcc.o
 .comment       0x0000007f       0x80 Drivers\STM32F1xx_HAL_Driver\Src\stm32f1xx_hal_rcc_ex.o
 .comment       0x0000007f       0x80 Drivers\STM32F1xx_HAL_Driver\Src\stm32f1xx_hal_tim.o
 .comment       0x0000007f       0x80 Drivers\STM32F1xx_HAL_Driver\Src\stm32f1xx_hal_tim_ex.o
 .comment       0x0000007f       0x80 Drivers\STM32F1xx_HAL_Driver\Src\stm32f1xx_hal_uart.o
 .comment       0x0000007f       0x80 Drivers\STM32F1xx_HAL_Driver\Src\stm32f1xx_ll_usb.o
 .comment       0x0000007f       0x80 Middlewares\ST\STM32_USB_Device_Library\Class\CDC\Src\usbd_cdc.o
 .comment       0x0000007f       0x80 Middlewares\ST\STM32_USB_Device_Library\Core\Src\usbd_core.o
 .comment       0x0000007f       0x80 Middlewares\ST\STM32_USB_Device_Library\Core\Src\usbd_ctlreq.o
 .comment       0x0000007f       0x80 Middlewares\ST\STM32_USB_Device_Library\Core\Src\usbd_ioreq.o
 .comment       0x0000007f       0x80 Src\gpio.o
 .comment       0x0000007f       0x80 Src\main.o
 .comment       0x0000007f       0x80 Src\stm32f1xx_hal_msp.o
 .comment       0x0000007f       0x80 Src\stm32f1xx_hal_timebase_TIM.o
 .comment       0x0000007f       0x80 Src\stm32f1xx_it.o
 .comment       0x0000007f       0x80 Src\system_stm32f1xx.o
 .comment       0x0000007f       0x80 Src\usart.o
 .comment       0x0000007f       0x80 Src\usb_device.o
 .comment       0x0000007f       0x80 Src\usbd_cdc_if.o
 .comment       0x0000007f       0x80 Src\usbd_conf.o
 .comment       0x0000007f       0x80 Src\usbd_desc.o

.debug_frame    0x00000000     0x2ab4
 .debug_frame   0x00000000      0x178 Drivers\STM32F1xx_HAL_Driver\Src\stm32f1xx_hal.o
 .debug_frame   0x00000178      0x12c Drivers\STM32F1xx_HAL_Driver\Src\stm32f1xx_hal_cortex.o
 .debug_frame   0x000002a4      0x148 Drivers\STM32F1xx_HAL_Driver\Src\stm32f1xx_hal_dma.o
 .debug_frame   0x000003ec       0xe4 Drivers\STM32F1xx_HAL_Driver\Src\stm32f1xx_hal_gpio.o
 .debug_frame   0x000004d0      0x2e8 Drivers\STM32F1xx_HAL_Driver\Src\stm32f1xx_hal_pcd.o
 .debug_frame   0x000007b8       0x30 Drivers\STM32F1xx_HAL_Driver\Src\stm32f1xx_hal_pcd_ex.o
 .debug_frame   0x000007e8      0x164 Drivers\STM32F1xx_HAL_Driver\Src\stm32f1xx_hal_rcc.o
 .debug_frame   0x0000094c       0x6c Drivers\STM32F1xx_HAL_Driver\Src\stm32f1xx_hal_rcc_ex.o
 .debug_frame   0x000009b8      0x9e0 Drivers\STM32F1xx_HAL_Driver\Src\stm32f1xx_hal_tim.o
 .debug_frame   0x00001398      0x374 Drivers\STM32F1xx_HAL_Driver\Src\stm32f1xx_hal_tim_ex.o
 .debug_frame   0x0000170c      0x4e8 Drivers\STM32F1xx_HAL_Driver\Src\stm32f1xx_hal_uart.o
 .debug_frame   0x00001bf4      0x23c Drivers\STM32F1xx_HAL_Driver\Src\stm32f1xx_ll_usb.o
 .debug_frame   0x00001e30      0x14c Middlewares\ST\STM32_USB_Device_Library\Class\CDC\Src\usbd_cdc.o
 .debug_frame   0x00001f7c      0x1bc Middlewares\ST\STM32_USB_Device_Library\Core\Src\usbd_core.o
 .debug_frame   0x00002138      0x178 Middlewares\ST\STM32_USB_Device_Library\Core\Src\usbd_ctlreq.o
 .debug_frame   0x000022b0       0xb8 Middlewares\ST\STM32_USB_Device_Library\Core\Src\usbd_ioreq.o
 .debug_frame   0x00002368       0x30 Src\gpio.o
 .debug_frame   0x00002398       0xa8 Src\main.o
 .debug_frame   0x00002440       0x2c Src\stm32f1xx_hal_msp.o
 .debug_frame   0x0000246c       0x50 Src\stm32f1xx_hal_timebase_TIM.o
 .debug_frame   0x000024bc       0xf8 Src\stm32f1xx_it.o
 .debug_frame   0x000025b4       0x30 Src\system_stm32f1xx.o
 .debug_frame   0x000025e4       0x60 Src\usart.o
 .debug_frame   0x00002644       0x28 Src\usb_device.o
 .debug_frame   0x0000266c       0x98 Src\usbd_cdc_if.o
 .debug_frame   0x00002704      0x2dc Src\usbd_conf.o
 .debug_frame   0x000029e0       0xa8 Src\usbd_desc.o
 .debug_frame   0x00002a88       0x2c c:/program files/ac6/systemworkbench/plugins/fr.ac6.mcu.externaltools.arm-none.win32_1.15.0.201708311556/tools/compiler/bin/../lib/gcc/arm-none-eabi/6.3.1/../../../../arm-none-eabi/lib/thumb/v7-m\libc_nano.a(lib_a-init.o)
