Archive member included to satisfy reference by file (symbol)

c:/program files/ac6/systemworkbench/plugins/fr.ac6.mcu.externaltools.arm-none.win32_1.15.0.201708311556/tools/compiler/bin/../lib/gcc/arm-none-eabi/6.3.1/../../../../arm-none-eabi/lib/thumb/v7-m\libc_nano.a(lib_a-exit.o)
                              c:/program files/ac6/systemworkbench/plugins/fr.ac6.mcu.externaltools.arm-none.win32_1.15.0.201708311556/tools/compiler/bin/../lib/gcc/arm-none-eabi/6.3.1/../../../../arm-none-eabi/lib/thumb/v7-m/crt0.o (exit)
c:/program files/ac6/systemworkbench/plugins/fr.ac6.mcu.externaltools.arm-none.win32_1.15.0.201708311556/tools/compiler/bin/../lib/gcc/arm-none-eabi/6.3.1/../../../../arm-none-eabi/lib/thumb/v7-m\libc_nano.a(lib_a-impure.o)
                              c:/program files/ac6/systemworkbench/plugins/fr.ac6.mcu.externaltools.arm-none.win32_1.15.0.201708311556/tools/compiler/bin/../lib/gcc/arm-none-eabi/6.3.1/../../../../arm-none-eabi/lib/thumb/v7-m\libc_nano.a(lib_a-exit.o) (_global_impure_ptr)
c:/program files/ac6/systemworkbench/plugins/fr.ac6.mcu.externaltools.arm-none.win32_1.15.0.201708311556/tools/compiler/bin/../lib/gcc/arm-none-eabi/6.3.1/../../../../arm-none-eabi/lib/thumb/v7-m\libc_nano.a(lib_a-init.o)
                              c:/program files/ac6/systemworkbench/plugins/fr.ac6.mcu.externaltools.arm-none.win32_1.15.0.201708311556/tools/compiler/bin/../lib/gcc/arm-none-eabi/6.3.1/../../../../arm-none-eabi/lib/thumb/v7-m/crt0.o (__libc_init_array)
c:/program files/ac6/systemworkbench/plugins/fr.ac6.mcu.externaltools.arm-none.win32_1.15.0.201708311556/tools/compiler/bin/../lib/gcc/arm-none-eabi/6.3.1/../../../../arm-none-eabi/lib/thumb/v7-m\libc_nano.a(lib_a-memset.o)
                              c:/program files/ac6/systemworkbench/plugins/fr.ac6.mcu.externaltools.arm-none.win32_1.15.0.201708311556/tools/compiler/bin/../lib/gcc/arm-none-eabi/6.3.1/../../../../arm-none-eabi/lib/thumb/v7-m/crt0.o (memset)
c:/program files/ac6/systemworkbench/plugins/fr.ac6.mcu.externaltools.arm-none.win32_1.15.0.201708311556/tools/compiler/bin/../lib/gcc/arm-none-eabi/6.3.1/../../../../arm-none-eabi/lib/thumb/v7-m\libnosys.a(_exit.o)
                              c:/program files/ac6/systemworkbench/plugins/fr.ac6.mcu.externaltools.arm-none.win32_1.15.0.201708311556/tools/compiler/bin/../lib/gcc/arm-none-eabi/6.3.1/../../../../arm-none-eabi/lib/thumb/v7-m\libc_nano.a(lib_a-exit.o) (_exit)

Allocating common symbols
Common symbol       size              file

hUsbDeviceFS        0x224             Src\usb_device.o
uwTick              0x4               Drivers\STM32F1xx_HAL_Driver\Src\stm32f1xx_hal.o
pFlash              0x20              Drivers\STM32F1xx_HAL_Driver\Src\stm32f1xx_hal_flash.o
UserRxBufferFS      0x800             Src\usbd_cdc_if.o
UserTxBufferFS      0x800             Src\usbd_cdc_if.o
htim1               0x40              Src\stm32f1xx_hal_timebase_TIM.o
hpcd_USB_FS         0x460             Src\usbd_conf.o
USBD_StrDesc        0x200             Src\usbd_desc.o

Discarded input sections

 .text          0x00000000        0x0 c:/program files/ac6/systemworkbench/plugins/fr.ac6.mcu.externaltools.arm-none.win32_1.15.0.201708311556/tools/compiler/bin/../lib/gcc/arm-none-eabi/6.3.1/thumb/v7-m/crti.o
 .data          0x00000000        0x0 c:/program files/ac6/systemworkbench/plugins/fr.ac6.mcu.externaltools.arm-none.win32_1.15.0.201708311556/tools/compiler/bin/../lib/gcc/arm-none-eabi/6.3.1/thumb/v7-m/crti.o
 .bss           0x00000000        0x0 c:/program files/ac6/systemworkbench/plugins/fr.ac6.mcu.externaltools.arm-none.win32_1.15.0.201708311556/tools/compiler/bin/../lib/gcc/arm-none-eabi/6.3.1/thumb/v7-m/crti.o
 .data          0x00000000        0x4 c:/program files/ac6/systemworkbench/plugins/fr.ac6.mcu.externaltools.arm-none.win32_1.15.0.201708311556/tools/compiler/bin/../lib/gcc/arm-none-eabi/6.3.1/thumb/v7-m/crtbegin.o
 .text          0x00000000       0x74 c:/program files/ac6/systemworkbench/plugins/fr.ac6.mcu.externaltools.arm-none.win32_1.15.0.201708311556/tools/compiler/bin/../lib/gcc/arm-none-eabi/6.3.1/../../../../arm-none-eabi/lib/thumb/v7-m/crt0.o
 .data          0x00000000        0x0 c:/program files/ac6/systemworkbench/plugins/fr.ac6.mcu.externaltools.arm-none.win32_1.15.0.201708311556/tools/compiler/bin/../lib/gcc/arm-none-eabi/6.3.1/../../../../arm-none-eabi/lib/thumb/v7-m/crt0.o
 .bss           0x00000000        0x0 c:/program files/ac6/systemworkbench/plugins/fr.ac6.mcu.externaltools.arm-none.win32_1.15.0.201708311556/tools/compiler/bin/../lib/gcc/arm-none-eabi/6.3.1/../../../../arm-none-eabi/lib/thumb/v7-m/crt0.o
 .ARM.extab     0x00000000        0x0 c:/program files/ac6/systemworkbench/plugins/fr.ac6.mcu.externaltools.arm-none.win32_1.15.0.201708311556/tools/compiler/bin/../lib/gcc/arm-none-eabi/6.3.1/../../../../arm-none-eabi/lib/thumb/v7-m/crt0.o
[...]
Memory Configuration

Name             Origin             Length             Attributes
RAM              0x20000000         0x00005000         xrw
FLASH            0x08000000         0x00010000         xr
*default*        0x00000000         0xffffffff

Linker script and memory map

LOAD c:/program files/ac6/systemworkbench/plugins/fr.ac6.mcu.externaltools.arm-none.win32_1.15.0.201708311556/tools/compiler/bin/../lib/gcc/arm-none-eabi/6.3.1/thumb/v7-m/crti.o
LOAD c:/program files/ac6/systemworkbench/plugins/fr.ac6.mcu.externaltools.arm-none.win32_1.15.0.201708311556/tools/compiler/bin/../lib/gcc/arm-none-eabi/6.3.1/thumb/v7-m/crtbegin.o
LOAD c:/program files/ac6/systemworkbench/plugins/fr.ac6.mcu.externaltools.arm-none.win32_1.15.0.201708311556/tools/compiler/bin/../lib/gcc/arm-none-eabi/6.3.1/../../../../arm-none-eabi/lib/thumb/v7-m/crt0.o
LOAD c:/program files/ac6/systemworkbench/plugins/fr.ac6.mcu.externaltools.arm-none.win32_1.15.0.201708311556/tools/compiler/bin/../lib/gcc/arm-none-eabi/6.3.1/../../../../arm-none-eabi/lib/thumb/v7-m\libm.a
LOAD Drivers\STM32F1xx_HAL_Driver\Src\stm32f1xx_hal.o
LOAD Drivers\STM32F1xx_HAL_Driver\Src\stm32f1xx_hal_cortex.o
LOAD Drivers\STM32F1xx_HAL_Driver\Src\stm32f1xx_hal_dma.o
LOAD Drivers\STM32F1xx_HAL_Driver\Src\stm32f1xx_hal_flash.o
LOAD Drivers\STM32F1xx_HAL_Driver\Src\stm32f1xx_hal_flash_ex.o
LOAD Drivers\STM32F1xx_HAL_Driver\Src\stm32f1xx_hal_gpio.o
LOAD Drivers\STM32F1xx_HAL_Driver\Src\stm32f1xx_hal_gpio_ex.o
LOAD Drivers\STM32F1xx_HAL_Driver\Src\stm32f1xx_hal_pcd.o
LOAD Drivers\STM32F1xx_HAL_Driver\Src\stm32f1xx_hal_pcd_ex.o
LOAD Drivers\STM32F1xx_HAL_Driver\Src\stm32f1xx_hal_pwr.o
LOAD Drivers\STM32F1xx_HAL_Driver\Src\stm32f1xx_hal_rcc.o
LOAD Drivers\STM32F1xx_HAL_Driver\Src\stm32f1xx_hal_rcc_ex.o
LOAD Drivers\STM32F1xx_HAL_Driver\Src\stm32f1xx_hal_tim.o
LOAD Drivers\STM32F1xx_HAL_Driver\Src\stm32f1xx_hal_tim_ex.o
LOAD Drivers\STM32F1xx_HAL_Driver\Src\stm32f1xx_ll_usb.o
LOAD Middlewares\ST\STM32_USB_Device_Library\Class\CDC\Src\usbd_cdc.o
LOAD Middlewares\ST\STM32_USB_Device_Library\Core\Src\usbd_core.o
LOAD Middlewares\ST\STM32_USB_Device_Library\Core\Src\usbd_ctlreq.o
LOAD Middlewares\ST\STM32_USB_Device_Library\Core\Src\usbd_ioreq.o
LOAD Src\main.o
LOAD Src\stm32f1xx_hal_msp.o
LOAD Src\stm32f1xx_hal_timebase_TIM.o
LOAD Src\stm32f1xx_it.o
LOAD Src\system_stm32f1xx.o
LOAD Src\usb_device.o
LOAD Src\usbd_cdc_if.o
LOAD Src\usbd_conf.o
LOAD Src\usbd_desc.o
LOAD startup\startup_stm32f103xb.o
START GROUP
LOAD c:/program files/ac6/systemworkbench/plugins/fr.ac6.mcu.externaltools.arm-none.win32_1.15.0.201708311556/tools/compiler/bin/../lib/gcc/arm-none-eabi/6.3.1/thumb/v7-m\libgcc.a
LOAD c:/program files/ac6/systemworkbench/plugins/fr.ac6.mcu.externaltools.arm-none.win32_1.15.0.201708311556/tools/compiler/bin/../lib/gcc/arm-none-eabi/6.3.1/../../../../arm-none-eabi/lib/thumb/v7-m\libc_nano.a
END GROUP
START GROUP
LOAD c:/program files/ac6/systemworkbench/plugins/fr.ac6.mcu.externaltools.arm-none.win32_1.15.0.201708311556/tools/compiler/bin/../lib/gcc/arm-none-eabi/6.3.1/thumb/v7-m\libgcc.a
LOAD c:/program files/ac6/systemworkbench/plugins/fr.ac6.mcu.externaltools.arm-none.win32_1.15.0.201708311556/tools/compiler/bin/../lib/gcc/arm-none-eabi/6.3.1/../../../../arm-none-eabi/lib/thumb/v7-m\libc_nano.a
LOAD c:/program files/ac6/systemworkbench/plugins/fr.ac6.mcu.externaltools.arm-none.win32_1.15.0.201708311556/tools/compiler/bin/../lib/gcc/arm-none-eabi/6.3.1/../../../../arm-none-eabi/lib/thumb/v7-m\libnosys.a
END GROUP
START GROUP
LOAD c:/program files/ac6/systemworkbench/plugins/fr.ac6.mcu.externaltools.arm-none.win32_1.15.0.201708311556/tools/compiler/bin/../lib/gcc/arm-none-eabi/6.3.1/thumb/v7-m\libgcc.a
LOAD c:/program files/ac6/systemworkbench/plugins/fr.ac6.mcu.externaltools.arm-none.win32_1.15.0.201708311556/tools/compiler/bin/../lib/gcc/arm-none-eabi/6.3.1/../../../../arm-none-eabi/lib/thumb/v7-m\libc_nano.a
LOAD c:/program files/ac6/systemworkbench/plugins/fr.ac6.mcu.externaltools.arm-none.win32_1.15.0.201708311556/tools/compiler/bin/../lib/gcc/arm-none-eabi/6.3.1/../../../../arm-none-eabi/lib/thumb/v7-m\libnosys.a
END GROUP
LOAD c:/program files/ac6/systemworkbench/plugins/fr.ac6.mcu.externaltools.arm-none.win32_1.15.0.201708311556/tools/compiler/bin/../lib/gcc/arm-none-eabi/6.3.1/thumb/v7-m/crtend.o
LOAD c:/program files/ac6/systemworkbench/plugins/fr.ac6.mcu.externaltools.arm-none.win32_1.15.0.201708311556/tools/compiler/bin/../lib/gcc/arm-none-eabi/6.3.1/thumb/v7-m/crtn.o
                0x20005000                _estack = 0x20005000
                0x00000200                _Min_Heap_Size = 0x200
                0x00000400                _Min_Stack_Size = 0x400

.isr_vector     0x08000000      0x10c
                0x08000000                . = ALIGN (0x4)
 *(.isr_vector)
 .isr_vector    0x08000000      0x10c startup\startup_stm32f103xb.o
                0x08000000                g_pfnVectors
                0x0800010c                . = ALIGN (0x4)

.text           0x0800010c     0x2f48
                0x0800010c                . = ALIGN (0x4)
 *(.text)
 .text          0x0800010c       0x6c c:/program files/ac6/systemworkbench/plugins/fr.ac6.mcu.externaltools.arm-none.win32_1.15.0.201708311556/tools/compiler/bin/../lib/gcc/arm-none-eabi/6.3.1/thumb/v7-m/crtbegin.o
 *(.text*)
 .text.HAL_Init
                0x08000178       0x24 Drivers\STM32F1xx_HAL_Driver\Src\stm32f1xx_hal.o
                0x08000178                HAL_Init
 .text.HAL_IncTick
                0x0800019c       0x10 Drivers\STM32F1xx_HAL_Driver\Src\stm32f1xx_hal.o
                0x0800019c                HAL_IncTick
 .text.HAL_GetTick
                0x080001ac        0xc Drivers\STM32F1xx_HAL_Driver\Src\stm32f1xx_hal.o
                0x080001ac                HAL_GetTick
 .text.HAL_NVIC_SetPriorityGrouping
                0x080001b8       0x24 Drivers\STM32F1xx_HAL_Driver\Src\stm32f1xx_hal_cortex.o
                0x080001b8                HAL_NVIC_SetPriorityGrouping
 .text.HAL_NVIC_SetPriority
                0x080001dc       0x64 Drivers\STM32F1xx_HAL_Driver\Src\stm32f1xx_hal_cortex.o
                0x080001dc                HAL_NVIC_SetPriority
 .text.HAL_NVIC_EnableIRQ
                0x08000240       0x18 Drivers\STM32F1xx_HAL_Driver\Src\stm32f1xx_hal_cortex.o
                0x08000240                HAL_NVIC_EnableIRQ
 .text.HAL_SYSTICK_Config
                0x08000258       0x2c Drivers\STM32F1xx_HAL_Driver\Src\stm32f1xx_hal_cortex.o
                0x08000258                HAL_SYSTICK_Config
 .text.HAL_SYSTICK_CLKSourceConfig
                0x08000284       0x20 Drivers\STM32F1xx_HAL_Driver\Src\stm32f1xx_hal_cortex.o
                0x08000284                HAL_SYSTICK_CLKSourceConfig
 .text.HAL_SYSTICK_Callback
                0x080002a4        0x2 Drivers\STM32F1xx_HAL_Driver\Src\stm32f1xx_hal_cortex.o
                0x080002a4                HAL_SYSTICK_Callback
 .text.HAL_SYSTICK_IRQHandler
                0x080002a6        0x8 Drivers\STM32F1xx_HAL_Driver\Src\stm32f1xx_hal_cortex.o
                0x080002a6                HAL_SYSTICK_IRQHandler
 .text.HAL_PCD_Init
                0x080002ae       0xd6 Drivers\STM32F1xx_HAL_Driver\Src\stm32f1xx_hal_pcd.o
                0x080002ae                HAL_PCD_Init
 .text.HAL_PCD_Start
                0x08000384       0x2e Drivers\STM32F1xx_HAL_Driver\Src\stm32f1xx_hal_pcd.o
                0x08000384                HAL_PCD_Start
 .text.HAL_PCD_SetAddress
                0x080003b2       0x28 Drivers\STM32F1xx_HAL_Driver\Src\stm32f1xx_hal_pcd.o
                0x080003b2                HAL_PCD_SetAddress
 .text.HAL_PCD_EP_Open
                0x080003da       0x52 Drivers\STM32F1xx_HAL_Driver\Src\stm32f1xx_hal_pcd.o
                0x080003da                HAL_PCD_EP_Open
 .text.HAL_PCD_EP_Close
                0x0800042c       0x4e Drivers\STM32F1xx_HAL_Driver\Src\stm32f1xx_hal_pcd.o
                0x0800042c                HAL_PCD_EP_Close
 .text.HAL_PCD_EP_Receive
                0x0800047a       0x3e Drivers\STM32F1xx_HAL_Driver\Src\stm32f1xx_hal_pcd.o
                0x0800047a                HAL_PCD_EP_Receive
 .text.HAL_PCD_EP_GetRxCount
                0x080004b8        0xe Drivers\STM32F1xx_HAL_Driver\Src\stm32f1xx_hal_pcd.o
                0x080004b8                HAL_PCD_EP_GetRxCount
 .text.HAL_PCD_EP_Transmit
                0x080004c6       0x3c Drivers\STM32F1xx_HAL_Driver\Src\stm32f1xx_hal_pcd.o
                0x080004c6                HAL_PCD_EP_Transmit
 .text.PCD_EP_ISR_Handler
                0x08000502      0x46e Drivers\STM32F1xx_HAL_Driver\Src\stm32f1xx_hal_pcd.o
 .text.HAL_PCD_IRQHandler
                0x08000970      0x164 Drivers\STM32F1xx_HAL_Driver\Src\stm32f1xx_hal_pcd.o
                0x08000970                HAL_PCD_IRQHandler
 .text.HAL_PCD_EP_SetStall
                0x08000ad4       0x5c Drivers\STM32F1xx_HAL_Driver\Src\stm32f1xx_hal_pcd.o
                0x08000ad4                HAL_PCD_EP_SetStall
 .text.HAL_PCD_EP_ClrStall
                0x08000b30       0x4e Drivers\STM32F1xx_HAL_Driver\Src\stm32f1xx_hal_pcd.o
                0x08000b30                HAL_PCD_EP_ClrStall
 .text.HAL_PCDEx_PMAConfig
                0x08000b7e       0x30 Drivers\STM32F1xx_HAL_Driver\Src\stm32f1xx_hal_pcd_ex.o
                0x08000b7e                HAL_PCDEx_PMAConfig
 *fill*         0x08000bae        0x2 
 .text.RCC_Delay
                0x08000bb0       0x2c Drivers\STM32F1xx_HAL_Driver\Src\stm32f1xx_hal_rcc.o
 .text.HAL_RCC_OscConfig
                0x08000bdc      0x3e0 Drivers\STM32F1xx_HAL_Driver\Src\stm32f1xx_hal_rcc.o
                0x08000bdc                HAL_RCC_OscConfig
 .text.HAL_RCC_EnableCSS
                0x08000fbc        0xc Drivers\STM32F1xx_HAL_Driver\Src\stm32f1xx_hal_rcc.o
                0x08000fbc                HAL_RCC_EnableCSS
 .text.HAL_RCC_GetSysClockFreq
                0x08000fc8       0x6c Drivers\STM32F1xx_HAL_Driver\Src\stm32f1xx_hal_rcc.o
                0x08000fc8                HAL_RCC_GetSysClockFreq
 .text.HAL_RCC_ClockConfig
                0x08001034      0x178 Drivers\STM32F1xx_HAL_Driver\Src\stm32f1xx_hal_rcc.o
                0x08001034                HAL_RCC_ClockConfig
 .text.HAL_RCC_GetHCLKFreq
                0x080011ac        0xc Drivers\STM32F1xx_HAL_Driver\Src\stm32f1xx_hal_rcc.o
                0x080011ac                HAL_RCC_GetHCLKFreq
 .text.HAL_RCC_GetPCLK2Freq
                0x080011b8       0x20 Drivers\STM32F1xx_HAL_Driver\Src\stm32f1xx_hal_rcc.o
                0x080011b8                HAL_RCC_GetPCLK2Freq
 .text.HAL_RCC_GetClockConfig
                0x080011d8       0x3c Drivers\STM32F1xx_HAL_Driver\Src\stm32f1xx_hal_rcc.o
                0x080011d8                HAL_RCC_GetClockConfig
 .text.HAL_RCC_CSSCallback
                0x08001214        0x2 Drivers\STM32F1xx_HAL_Driver\Src\stm32f1xx_hal_rcc.o
                0x08001214                HAL_RCC_CSSCallback
 *fill*         0x08001216        0x2 
 .text.HAL_RCC_NMI_IRQHandler
                0x08001218       0x24 Drivers\STM32F1xx_HAL_Driver\Src\stm32f1xx_hal_rcc.o
                0x08001218                HAL_RCC_NMI_IRQHandler
 .text.HAL_RCCEx_PeriphCLKConfig
                0x0800123c      0x114 Drivers\STM32F1xx_HAL_Driver\Src\stm32f1xx_hal_rcc_ex.o
                0x0800123c                HAL_RCCEx_PeriphCLKConfig
 .text.HAL_TIM_Base_MspInit
                0x08001350        0x2 Drivers\STM32F1xx_HAL_Driver\Src\stm32f1xx_hal_tim.o
                0x08001350                HAL_TIM_Base_MspInit
 .text.HAL_TIM_Base_Start_IT
                0x08001352       0x18 Drivers\STM32F1xx_HAL_Driver\Src\stm32f1xx_hal_tim.o
                0x08001352                HAL_TIM_Base_Start_IT
 .text.HAL_TIM_OC_DelayElapsedCallback
                0x0800136a        0x2 Drivers\STM32F1xx_HAL_Driver\Src\stm32f1xx_hal_tim.o
                0x0800136a                HAL_TIM_OC_DelayElapsedCallback
 .text.HAL_TIM_IC_CaptureCallback
                0x0800136c        0x2 Drivers\STM32F1xx_HAL_Driver\Src\stm32f1xx_hal_tim.o
                0x0800136c                HAL_TIM_IC_CaptureCallback
 .text.HAL_TIM_PWM_PulseFinishedCallback
                0x0800136e        0x2 Drivers\STM32F1xx_HAL_Driver\Src\stm32f1xx_hal_tim.o
                0x0800136e                HAL_TIM_PWM_PulseFinishedCallback
 .text.HAL_TIM_TriggerCallback
                0x08001370        0x2 Drivers\STM32F1xx_HAL_Driver\Src\stm32f1xx_hal_tim.o
                0x08001370                HAL_TIM_TriggerCallback
 .text.HAL_TIM_IRQHandler
                0x08001372      0x17a Drivers\STM32F1xx_HAL_Driver\Src\stm32f1xx_hal_tim.o
                0x08001372                HAL_TIM_IRQHandler
 .text.TIM_Base_SetConfig
                0x080014ec       0x78 Drivers\STM32F1xx_HAL_Driver\Src\stm32f1xx_hal_tim.o
                0x080014ec                TIM_Base_SetConfig
 .text.HAL_TIM_Base_Init
                0x08001564       0x32 Drivers\STM32F1xx_HAL_Driver\Src\stm32f1xx_hal_tim.o
                0x08001564                HAL_TIM_Base_Init
 .text.HAL_TIMEx_CommutationCallback
                0x08001596        0x2 Drivers\STM32F1xx_HAL_Driver\Src\stm32f1xx_hal_tim_ex.o
                0x08001596                HAL_TIMEx_CommutationCallback
 .text.HAL_TIMEx_BreakCallback
                0x08001598        0x2 Drivers\STM32F1xx_HAL_Driver\Src\stm32f1xx_hal_tim_ex.o
                0x08001598                HAL_TIMEx_BreakCallback
 .text.USB_CoreInit
                0x0800159a        0xe Drivers\STM32F1xx_HAL_Driver\Src\stm32f1xx_ll_usb.o
                0x0800159a                USB_CoreInit
 .text.USB_EnableGlobalInt
                0x080015a8       0x12 Drivers\STM32F1xx_HAL_Driver\Src\stm32f1xx_ll_usb.o
                0x080015a8                USB_EnableGlobalInt
 .text.USB_DisableGlobalInt
                0x080015ba       0x14 Drivers\STM32F1xx_HAL_Driver\Src\stm32f1xx_ll_usb.o
                0x080015ba                USB_DisableGlobalInt
 .text.USB_SetCurrentMode
                0x080015ce        0x4 Drivers\STM32F1xx_HAL_Driver\Src\stm32f1xx_ll_usb.o
                0x080015ce                USB_SetCurrentMode
 .text.USB_DevInit
                0x080015d2       0x2c Drivers\STM32F1xx_HAL_Driver\Src\stm32f1xx_ll_usb.o
                0x080015d2                USB_DevInit
 .text.USB_ActivateEndpoint
                0x080015fe      0x332 Drivers\STM32F1xx_HAL_Driver\Src\stm32f1xx_ll_usb.o
                0x080015fe                USB_ActivateEndpoint
 .text.USB_DeactivateEndpoint
                0x08001930      0x1c4 Drivers\STM32F1xx_HAL_Driver\Src\stm32f1xx_ll_usb.o
                0x08001930                USB_DeactivateEndpoint
 .text.USB_EPSetStall
                0x08001af4       0x6e Drivers\STM32F1xx_HAL_Driver\Src\stm32f1xx_ll_usb.o
                0x08001af4                USB_EPSetStall
 .text.USB_EPClearStall
                0x08001b62       0x92 Drivers\STM32F1xx_HAL_Driver\Src\stm32f1xx_ll_usb.o
                0x08001b62                USB_EPClearStall
 .text.USB_SetDevAddress
                0x08001bf4        0xc Drivers\STM32F1xx_HAL_Driver\Src\stm32f1xx_ll_usb.o
                0x08001bf4                USB_SetDevAddress
 .text.USB_DevConnect
                0x08001c00        0x4 Drivers\STM32F1xx_HAL_Driver\Src\stm32f1xx_ll_usb.o
                0x08001c00                USB_DevConnect
 .text.USB_DevDisconnect
                0x08001c04        0x4 Drivers\STM32F1xx_HAL_Driver\Src\stm32f1xx_ll_usb.o
                0x08001c04                USB_DevDisconnect
 .text.USB_ReadInterrupts
                0x08001c08        0x8 Drivers\STM32F1xx_HAL_Driver\Src\stm32f1xx_ll_usb.o
                0x08001c08                USB_ReadInterrupts
 .text.USB_EP0_OutStart
                0x08001c10        0x4 Drivers\STM32F1xx_HAL_Driver\Src\stm32f1xx_ll_usb.o
                0x08001c10                USB_EP0_OutStart
 .text.USB_WritePMA
                0x08001c14       0x2a Drivers\STM32F1xx_HAL_Driver\Src\stm32f1xx_ll_usb.o
                0x08001c14                USB_WritePMA
 .text.USB_EPStartXfer
                0x08001c3e      0x2cc Drivers\STM32F1xx_HAL_Driver\Src\stm32f1xx_ll_usb.o
                0x08001c3e                USB_EPStartXfer
 .text.USB_ReadPMA
                0x08001f0a       0x1e Drivers\STM32F1xx_HAL_Driver\Src\stm32f1xx_ll_usb.o
                0x08001f0a                USB_ReadPMA
 .text.USBD_CDC_DataIn
                0x08001f28       0x12 Middlewares\ST\STM32_USB_Device_Library\Class\CDC\Src\usbd_cdc.o
 .text.USBD_CDC_EP0_RxReady
                0x08001f3a       0x28 Middlewares\ST\STM32_USB_Device_Library\Class\CDC\Src\usbd_cdc.o
 *fill*         0x08001f62        0x2 
 .text.USBD_CDC_GetFSCfgDesc
                0x08001f64        0xc Middlewares\ST\STM32_USB_Device_Library\Class\CDC\Src\usbd_cdc.o
 .text.USBD_CDC_GetHSCfgDesc
                0x08001f70        0xc Middlewares\ST\STM32_USB_Device_Library\Class\CDC\Src\usbd_cdc.o
 .text.USBD_CDC_GetOtherSpeedCfgDesc
                0x08001f7c        0xc Middlewares\ST\STM32_USB_Device_Library\Class\CDC\Src\usbd_cdc.o
 .text.USBD_CDC_GetDeviceQualifierDescriptor
                0x08001f88        0xc Middlewares\ST\STM32_USB_Device_Library\Class\CDC\Src\usbd_cdc.o
                0x08001f88                USBD_CDC_GetDeviceQualifierDescriptor
 .text.USBD_CDC_DataOut
                0x08001f94       0x2e Middlewares\ST\STM32_USB_Device_Library\Class\CDC\Src\usbd_cdc.o
 *fill*         0x08001fc2        0x2 
 .text.USBD_CDC_Setup
                0x08001fc4       0x74 Middlewares\ST\STM32_USB_Device_Library\Class\CDC\Src\usbd_cdc.o
 .text.USBD_CDC_DeInit
                0x08002038       0x3a Middlewares\ST\STM32_USB_Device_Library\Class\CDC\Src\usbd_cdc.o
 .text.USBD_CDC_Init
                0x08002072       0x96 Middlewares\ST\STM32_USB_Device_Library\Class\CDC\Src\usbd_cdc.o
 .text.USBD_CDC_RegisterInterface
                0x08002108        0xe Middlewares\ST\STM32_USB_Device_Library\Class\CDC\Src\usbd_cdc.o
                0x08002108                USBD_CDC_RegisterInterface
 .text.USBD_CDC_SetTxBuffer
                0x08002116       0x10 Middlewares\ST\STM32_USB_Device_Library\Class\CDC\Src\usbd_cdc.o
                0x08002116                USBD_CDC_SetTxBuffer
 .text.USBD_CDC_SetRxBuffer
                0x08002126        0xc Middlewares\ST\STM32_USB_Device_Library\Class\CDC\Src\usbd_cdc.o
                0x08002126                USBD_CDC_SetRxBuffer
 .text.USBD_CDC_ReceivePacket
                0x08002132       0x32 Middlewares\ST\STM32_USB_Device_Library\Class\CDC\Src\usbd_cdc.o
                0x08002132                USBD_CDC_ReceivePacket
 .text.USBD_Init
                0x08002164       0x2e Middlewares\ST\STM32_USB_Device_Library\Core\Src\usbd_core.o
                0x08002164                USBD_Init
 .text.USBD_RegisterClass
                0x08002192        0xe Middlewares\ST\STM32_USB_Device_Library\Core\Src\usbd_core.o
                0x08002192                USBD_RegisterClass
 .text.USBD_Start
                0x080021a0        0xa Middlewares\ST\STM32_USB_Device_Library\Core\Src\usbd_core.o
                0x080021a0                USBD_Start
 .text.USBD_SetClassConfig
                0x080021aa       0x1a Middlewares\ST\STM32_USB_Device_Library\Core\Src\usbd_core.o
                0x080021aa                USBD_SetClassConfig
 .text.USBD_ClrClassConfig
                0x080021c4        0xe Middlewares\ST\STM32_USB_Device_Library\Core\Src\usbd_core.o
                0x080021c4                USBD_ClrClassConfig
 .text.USBD_LL_SetupStage
                0x080021d2       0x5a Middlewares\ST\STM32_USB_Device_Library\Core\Src\usbd_core.o
                0x080021d2                USBD_LL_SetupStage
 .text.USBD_LL_DataOutStage
                0x0800222c       0x6a Middlewares\ST\STM32_USB_Device_Library\Core\Src\usbd_core.o
                0x0800222c                USBD_LL_DataOutStage
 .text.USBD_LL_DataInStage
                0x08002296       0xb2 Middlewares\ST\STM32_USB_Device_Library\Core\Src\usbd_core.o
                0x08002296                USBD_LL_DataInStage
 .text.USBD_LL_Reset
                0x08002348       0x3e Middlewares\ST\STM32_USB_Device_Library\Core\Src\usbd_core.o
                0x08002348                USBD_LL_Reset
 .text.USBD_LL_SetSpeed
                0x08002386        0x6 Middlewares\ST\STM32_USB_Device_Library\Core\Src\usbd_core.o
                0x08002386                USBD_LL_SetSpeed
 .text.USBD_LL_Suspend
                0x0800238c       0x12 Middlewares\ST\STM32_USB_Device_Library\Core\Src\usbd_core.o
                0x0800238c                USBD_LL_Suspend
 .text.USBD_LL_Resume
                0x0800239e        0xc Middlewares\ST\STM32_USB_Device_Library\Core\Src\usbd_core.o
                0x0800239e                USBD_LL_Resume
 .text.USBD_LL_SOF
                0x080023aa       0x1c Middlewares\ST\STM32_USB_Device_Library\Core\Src\usbd_core.o
                0x080023aa                USBD_LL_SOF
 .text.USBD_GetLen
                0x080023c6       0x14 Middlewares\ST\STM32_USB_Device_Library\Core\Src\usbd_ctlreq.o
 .text.USBD_SetFeature
                0x080023da       0x20 Middlewares\ST\STM32_USB_Device_Library\Core\Src\usbd_ctlreq.o
 .text.USBD_ParseSetupRequest
                0x080023fa       0x28 Middlewares\ST\STM32_USB_Device_Library\Core\Src\usbd_ctlreq.o
                0x080023fa                USBD_ParseSetupRequest
 .text.USBD_CtlError
                0x08002422       0x14 Middlewares\ST\STM32_USB_Device_Library\Core\Src\usbd_ctlreq.o
                0x08002422                USBD_CtlError
 .text.USBD_GetDescriptor
                0x08002436      0x132 Middlewares\ST\STM32_USB_Device_Library\Core\Src\usbd_ctlreq.o
 .text.USBD_SetAddress
                0x08002568       0x4a Middlewares\ST\STM32_USB_Device_Library\Core\Src\usbd_ctlreq.o
 *fill*         0x080025b2        0x2 
 .text.USBD_SetConfig
                0x080025b4       0xa4 Middlewares\ST\STM32_USB_Device_Library\Core\Src\usbd_ctlreq.o
 .text.USBD_GetConfig
                0x08002658       0x3a Middlewares\ST\STM32_USB_Device_Library\Core\Src\usbd_ctlreq.o
 .text.USBD_GetStatus
                0x08002692       0x2c Middlewares\ST\STM32_USB_Device_Library\Core\Src\usbd_ctlreq.o
 .text.USBD_ClrFeature
                0x080026be       0x32 Middlewares\ST\STM32_USB_Device_Library\Core\Src\usbd_ctlreq.o
 .text.USBD_StdDevReq
                0x080026f0       0x48 Middlewares\ST\STM32_USB_Device_Library\Core\Src\usbd_ctlreq.o
                0x080026f0                USBD_StdDevReq
 .text.USBD_StdItfReq
                0x08002738       0x38 Middlewares\ST\STM32_USB_Device_Library\Core\Src\usbd_ctlreq.o
                0x08002738                USBD_StdItfReq
 .text.USBD_StdEPReq
                0x08002770      0x118 Middlewares\ST\STM32_USB_Device_Library\Core\Src\usbd_ctlreq.o
                0x08002770                USBD_StdEPReq
 .text.USBD_GetString
                0x08002888       0x3a Middlewares\ST\STM32_USB_Device_Library\Core\Src\usbd_ctlreq.o
                0x08002888                USBD_GetString
 .text.USBD_CtlSendData
                0x080028c2       0x1a Middlewares\ST\STM32_USB_Device_Library\Core\Src\usbd_ioreq.o
                0x080028c2                USBD_CtlSendData
 .text.USBD_CtlContinueSendData
                0x080028dc       0x10 Middlewares\ST\STM32_USB_Device_Library\Core\Src\usbd_ioreq.o
                0x080028dc                USBD_CtlContinueSendData
 .text.USBD_CtlPrepareRx
                0x080028ec       0x1e Middlewares\ST\STM32_USB_Device_Library\Core\Src\usbd_ioreq.o
                0x080028ec                USBD_CtlPrepareRx
 .text.USBD_CtlContinueRx
                0x0800290a       0x10 Middlewares\ST\STM32_USB_Device_Library\Core\Src\usbd_ioreq.o
                0x0800290a                USBD_CtlContinueRx
 .text.USBD_CtlSendStatus
                0x0800291a       0x16 Middlewares\ST\STM32_USB_Device_Library\Core\Src\usbd_ioreq.o
                0x0800291a                USBD_CtlSendStatus
 .text.USBD_CtlReceiveStatus
                0x08002930       0x16 Middlewares\ST\STM32_USB_Device_Library\Core\Src\usbd_ioreq.o
                0x08002930                USBD_CtlReceiveStatus
 *fill*         0x08002946        0x2 
 .text.MX_GPIO_Init
                0x08002948       0x30 Src\main.o
 .text.HAL_TIM_PeriodElapsedCallback
                0x08002978       0x18 Src\main.o
                0x08002978                HAL_TIM_PeriodElapsedCallback
 .text._Error_Handler
                0x08002990        0x2 Src\main.o
                0x08002990                _Error_Handler
 *fill*         0x08002992        0x2 
 .text.SystemClock_Config
                0x08002994       0xa0 Src\main.o
                0x08002994                SystemClock_Config
 .text.main     0x08002a34       0x14 Src\main.o
                0x08002a34                main
 .text.HAL_MspInit
                0x08002a48       0x94 Src\stm32f1xx_hal_msp.o
                0x08002a48                HAL_MspInit
 .text.HAL_InitTick
                0x08002adc       0x78 Src\stm32f1xx_hal_timebase_TIM.o
                0x08002adc                HAL_InitTick
 .text.NMI_Handler
                0x08002b54        0x8 Src\stm32f1xx_it.o
                0x08002b54                NMI_Handler
 .text.HardFault_Handler
                0x08002b5c        0x2 Src\stm32f1xx_it.o
                0x08002b5c                HardFault_Handler
 .text.MemManage_Handler
                0x08002b5e        0x2 Src\stm32f1xx_it.o
                0x08002b5e                MemManage_Handler
 .text.BusFault_Handler
                0x08002b60        0x2 Src\stm32f1xx_it.o
                0x08002b60                BusFault_Handler
 .text.UsageFault_Handler
                0x08002b62        0x2 Src\stm32f1xx_it.o
                0x08002b62                UsageFault_Handler
 .text.SVC_Handler
                0x08002b64        0x2 Src\stm32f1xx_it.o
                0x08002b64                SVC_Handler
 .text.DebugMon_Handler
                0x08002b66        0x2 Src\stm32f1xx_it.o
                0x08002b66                DebugMon_Handler
 .text.PendSV_Handler
                0x08002b68        0x2 Src\stm32f1xx_it.o
                0x08002b68                PendSV_Handler
 .text.SysTick_Handler
                0x08002b6a        0x8 Src\stm32f1xx_it.o
                0x08002b6a                SysTick_Handler
 *fill*         0x08002b72        0x2 
 .text.USB_LP_CAN1_RX0_IRQHandler
                0x08002b74       0x10 Src\stm32f1xx_it.o
                0x08002b74                USB_LP_CAN1_RX0_IRQHandler
 .text.TIM1_UP_IRQHandler
                0x08002b84       0x10 Src\stm32f1xx_it.o
                0x08002b84                TIM1_UP_IRQHandler
 .text.SystemInit
                0x08002b94       0x4c Src\system_stm32f1xx.o
                0x08002b94                SystemInit
 .text.MX_USB_DEVICE_Init
                0x08002be0       0x38 Src\usb_device.o
                0x08002be0                MX_USB_DEVICE_Init
 .text.CDC_DeInit_FS
                0x08002c18        0x4 Src\usbd_cdc_if.o
 .text.CDC_Control_FS
                0x08002c1c        0x4 Src\usbd_cdc_if.o
 .text.CDC_Receive_FS
                0x08002c20       0x1c Src\usbd_cdc_if.o
 .text.CDC_Init_FS
                0x08002c3c       0x28 Src\usbd_cdc_if.o
 .text.HAL_PCD_MspInit
                0x08002c64       0x40 Src\usbd_conf.o
                0x08002c64                HAL_PCD_MspInit
 .text.HAL_PCD_SetupStageCallback
                0x08002ca4       0x10 Src\usbd_conf.o
                0x08002ca4                HAL_PCD_SetupStageCallback
 .text.HAL_PCD_DataOutStageCallback
                0x08002cb4       0x14 Src\usbd_conf.o
                0x08002cb4                HAL_PCD_DataOutStageCallback
 .text.HAL_PCD_DataInStageCallback
                0x08002cc8       0x12 Src\usbd_conf.o
                0x08002cc8                HAL_PCD_DataInStageCallback
 .text.HAL_PCD_SOFCallback
                0x08002cda        0xc Src\usbd_conf.o
                0x08002cda                HAL_PCD_SOFCallback
 .text.HAL_PCD_ResetCallback
                0x08002ce6       0x18 Src\usbd_conf.o
                0x08002ce6                HAL_PCD_ResetCallback
 *fill*         0x08002cfe        0x2 
 .text.HAL_PCD_SuspendCallback
                0x08002d00       0x20 Src\usbd_conf.o
                0x08002d00                HAL_PCD_SuspendCallback
 .text.HAL_PCD_ResumeCallback
                0x08002d20        0xc Src\usbd_conf.o
                0x08002d20                HAL_PCD_ResumeCallback
 .text.USBD_LL_Init
                0x08002d2c       0x94 Src\usbd_conf.o
                0x08002d2c                USBD_LL_Init
 .text.USBD_LL_Start
                0x08002dc0       0x1c Src\usbd_conf.o
                0x08002dc0                USBD_LL_Start
 .text.USBD_LL_OpenEP
                0x08002ddc       0x22 Src\usbd_conf.o
                0x08002ddc                USBD_LL_OpenEP
 .text.USBD_LL_CloseEP
                0x08002dfe       0x1c Src\usbd_conf.o
                0x08002dfe                USBD_LL_CloseEP
 .text.USBD_LL_StallEP
                0x08002e1a       0x1c Src\usbd_conf.o
                0x08002e1a                USBD_LL_StallEP
 .text.USBD_LL_ClearStallEP
                0x08002e36       0x1c Src\usbd_conf.o
                0x08002e36                USBD_LL_ClearStallEP
 .text.USBD_LL_IsStallEP
                0x08002e52       0x26 Src\usbd_conf.o
                0x08002e52                USBD_LL_IsStallEP
 .text.USBD_LL_SetUSBAddress
                0x08002e78       0x1c Src\usbd_conf.o
                0x08002e78                USBD_LL_SetUSBAddress
 .text.USBD_LL_Transmit
                0x08002e94       0x1c Src\usbd_conf.o
                0x08002e94                USBD_LL_Transmit
 .text.USBD_LL_PrepareReceive
                0x08002eb0       0x1c Src\usbd_conf.o
                0x08002eb0                USBD_LL_PrepareReceive
 .text.USBD_LL_GetRxDataSize
                0x08002ecc        0xc Src\usbd_conf.o
                0x08002ecc                USBD_LL_GetRxDataSize
 .text.USBD_static_malloc
                0x08002ed8        0x8 Src\usbd_conf.o
                0x08002ed8                USBD_static_malloc
 .text.USBD_static_free
                0x08002ee0        0x2 Src\usbd_conf.o
                0x08002ee0                USBD_static_free
 .text.HAL_PCDEx_SetConnectionState
                0x08002ee2        0x2 Src\usbd_conf.o
                0x08002ee2                HAL_PCDEx_SetConnectionState
 .text.USBD_FS_DeviceDescriptor
                0x08002ee4        0xc Src\usbd_desc.o
                0x08002ee4                USBD_FS_DeviceDescriptor
 .text.USBD_FS_LangIDStrDescriptor
                0x08002ef0        0xc Src\usbd_desc.o
                0x08002ef0                USBD_FS_LangIDStrDescriptor
 .text.USBD_FS_ProductStrDescriptor
                0x08002efc       0x24 Src\usbd_desc.o
                0x08002efc                USBD_FS_ProductStrDescriptor
 .text.USBD_FS_ManufacturerStrDescriptor
                0x08002f20       0x1c Src\usbd_desc.o
                0x08002f20                USBD_FS_ManufacturerStrDescriptor
 .text.USBD_FS_SerialStrDescriptor
                0x08002f3c       0x24 Src\usbd_desc.o
                0x08002f3c                USBD_FS_SerialStrDescriptor
 .text.USBD_FS_ConfigStrDescriptor
                0x08002f60       0x24 Src\usbd_desc.o
                0x08002f60                USBD_FS_ConfigStrDescriptor
 .text.USBD_FS_InterfaceStrDescriptor
                0x08002f84       0x24 Src\usbd_desc.o
                0x08002f84                USBD_FS_InterfaceStrDescriptor
 .text.Reset_Handler
                0x08002fa8       0x48 startup\startup_stm32f103xb.o
                0x08002fa8                Reset_Handler
 .text.Default_Handler
                0x08002ff0        0x2 startup\startup_stm32f103xb.o
                0x08002ff0                RTC_Alarm_IRQHandler
                0x08002ff0                EXTI2_IRQHandler
                0x08002ff0                TIM1_CC_IRQHandler
                0x08002ff0                PVD_IRQHandler
                0x08002ff0                EXTI3_IRQHandler
                0x08002ff0                EXTI0_IRQHandler
                0x08002ff0                I2C2_EV_IRQHandler
                0x08002ff0                ADC1_2_IRQHandler
                0x08002ff0                SPI1_IRQHandler
                0x08002ff0                TAMPER_IRQHandler
                0x08002ff0                DMA1_Channel4_IRQHandler
                0x08002ff0                USART3_IRQHandler
                0x08002ff0                RTC_IRQHandler
                0x08002ff0                DMA1_Channel7_IRQHandler
                0x08002ff0                CAN1_RX1_IRQHandler
                0x08002ff0                TIM4_IRQHandler
                0x08002ff0                I2C1_EV_IRQHandler
                0x08002ff0                DMA1_Channel6_IRQHandler
                0x08002ff0                TIM3_IRQHandler
                0x08002ff0                RCC_IRQHandler
                0x08002ff0                TIM1_TRG_COM_IRQHandler
                0x08002ff0                DMA1_Channel1_IRQHandler
                0x08002ff0                Default_Handler
                0x08002ff0                EXTI15_10_IRQHandler
                0x08002ff0                EXTI9_5_IRQHandler
                0x08002ff0                SPI2_IRQHandler
                0x08002ff0                DMA1_Channel5_IRQHandler
                0x08002ff0                EXTI4_IRQHandler
                0x08002ff0                USB_HP_CAN1_TX_IRQHandler
                0x08002ff0                DMA1_Channel3_IRQHandler
                0x08002ff0                WWDG_IRQHandler
                0x08002ff0                TIM2_IRQHandler
                0x08002ff0                TIM1_BRK_IRQHandler
                0x08002ff0                EXTI1_IRQHandler
                0x08002ff0                USART2_IRQHandler
                0x08002ff0                I2C2_ER_IRQHandler
                0x08002ff0                DMA1_Channel2_IRQHandler
                0x08002ff0                CAN1_SCE_IRQHandler
                0x08002ff0                FLASH_IRQHandler
                0x08002ff0                USART1_IRQHandler
                0x08002ff0                I2C1_ER_IRQHandler
                0x08002ff0                USBWakeUp_IRQHandler
 *fill*         0x08002ff2        0x2 
 .text.__libc_init_array
                0x08002ff4       0x48 c:/program files/ac6/systemworkbench/plugins/fr.ac6.mcu.externaltools.arm-none.win32_1.15.0.201708311556/tools/compiler/bin/../lib/gcc/arm-none-eabi/6.3.1/../../../../arm-none-eabi/lib/thumb/v7-m\libc_nano.a(lib_a-init.o)
                0x08002ff4                __libc_init_array
 *(.glue_7)
 .glue_7        0x0800303c        0x0 linker stubs
 *(.glue_7t)
 .glue_7t       0x0800303c        0x0 linker stubs
 *(.eh_frame)
 .eh_frame      0x0800303c        0x0 c:/program files/ac6/systemworkbench/plugins/fr.ac6.mcu.externaltools.arm-none.win32_1.15.0.201708311556/tools/compiler/bin/../lib/gcc/arm-none-eabi/6.3.1/thumb/v7-m/crtbegin.o
 *(.init)
 .init          0x0800303c        0x4 c:/program files/ac6/systemworkbench/plugins/fr.ac6.mcu.externaltools.arm-none.win32_1.15.0.201708311556/tools/compiler/bin/../lib/gcc/arm-none-eabi/6.3.1/thumb/v7-m/crti.o
                0x0800303c                _init
 .init          0x08003040        0x8 c:/program files/ac6/systemworkbench/plugins/fr.ac6.mcu.externaltools.arm-none.win32_1.15.0.201708311556/tools/compiler/bin/../lib/gcc/arm-none-eabi/6.3.1/thumb/v7-m/crtn.o
 *(.fini)
 .fini          0x08003048        0x4 c:/program files/ac6/systemworkbench/plugins/fr.ac6.mcu.externaltools.arm-none.win32_1.15.0.201708311556/tools/compiler/bin/../lib/gcc/arm-none-eabi/6.3.1/thumb/v7-m/crti.o
                0x08003048                _fini
 .fini          0x0800304c        0x8 c:/program files/ac6/systemworkbench/plugins/fr.ac6.mcu.externaltools.arm-none.win32_1.15.0.201708311556/tools/compiler/bin/../lib/gcc/arm-none-eabi/6.3.1/thumb/v7-m/crtn.o
                0x08003054                . = ALIGN (0x4)
                0x08003054                _etext = .

.vfp11_veneer   0x08003054        0x0
 .vfp11_veneer  0x08003054        0x0 linker stubs

.v4_bx          0x08003054        0x0
 .v4_bx         0x08003054        0x0 linker stubs

.iplt           0x08003054        0x0
 .iplt          0x08003054        0x0 c:/program files/ac6/systemworkbench/plugins/fr.ac6.mcu.externaltools.arm-none.win32_1.15.0.201708311556/tools/compiler/bin/../lib/gcc/arm-none-eabi/6.3.1/thumb/v7-m/crtbegin.o

.rodata         0x08003054       0xa8
                0x08003054                . = ALIGN (0x4)
 *(.rodata)
 .rodata        0x08003054       0x12 Drivers\STM32F1xx_HAL_Driver\Src\stm32f1xx_hal_rcc.o
 *fill*         0x08003066        0x2 
 .rodata        0x08003068       0x18 Src\system_stm32f1xx.o
                0x08003068                AHBPrescTable
                0x08003078                APBPrescTable
 *(.rodata*)
 .rodata.str1.4
                0x08003080        0xe Src\main.o
 *fill*         0x0800308e        0x2 
 .rodata.str1.4
                0x08003090       0x13 Src\usbd_conf.o
 *fill*         0x080030a3        0x1 
 .rodata.str1.4
                0x080030a4       0x58 Src\usbd_desc.o
                                 0x56 (size before relaxing)
                0x080030fc                . = ALIGN (0x4)

.rel.dyn        0x080030fc        0x0
 .rel.iplt      0x080030fc        0x0 c:/program files/ac6/systemworkbench/plugins/fr.ac6.mcu.externaltools.arm-none.win32_1.15.0.201708311556/tools/compiler/bin/../lib/gcc/arm-none-eabi/6.3.1/thumb/v7-m/crtbegin.o

.ARM.extab
 *(.ARM.extab* .gnu.linkonce.armextab.*)

.ARM            0x080030fc        0x0
                0x080030fc                __exidx_start = .
 *(.ARM.exidx*)
                0x080030fc                __exidx_end = .

.preinit_array  0x080030fc        0x0
                0x080030fc                PROVIDE (__preinit_array_start, .)
 *(.preinit_array*)
                0x080030fc                PROVIDE (__preinit_array_end, .)

.init_array     0x080030fc        0x4
                0x080030fc                PROVIDE (__init_array_start, .)
 *(SORT(.init_array.*))
 *(.init_array*)
 .init_array    0x080030fc        0x4 c:/program files/ac6/systemworkbench/plugins/fr.ac6.mcu.externaltools.arm-none.win32_1.15.0.201708311556/tools/compiler/bin/../lib/gcc/arm-none-eabi/6.3.1/thumb/v7-m/crtbegin.o
                0x08003100                PROVIDE (__init_array_end, .)

.fini_array     0x08003100        0x4
                [!provide]                PROVIDE (__fini_array_start, .)
 *(SORT(.fini_array.*))
 *(.fini_array*)
 .fini_array    0x08003100        0x4 c:/program files/ac6/systemworkbench/plugins/fr.ac6.mcu.externaltools.arm-none.win32_1.15.0.201708311556/tools/compiler/bin/../lib/gcc/arm-none-eabi/6.3.1/thumb/v7-m/crtbegin.o
                [!provide]                PROVIDE (__fini_array_end, .)
                0x08003104                _sidata = LOADADDR (.data)

.data           0x20000000      0x158 load address 0x08003104
                0x20000000                . = ALIGN (0x4)
                0x20000000                _sdata = .
 *(.data)
 .data          0x20000000      0x110 Middlewares\ST\STM32_USB_Device_Library\Class\CDC\Src\usbd_cdc.o
                0x20000000                USBD_CDC_CfgFSDesc
                0x20000044                USBD_CDC_CfgHSDesc
                0x20000088                USBD_CDC_OtherSpeedCfgDesc
                0x200000d8                USBD_CDC
 .data          0x20000110        0x4 Src\system_stm32f1xx.o
                0x20000110                SystemCoreClock
 .data          0x20000114       0x10 Src\usbd_cdc_if.o
                0x20000114                USBD_Interface_fops_FS
 .data          0x20000124       0x34 Src\usbd_desc.o
                0x20000124                USBD_FS_DeviceDesc
                0x20000138                USBD_LangIDDesc
                0x2000013c                FS_Desc
 *(.data*)
                0x20000158                . = ALIGN (0x4)
                0x20000158                _edata = .

.jcr            0x20000158        0x0 load address 0x0800325c
 .jcr           0x20000158        0x0 c:/program files/ac6/systemworkbench/plugins/fr.ac6.mcu.externaltools.arm-none.win32_1.15.0.201708311556/tools/compiler/bin/../lib/gcc/arm-none-eabi/6.3.1/thumb/v7-m/crtbegin.o

.igot.plt       0x20000158        0x0 load address 0x0800325c
 .igot.plt      0x20000158        0x0 c:/program files/ac6/systemworkbench/plugins/fr.ac6.mcu.externaltools.arm-none.win32_1.15.0.201708311556/tools/compiler/bin/../lib/gcc/arm-none-eabi/6.3.1/thumb/v7-m/crtbegin.o
                0x20000158                . = ALIGN (0x4)

.bss            0x20000158     0x1b08 load address 0x0800325c
                0x20000158                _sbss = .
                0x20000158                __bss_start__ = _sbss
 *(.bss)
 .bss           0x20000158       0x1c c:/program files/ac6/systemworkbench/plugins/fr.ac6.mcu.externaltools.arm-none.win32_1.15.0.201708311556/tools/compiler/bin/../lib/gcc/arm-none-eabi/6.3.1/thumb/v7-m/crtbegin.o
 .bss           0x20000174        0x1 Middlewares\ST\STM32_USB_Device_Library\Class\CDC\Src\usbd_cdc.o
 .bss           0x20000175        0x1 Middlewares\ST\STM32_USB_Device_Library\Core\Src\usbd_ctlreq.o
 *fill*         0x20000176        0x2 
 .bss           0x20000178      0x220 Src\usbd_conf.o
 *(.bss*)
 *(COMMON)
 COMMON         0x20000398        0x4 Drivers\STM32F1xx_HAL_Driver\Src\stm32f1xx_hal.o
                0x20000398                uwTick
 COMMON         0x2000039c       0x40 Src\stm32f1xx_hal_timebase_TIM.o
                0x2000039c                htim1
 COMMON         0x200003dc      0x224 Src\usb_device.o
                0x200003dc                hUsbDeviceFS
 COMMON         0x20000600     0x1000 Src\usbd_cdc_if.o
                0x20000600                UserRxBufferFS
                0x20000e00                UserTxBufferFS
 COMMON         0x20001600      0x460 Src\usbd_conf.o
                0x20001600                hpcd_USB_FS
 COMMON         0x20001a60      0x200 Src\usbd_desc.o
                0x20001a60                USBD_StrDesc
                0x20001c60                . = ALIGN (0x4)
                0x20001c60                _ebss = .
                0x20001c60                __bss_end__ = _ebss

._user_heap_stack
                0x20001c60      0x600 load address 0x0800325c
                0x20001c60                . = ALIGN (0x8)
                [!provide]                PROVIDE (end, .)
                [!provide]                PROVIDE (_end, .)
                0x20001e60                . = (. + _Min_Heap_Size)
 *fill*         0x20001c60      0x200 
                0x20002260                . = (. + _Min_Stack_Size)
 *fill*         0x20001e60      0x400 
                0x20002260                . = ALIGN (0x8)

/DISCARD/
 libc.a(*)
 libm.a(*)
 libgcc.a(*)

.ARM.attributes
                0x00000000       0x29
 *(.ARM.attributes)
 .ARM.attributes
                0x00000000       0x1d c:/program files/ac6/systemworkbench/plugins/fr.ac6.mcu.externaltools.arm-none.win32_1.15.0.201708311556/tools/compiler/bin/../lib/gcc/arm-none-eabi/6.3.1/thumb/v7-m/crti.o
 .ARM.attributes
                0x0000001d       0x2d c:/program files/ac6/systemworkbench/plugins/fr.ac6.mcu.externaltools.arm-none.win32_1.15.0.201708311556/tools/compiler/bin/../lib/gcc/arm-none-eabi/6.3.1/thumb/v7-m/crtbegin.o
 .ARM.attributes
                0x0000004a       0x33 Drivers\STM32F1xx_HAL_Driver\Src\stm32f1xx_hal.o
 .ARM.attributes
                0x0000007d       0x33 Drivers\STM32F1xx_HAL_Driver\Src\stm32f1xx_hal_cortex.o
 .ARM.attributes
                0x000000b0       0x33 Drivers\STM32F1xx_HAL_Driver\Src\stm32f1xx_hal_pcd.o
 .ARM.attributes
                0x000000e3       0x33 Drivers\STM32F1xx_HAL_Driver\Src\stm32f1xx_hal_pcd_ex.o
 .ARM.attributes
                0x00000116       0x33 Drivers\STM32F1xx_HAL_Driver\Src\stm32f1xx_hal_rcc.o
 .ARM.attributes
                0x00000149       0x33 Drivers\STM32F1xx_HAL_Driver\Src\stm32f1xx_hal_rcc_ex.o
 .ARM.attributes
                0x0000017c       0x33 Drivers\STM32F1xx_HAL_Driver\Src\stm32f1xx_hal_tim.o
 .ARM.attributes
                0x000001af       0x33 Drivers\STM32F1xx_HAL_Driver\Src\stm32f1xx_hal_tim_ex.o
 .ARM.attributes
                0x000001e2       0x33 Drivers\STM32F1xx_HAL_Driver\Src\stm32f1xx_ll_usb.o
 .ARM.attributes
                0x00000215       0x33 Middlewares\ST\STM32_USB_Device_Library\Class\CDC\Src\usbd_cdc.o
 .ARM.attributes
                0x00000248       0x33 Middlewares\ST\STM32_USB_Device_Library\Core\Src\usbd_core.o
 .ARM.attributes
                0x0000027b       0x33 Middlewares\ST\STM32_USB_Device_Library\Core\Src\usbd_ctlreq.o
 .ARM.attributes
                0x000002ae       0x33 Middlewares\ST\STM32_USB_Device_Library\Core\Src\usbd_ioreq.o
 .ARM.attributes
                0x000002e1       0x33 Src\main.o
 .ARM.attributes
                0x00000314       0x33 Src\stm32f1xx_hal_msp.o
 .ARM.attributes
                0x00000347       0x33 Src\stm32f1xx_hal_timebase_TIM.o
 .ARM.attributes
                0x0000037a       0x33 Src\stm32f1xx_it.o
 .ARM.attributes
                0x000003ad       0x33 Src\system_stm32f1xx.o
 .ARM.attributes
                0x000003e0       0x33 Src\usb_device.o
 .ARM.attributes
                0x00000413       0x33 Src\usbd_cdc_if.o
 .ARM.attributes
                0x00000446       0x33 Src\usbd_conf.o
 .ARM.attributes
                0x00000479       0x33 Src\usbd_desc.o
 .ARM.attributes
                0x000004ac       0x21 startup\startup_stm32f103xb.o
 .ARM.attributes
                0x000004cd       0x2d c:/program files/ac6/systemworkbench/plugins/fr.ac6.mcu.externaltools.arm-none.win32_1.15.0.201708311556/tools/compiler/bin/../lib/gcc/arm-none-eabi/6.3.1/../../../../arm-none-eabi/lib/thumb/v7-m\libc_nano.a(lib_a-init.o)
 .ARM.attributes
                0x000004fa       0x1d c:/program files/ac6/systemworkbench/plugins/fr.ac6.mcu.externaltools.arm-none.win32_1.15.0.201708311556/tools/compiler/bin/../lib/gcc/arm-none-eabi/6.3.1/thumb/v7-m/crtn.o
OUTPUT(STM32F103.elf elf32-littlearm)

.debug_info     0x00000000    0x1c42e
 .debug_info    0x00000000      0xee6 Drivers\STM32F1xx_HAL_Driver\Src\stm32f1xx_hal.o
 .debug_info    0x00000ee6     0x147b Drivers\STM32F1xx_HAL_Driver\Src\stm32f1xx_hal_cortex.o
 .debug_info    0x00002361     0x19d5 Drivers\STM32F1xx_HAL_Driver\Src\stm32f1xx_hal_pcd.o
 .debug_info    0x00003d36      0xe12 Drivers\STM32F1xx_HAL_Driver\Src\stm32f1xx_hal_pcd_ex.o
 .debug_info    0x00004b48     0x1181 Drivers\STM32F1xx_HAL_Driver\Src\stm32f1xx_hal_rcc.o
 .debug_info    0x00005cc9      0xc6b Drivers\STM32F1xx_HAL_Driver\Src\stm32f1xx_hal_rcc_ex.o
 .debug_info    0x00006934     0x3656 Drivers\STM32F1xx_HAL_Driver\Src\stm32f1xx_hal_tim.o
 .debug_info    0x00009f8a     0x1ad1 Drivers\STM32F1xx_HAL_Driver\Src\stm32f1xx_hal_tim_ex.o
 .debug_info    0x0000ba5b     0x1731 Drivers\STM32F1xx_HAL_Driver\Src\stm32f1xx_ll_usb.o
 .debug_info    0x0000d18c     0x158a Middlewares\ST\STM32_USB_Device_Library\Class\CDC\Src\usbd_cdc.o
 .debug_info    0x0000e716     0x1490 Middlewares\ST\STM32_USB_Device_Library\Core\Src\usbd_core.o
 .debug_info    0x0000fba6     0x1666 Middlewares\ST\STM32_USB_Device_Library\Core\Src\usbd_ctlreq.o
 .debug_info    0x0001120c      0xfd9 Middlewares\ST\STM32_USB_Device_Library\Core\Src\usbd_ioreq.o
 .debug_info    0x000121e5     0x1786 Src\main.o
 .debug_info    0x0001396b      0xcbb Src\stm32f1xx_hal_msp.o
 .debug_info    0x00014626     0x11a5 Src\stm32f1xx_hal_timebase_TIM.o
 .debug_info    0x000157cb     0x12d3 Src\stm32f1xx_it.o
 .debug_info    0x00016a9e      0xc1b Src\system_stm32f1xx.o
 .debug_info    0x000176b9      0xe91 Src\usb_device.o
 .debug_info    0x0001854a     0x10ae Src\usbd_cdc_if.o
 .debug_info    0x000195f8     0x2073 Src\usbd_conf.o
 .debug_info    0x0001b66b      0xd59 Src\usbd_desc.o
 .debug_info    0x0001c3c4       0x6a startup\startup_stm32f103xb.o

.debug_abbrev   0x00000000     0x3beb
 .debug_abbrev  0x00000000      0x2e5 Drivers\STM32F1xx_HAL_Driver\Src\stm32f1xx_hal.o
 .debug_abbrev  0x000002e5      0x3cb Drivers\STM32F1xx_HAL_Driver\Src\stm32f1xx_hal_cortex.o
 .debug_abbrev  0x000006b0      0x355 Drivers\STM32F1xx_HAL_Driver\Src\stm32f1xx_hal_pcd.o
 .debug_abbrev  0x00000a05      0x230 Drivers\STM32F1xx_HAL_Driver\Src\stm32f1xx_hal_pcd_ex.o
 .debug_abbrev  0x00000c35      0x320 Drivers\STM32F1xx_HAL_Driver\Src\stm32f1xx_hal_rcc.o
 .debug_abbrev  0x00000f55      0x2b2 Drivers\STM32F1xx_HAL_Driver\Src\stm32f1xx_hal_rcc_ex.o
 .debug_abbrev  0x00001207      0x2eb Drivers\STM32F1xx_HAL_Driver\Src\stm32f1xx_hal_tim.o
 .debug_abbrev  0x000014f2      0x2dc Drivers\STM32F1xx_HAL_Driver\Src\stm32f1xx_hal_tim_ex.o
 .debug_abbrev  0x000017ce      0x2c1 Drivers\STM32F1xx_HAL_Driver\Src\stm32f1xx_ll_usb.o
 .debug_abbrev  0x00001a8f      0x312 Middlewares\ST\STM32_USB_Device_Library\Class\CDC\Src\usbd_cdc.o
 .debug_abbrev  0x00001da1      0x2c6 Middlewares\ST\STM32_USB_Device_Library\Core\Src\usbd_core.o
 .debug_abbrev  0x00002067      0x327 Middlewares\ST\STM32_USB_Device_Library\Core\Src\usbd_ctlreq.o
 .debug_abbrev  0x0000238e      0x213 Middlewares\ST\STM32_USB_Device_Library\Core\Src\usbd_ioreq.o
 .debug_abbrev  0x000025a1      0x2b8 Src\main.o
 .debug_abbrev  0x00002859      0x232 Src\stm32f1xx_hal_msp.o
 .debug_abbrev  0x00002a8b      0x295 Src\stm32f1xx_hal_timebase_TIM.o
 .debug_abbrev  0x00002d20      0x22a Src\stm32f1xx_it.o
 .debug_abbrev  0x00002f4a      0x226 Src\system_stm32f1xx.o
 .debug_abbrev  0x00003170      0x216 Src\usb_device.o
 .debug_abbrev  0x00003386      0x2c7 Src\usbd_cdc_if.o
 .debug_abbrev  0x0000364d      0x31a Src\usbd_conf.o
 .debug_abbrev  0x00003967      0x272 Src\usbd_desc.o
 .debug_abbrev  0x00003bd9       0x12 startup\startup_stm32f103xb.o

.debug_loc      0x00000000     0x9246
 .debug_loc     0x00000000       0x69 Drivers\STM32F1xx_HAL_Driver\Src\stm32f1xx_hal.o
 .debug_loc     0x00000069      0x5ad Drivers\STM32F1xx_HAL_Driver\Src\stm32f1xx_hal_cortex.o
 .debug_loc     0x00000616      0x9fb Drivers\STM32F1xx_HAL_Driver\Src\stm32f1xx_hal_pcd.o
 .debug_loc     0x00001011       0xf4 Drivers\STM32F1xx_HAL_Driver\Src\stm32f1xx_hal_pcd_ex.o
 .debug_loc     0x00001105      0x483 Drivers\STM32F1xx_HAL_Driver\Src\stm32f1xx_hal_rcc.o
 .debug_loc     0x00001588      0x2dc Drivers\STM32F1xx_HAL_Driver\Src\stm32f1xx_hal_rcc_ex.o
 .debug_loc     0x00001864     0x34d2 Drivers\STM32F1xx_HAL_Driver\Src\stm32f1xx_hal_tim.o
 .debug_loc     0x00004d36      0xec0 Drivers\STM32F1xx_HAL_Driver\Src\stm32f1xx_hal_tim_ex.o
 .debug_loc     0x00005bf6      0xc18 Drivers\STM32F1xx_HAL_Driver\Src\stm32f1xx_ll_usb.o
 .debug_loc     0x0000680e      0x4b9 Middlewares\ST\STM32_USB_Device_Library\Class\CDC\Src\usbd_cdc.o
 .debug_loc     0x00006cc7      0x71c Middlewares\ST\STM32_USB_Device_Library\Core\Src\usbd_core.o
 .debug_loc     0x000073e3      0xb78 Middlewares\ST\STM32_USB_Device_Library\Core\Src\usbd_ctlreq.o
 .debug_loc     0x00007f5b      0x23c Middlewares\ST\STM32_USB_Device_Library\Core\Src\usbd_ioreq.o
 .debug_loc     0x00008197       0x3a Src\main.o
 .debug_loc     0x000081d1       0x79 Src\stm32f1xx_hal_timebase_TIM.o
 .debug_loc     0x0000824a       0xdf Src\system_stm32f1xx.o
 .debug_loc     0x00008329      0x113 Src\usbd_cdc_if.o
 .debug_loc     0x0000843c      0xb53 Src\usbd_conf.o
 .debug_loc     0x00008f8f      0x2b7 Src\usbd_desc.o

.debug_aranges  0x00000000      0xe20
 .debug_aranges
                0x00000000       0xb8 Drivers\STM32F1xx_HAL_Driver\Src\stm32f1xx_hal.o
 .debug_aranges
                0x000000b8       0x90 Drivers\STM32F1xx_HAL_Driver\Src\stm32f1xx_hal_cortex.o
 .debug_aranges
                0x00000148      0x120 Drivers\STM32F1xx_HAL_Driver\Src\stm32f1xx_hal_pcd.o
 .debug_aranges
                0x00000268       0x28 Drivers\STM32F1xx_HAL_Driver\Src\stm32f1xx_hal_pcd_ex.o
 .debug_aranges
                0x00000290       0x90 Drivers\STM32F1xx_HAL_Driver\Src\stm32f1xx_hal_rcc.o
 .debug_aranges
                0x00000320       0x30 Drivers\STM32F1xx_HAL_Driver\Src\stm32f1xx_hal_rcc_ex.o
 .debug_aranges
                0x00000350      0x368 Drivers\STM32F1xx_HAL_Driver\Src\stm32f1xx_hal_tim.o
 .debug_aranges
                0x000006b8      0x138 Drivers\STM32F1xx_HAL_Driver\Src\stm32f1xx_hal_tim_ex.o
 .debug_aranges
                0x000007f0      0x100 Drivers\STM32F1xx_HAL_Driver\Src\stm32f1xx_ll_usb.o
 .debug_aranges
                0x000008f0       0x90 Middlewares\ST\STM32_USB_Device_Library\Class\CDC\Src\usbd_cdc.o
 .debug_aranges
                0x00000980       0xb8 Middlewares\ST\STM32_USB_Device_Library\Core\Src\usbd_core.o
 .debug_aranges
                0x00000a38       0x88 Middlewares\ST\STM32_USB_Device_Library\Core\Src\usbd_ctlreq.o
 .debug_aranges
                0x00000ac0       0x50 Middlewares\ST\STM32_USB_Device_Library\Core\Src\usbd_ioreq.o
 .debug_aranges
                0x00000b10       0x40 Src\main.o
 .debug_aranges
                0x00000b50       0x20 Src\stm32f1xx_hal_msp.o
 .debug_aranges
                0x00000b70       0x30 Src\stm32f1xx_hal_timebase_TIM.o
 .debug_aranges
                0x00000ba0       0x70 Src\stm32f1xx_it.o
 .debug_aranges
                0x00000c10       0x28 Src\system_stm32f1xx.o
 .debug_aranges
                0x00000c38       0x20 Src\usb_device.o
 .debug_aranges
                0x00000c58       0x40 Src\usbd_cdc_if.o
 .debug_aranges
                0x00000c98      0x110 Src\usbd_conf.o
 .debug_aranges
                0x00000da8       0x50 Src\usbd_desc.o
 .debug_aranges
                0x00000df8       0x28 startup\startup_stm32f103xb.o

.debug_ranges   0x00000000      0xe70
 .debug_ranges  0x00000000       0xa8 Drivers\STM32F1xx_HAL_Driver\Src\stm32f1xx_hal.o
 .debug_ranges  0x000000a8       0xe0 Drivers\STM32F1xx_HAL_Driver\Src\stm32f1xx_hal_cortex.o
 .debug_ranges  0x00000188      0x140 Drivers\STM32F1xx_HAL_Driver\Src\stm32f1xx_hal_pcd.o
 .debug_ranges  0x000002c8       0x18 Drivers\STM32F1xx_HAL_Driver\Src\stm32f1xx_hal_pcd_ex.o
 .debug_ranges  0x000002e0       0xa0 Drivers\STM32F1xx_HAL_Driver\Src\stm32f1xx_hal_rcc.o
 .debug_ranges  0x00000380       0x38 Drivers\STM32F1xx_HAL_Driver\Src\stm32f1xx_hal_rcc_ex.o
 .debug_ranges  0x000003b8      0x358 Drivers\STM32F1xx_HAL_Driver\Src\stm32f1xx_hal_tim.o
 .debug_ranges  0x00000710      0x128 Drivers\STM32F1xx_HAL_Driver\Src\stm32f1xx_hal_tim_ex.o
 .debug_ranges  0x00000838      0x1e0 Drivers\STM32F1xx_HAL_Driver\Src\stm32f1xx_ll_usb.o
 .debug_ranges  0x00000a18       0x80 Middlewares\ST\STM32_USB_Device_Library\Class\CDC\Src\usbd_cdc.o
 .debug_ranges  0x00000a98       0xa8 Middlewares\ST\STM32_USB_Device_Library\Core\Src\usbd_core.o
 .debug_ranges  0x00000b40       0x78 Middlewares\ST\STM32_USB_Device_Library\Core\Src\usbd_ctlreq.o
 .debug_ranges  0x00000bb8       0x40 Middlewares\ST\STM32_USB_Device_Library\Core\Src\usbd_ioreq.o
 .debug_ranges  0x00000bf8       0x30 Src\main.o
 .debug_ranges  0x00000c28       0x10 Src\stm32f1xx_hal_msp.o
 .debug_ranges  0x00000c38       0x20 Src\stm32f1xx_hal_timebase_TIM.o
 .debug_ranges  0x00000c58       0x60 Src\stm32f1xx_it.o
 .debug_ranges  0x00000cb8       0x18 Src\system_stm32f1xx.o
 .debug_ranges  0x00000cd0       0x10 Src\usb_device.o
 .debug_ranges  0x00000ce0       0x30 Src\usbd_cdc_if.o
 .debug_ranges  0x00000d10      0x100 Src\usbd_conf.o
 .debug_ranges  0x00000e10       0x40 Src\usbd_desc.o
 .debug_ranges  0x00000e50       0x20 startup\startup_stm32f103xb.o

.debug_macro    0x00000000    0x17c70
 .debug_macro   0x00000000      0x324 Drivers\STM32F1xx_HAL_Driver\Src\stm32f1xx_hal.o
 .debug_macro   0x00000324      0x8bc Drivers\STM32F1xx_HAL_Driver\Src\stm32f1xx_hal.o
 .debug_macro   0x00000be0       0x10 Drivers\STM32F1xx_HAL_Driver\Src\stm32f1xx_hal.o
 .debug_macro   0x00000bf0      0x169 Drivers\STM32F1xx_HAL_Driver\Src\stm32f1xx_hal.o
 .debug_macro   0x00000d59       0x2e Drivers\STM32F1xx_HAL_Driver\Src\stm32f1xx_hal.o
 .debug_macro   0x00000d87       0x22 Drivers\STM32F1xx_HAL_Driver\Src\stm32f1xx_hal.o
 .debug_macro   0x00000da9       0x22 Drivers\STM32F1xx_HAL_Driver\Src\stm32f1xx_hal.o
 .debug_macro   0x00000dcb       0x87 Drivers\STM32F1xx_HAL_Driver\Src\stm32f1xx_hal.o
 .debug_macro   0x00000e52       0x51 Drivers\STM32F1xx_HAL_Driver\Src\stm32f1xx_hal.o
 .debug_macro   0x00000ea3       0xef Drivers\STM32F1xx_HAL_Driver\Src\stm32f1xx_hal.o
 .debug_macro   0x00000f92       0x6a Drivers\STM32F1xx_HAL_Driver\Src\stm32f1xx_hal.o
 .debug_macro   0x00000ffc      0x1df Drivers\STM32F1xx_HAL_Driver\Src\stm32f1xx_hal.o
 .debug_macro   0x000011db       0x34 Drivers\STM32F1xx_HAL_Driver\Src\stm32f1xx_hal.o
 .debug_macro   0x0000120f       0x34 Drivers\STM32F1xx_HAL_Driver\Src\stm32f1xx_hal.o
 .debug_macro   0x00001243      0xb8e Drivers\STM32F1xx_HAL_Driver\Src\stm32f1xx_hal.o
 .debug_macro   0x00001dd1     0xe90a Drivers\STM32F1xx_HAL_Driver\Src\stm32f1xx_hal.o
 .debug_macro   0x000106db       0x43 Drivers\STM32F1xx_HAL_Driver\Src\stm32f1xx_hal.o
 .debug_macro   0x0001071e       0x58 Drivers\STM32F1xx_HAL_Driver\Src\stm32f1xx_hal.o
 .debug_macro   0x00010776       0x35 Drivers\STM32F1xx_HAL_Driver\Src\stm32f1xx_hal.o
 .debug_macro   0x000107ab       0x9c Drivers\STM32F1xx_HAL_Driver\Src\stm32f1xx_hal.o
 .debug_macro   0x00010847       0x16 Drivers\STM32F1xx_HAL_Driver\Src\stm32f1xx_hal.o
 .debug_macro   0x0001085d       0x97 Drivers\STM32F1xx_HAL_Driver\Src\stm32f1xx_hal.o
 .debug_macro   0x000108f4      0x330 Drivers\STM32F1xx_HAL_Driver\Src\stm32f1xx_hal.o
 .debug_macro   0x00010c24       0xfd Drivers\STM32F1xx_HAL_Driver\Src\stm32f1xx_hal.o
 .debug_macro   0x00010d21       0x10 Drivers\STM32F1xx_HAL_Driver\Src\stm32f1xx_hal.o
 .debug_macro   0x00010d31       0x58 Drivers\STM32F1xx_HAL_Driver\Src\stm32f1xx_hal.o
 .debug_macro   0x00010d89       0x1f Drivers\STM32F1xx_HAL_Driver\Src\stm32f1xx_hal.o
 .debug_macro   0x00010da8       0x43 Drivers\STM32F1xx_HAL_Driver\Src\stm32f1xx_hal.o
 .debug_macro   0x00010deb       0x20 Drivers\STM32F1xx_HAL_Driver\Src\stm32f1xx_hal.o
 .debug_macro   0x00010e0b      0x187 Drivers\STM32F1xx_HAL_Driver\Src\stm32f1xx_hal.o
 .debug_macro   0x00010f92       0x10 Drivers\STM32F1xx_HAL_Driver\Src\stm32f1xx_hal.o
 .debug_macro   0x00010fa2       0x1c Drivers\STM32F1xx_HAL_Driver\Src\stm32f1xx_hal.o
 .debug_macro   0x00010fbe       0x52 Drivers\STM32F1xx_HAL_Driver\Src\stm32f1xx_hal.o
 .debug_macro   0x00011010       0x40 Drivers\STM32F1xx_HAL_Driver\Src\stm32f1xx_hal.o
 .debug_macro   0x00011050       0x10 Drivers\STM32F1xx_HAL_Driver\Src\stm32f1xx_hal.o
 .debug_macro   0x00011060       0x40 Drivers\STM32F1xx_HAL_Driver\Src\stm32f1xx_hal.o
 .debug_macro   0x000110a0       0xd7 Drivers\STM32F1xx_HAL_Driver\Src\stm32f1xx_hal.o
 .debug_macro   0x00011177       0x16 Drivers\STM32F1xx_HAL_Driver\Src\stm32f1xx_hal.o
 .debug_macro   0x0001118d      0x18b Drivers\STM32F1xx_HAL_Driver\Src\stm32f1xx_hal.o
 .debug_macro   0x00011318       0x50 Drivers\STM32F1xx_HAL_Driver\Src\stm32f1xx_hal.o
 .debug_macro   0x00011368      0x5c2 Drivers\STM32F1xx_HAL_Driver\Src\stm32f1xx_hal.o
 .debug_macro   0x0001192a      0x28b Drivers\STM32F1xx_HAL_Driver\Src\stm32f1xx_hal.o
 .debug_macro   0x00011bb5      0x1cb Drivers\STM32F1xx_HAL_Driver\Src\stm32f1xx_hal.o
 .debug_macro   0x00011d80      0x11e Drivers\STM32F1xx_HAL_Driver\Src\stm32f1xx_hal.o
 .debug_macro   0x00011e9e      0x197 Drivers\STM32F1xx_HAL_Driver\Src\stm32f1xx_hal.o
 .debug_macro   0x00012035       0x27 Drivers\STM32F1xx_HAL_Driver\Src\stm32f1xx_hal.o
 .debug_macro   0x0001205c      0x1bc Drivers\STM32F1xx_HAL_Driver\Src\stm32f1xx_hal.o
 .debug_macro   0x00012218       0x34 Drivers\STM32F1xx_HAL_Driver\Src\stm32f1xx_hal.o
 .debug_macro   0x0001224c       0x3c Drivers\STM32F1xx_HAL_Driver\Src\stm32f1xx_hal.o
 .debug_macro   0x00012288       0x57 Drivers\STM32F1xx_HAL_Driver\Src\stm32f1xx_hal.o
 .debug_macro   0x000122df       0x8c Drivers\STM32F1xx_HAL_Driver\Src\stm32f1xx_hal.o
 .debug_macro   0x0001236b      0x242 Drivers\STM32F1xx_HAL_Driver\Src\stm32f1xx_hal.o
 .debug_macro   0x000125ad      0x143 Drivers\STM32F1xx_HAL_Driver\Src\stm32f1xx_hal.o
 .debug_macro   0x000126f0      0x84c Drivers\STM32F1xx_HAL_Driver\Src\stm32f1xx_hal.o
 .debug_macro   0x00012f3c       0x1f Drivers\STM32F1xx_HAL_Driver\Src\stm32f1xx_hal.o
 .debug_macro   0x00012f5b       0x50 Drivers\STM32F1xx_HAL_Driver\Src\stm32f1xx_hal.o
 .debug_macro   0x00012fab      0x26c Drivers\STM32F1xx_HAL_Driver\Src\stm32f1xx_hal.o
 .debug_macro   0x00013217       0x7c Drivers\STM32F1xx_HAL_Driver\Src\stm32f1xx_hal.o
 .debug_macro   0x00013293      0x300 Drivers\STM32F1xx_HAL_Driver\Src\stm32f1xx_hal_cortex.o
 .debug_macro   0x00013593      0x30c Drivers\STM32F1xx_HAL_Driver\Src\stm32f1xx_hal_pcd.o
 .debug_macro   0x0001389f      0x300 Drivers\STM32F1xx_HAL_Driver\Src\stm32f1xx_hal_pcd_ex.o
 .debug_macro   0x00013b9f      0x312 Drivers\STM32F1xx_HAL_Driver\Src\stm32f1xx_hal_rcc.o
 .debug_macro   0x00013eb1      0x300 Drivers\STM32F1xx_HAL_Driver\Src\stm32f1xx_hal_rcc_ex.o
 .debug_macro   0x000141b1      0x301 Drivers\STM32F1xx_HAL_Driver\Src\stm32f1xx_hal_tim.o
 .debug_macro   0x000144b2      0x300 Drivers\STM32F1xx_HAL_Driver\Src\stm32f1xx_hal_tim_ex.o
 .debug_macro   0x000147b2      0x300 Drivers\STM32F1xx_HAL_Driver\Src\stm32f1xx_ll_usb.o
 .debug_macro   0x00014ab2      0x3b6 Middlewares\ST\STM32_USB_Device_Library\Class\CDC\Src\usbd_cdc.o
 .debug_macro   0x00014e68       0x52 Middlewares\ST\STM32_USB_Device_Library\Class\CDC\Src\usbd_cdc.o
 .debug_macro   0x00014eba       0x8d Middlewares\ST\STM32_USB_Device_Library\Class\CDC\Src\usbd_cdc.o
 .debug_macro   0x00014f47       0x57 Middlewares\ST\STM32_USB_Device_Library\Class\CDC\Src\usbd_cdc.o
 .debug_macro   0x00014f9e       0x16 Middlewares\ST\STM32_USB_Device_Library\Class\CDC\Src\usbd_cdc.o
 .debug_macro   0x00014fb4       0x35 Middlewares\ST\STM32_USB_Device_Library\Class\CDC\Src\usbd_cdc.o
 .debug_macro   0x00014fe9       0x16 Middlewares\ST\STM32_USB_Device_Library\Class\CDC\Src\usbd_cdc.o
 .debug_macro   0x00014fff       0x29 Middlewares\ST\STM32_USB_Device_Library\Class\CDC\Src\usbd_cdc.o
 .debug_macro   0x00015028       0x16 Middlewares\ST\STM32_USB_Device_Library\Class\CDC\Src\usbd_cdc.o
 .debug_macro   0x0001503e       0x65 Middlewares\ST\STM32_USB_Device_Library\Class\CDC\Src\usbd_cdc.o
 .debug_macro   0x000150a3      0x1c3 Middlewares\ST\STM32_USB_Device_Library\Class\CDC\Src\usbd_cdc.o
 .debug_macro   0x00015266       0x83 Middlewares\ST\STM32_USB_Device_Library\Class\CDC\Src\usbd_cdc.o
 .debug_macro   0x000152e9      0x39d Middlewares\ST\STM32_USB_Device_Library\Core\Src\usbd_core.o
 .debug_macro   0x00015686      0x39d Middlewares\ST\STM32_USB_Device_Library\Core\Src\usbd_ctlreq.o
 .debug_macro   0x00015a23      0x399 Middlewares\ST\STM32_USB_Device_Library\Core\Src\usbd_ioreq.o
 .debug_macro   0x00015dbc      0x385 Src\main.o
 .debug_macro   0x00016141      0x300 Src\stm32f1xx_hal_msp.o
 .debug_macro   0x00016441      0x300 Src\stm32f1xx_hal_timebase_TIM.o
 .debug_macro   0x00016741      0x30a Src\stm32f1xx_it.o
 .debug_macro   0x00016a4b      0x306 Src\system_stm32f1xx.o
 .debug_macro   0x00016d51      0x3d4 Src\usb_device.o
 .debug_macro   0x00017125      0x3be Src\usbd_cdc_if.o
 .debug_macro   0x000174e3      0x3b6 Src\usbd_conf.o
 .debug_macro   0x00017899      0x3d7 Src\usbd_desc.o

.debug_line     0x00000000     0xce9a
 .debug_line    0x00000000      0x83e Drivers\STM32F1xx_HAL_Driver\Src\stm32f1xx_hal.o
 .debug_line    0x0000083e      0x880 Drivers\STM32F1xx_HAL_Driver\Src\stm32f1xx_hal_cortex.o
 .debug_line    0x000010be      0xb96 Drivers\STM32F1xx_HAL_Driver\Src\stm32f1xx_hal_pcd.o
 .debug_line    0x00001c54      0x705 Drivers\STM32F1xx_HAL_Driver\Src\stm32f1xx_hal_pcd_ex.o
 .debug_line    0x00002359      0x975 Drivers\STM32F1xx_HAL_Driver\Src\stm32f1xx_hal_rcc.o
 .debug_line    0x00002cce      0x78f Drivers\STM32F1xx_HAL_Driver\Src\stm32f1xx_hal_rcc_ex.o
 .debug_line    0x0000345d     0x168b Drivers\STM32F1xx_HAL_Driver\Src\stm32f1xx_hal_tim.o
 .debug_line    0x00004ae8      0xc60 Drivers\STM32F1xx_HAL_Driver\Src\stm32f1xx_hal_tim_ex.o
 .debug_line    0x00005748      0xb00 Drivers\STM32F1xx_HAL_Driver\Src\stm32f1xx_ll_usb.o
 .debug_line    0x00006248      0x983 Middlewares\ST\STM32_USB_Device_Library\Class\CDC\Src\usbd_cdc.o
 .debug_line    0x00006bcb      0x9a2 Middlewares\ST\STM32_USB_Device_Library\Core\Src\usbd_core.o
 .debug_line    0x0000756d      0x9b7 Middlewares\ST\STM32_USB_Device_Library\Core\Src\usbd_ctlreq.o
 .debug_line    0x00007f24      0x82d Middlewares\ST\STM32_USB_Device_Library\Core\Src\usbd_ioreq.o
 .debug_line    0x00008751      0x7ce Src\main.o
 .debug_line    0x00008f1f      0x6d1 Src\stm32f1xx_hal_msp.o
 .debug_line    0x000095f0      0x701 Src\stm32f1xx_hal_timebase_TIM.o
 .debug_line    0x00009cf1      0x778 Src\stm32f1xx_it.o
 .debug_line    0x0000a469      0x705 Src\system_stm32f1xx.o
 .debug_line    0x0000ab6e      0x804 Src\usb_device.o
 .debug_line    0x0000b372      0x834 Src\usbd_cdc_if.o
 .debug_line    0x0000bba6      0xa61 Src\usbd_conf.o
 .debug_line    0x0000c607      0x816 Src\usbd_desc.o
 .debug_line    0x0000ce1d       0x7d startup\startup_stm32f103xb.o

.debug_str      0x00000000    0x73232
 .debug_str     0x00000000    0x6eed7 Drivers\STM32F1xx_HAL_Driver\Src\stm32f1xx_hal.o
                              0x6f2a3 (size before relaxing)
 .debug_str     0x0006eed7      0x2e1 Drivers\STM32F1xx_HAL_Driver\Src\stm32f1xx_hal_cortex.o
                              0x6f2ae (size before relaxing)
 .debug_str     0x0006f1b8      0x81c Drivers\STM32F1xx_HAL_Driver\Src\stm32f1xx_hal_pcd.o
                              0x6f463 (size before relaxing)
 .debug_str     0x0006f9d4       0x57 Drivers\STM32F1xx_HAL_Driver\Src\stm32f1xx_hal_pcd_ex.o
                              0x6ef40 (size before relaxing)
 .debug_str     0x0006fa2b      0x3aa Drivers\STM32F1xx_HAL_Driver\Src\stm32f1xx_hal_rcc.o
                              0x6f04a (size before relaxing)
 .debug_str     0x0006fdd5      0x12b Drivers\STM32F1xx_HAL_Driver\Src\stm32f1xx_hal_rcc_ex.o
                              0x6edd6 (size before relaxing)
 .debug_str     0x0006ff00     0x109f Drivers\STM32F1xx_HAL_Driver\Src\stm32f1xx_hal_tim.o
                              0x6fd4a (size before relaxing)
 .debug_str     0x00070f9f      0x4f1 Drivers\STM32F1xx_HAL_Driver\Src\stm32f1xx_hal_tim_ex.o
                              0x6f5ec (size before relaxing)
 .debug_str     0x00071490      0x155 Drivers\STM32F1xx_HAL_Driver\Src\stm32f1xx_ll_usb.o
                              0x6f113 (size before relaxing)
 .debug_str     0x000715e5     0x12a6 Middlewares\ST\STM32_USB_Device_Library\Class\CDC\Src\usbd_cdc.o
                              0x6ff89 (size before relaxing)
 .debug_str     0x0007288b      0x294 Middlewares\ST\STM32_USB_Device_Library\Core\Src\usbd_core.o
                              0x6fc4a (size before relaxing)
 .debug_str     0x00072b1f      0x12e Middlewares\ST\STM32_USB_Device_Library\Core\Src\usbd_ctlreq.o
                              0x6fb64 (size before relaxing)
 .debug_str     0x00072c4d       0x51 Middlewares\ST\STM32_USB_Device_Library\Core\Src\usbd_ioreq.o
                              0x6fa91 (size before relaxing)
 .debug_str     0x00072c9e       0x72 Src\main.o
                              0x702d2 (size before relaxing)
 .debug_str     0x00072d10       0x3f Src\stm32f1xx_hal_msp.o
                              0x6ef36 (size before relaxing)
 .debug_str     0x00072d4f       0x61 Src\stm32f1xx_hal_timebase_TIM.o
                              0x6f40f (size before relaxing)
 .debug_str     0x00072db0       0xc4 Src\stm32f1xx_it.o
                              0x6f33e (size before relaxing)
 .debug_str     0x00072e74       0x69 Src\system_stm32f1xx.o
                              0x6eca0 (size before relaxing)
 .debug_str     0x00072edd       0x3c Src\usb_device.o
                              0x6fcfc (size before relaxing)
 .debug_str     0x00072f19       0xa7 Src\usbd_cdc_if.o
                              0x6fe00 (size before relaxing)
 .debug_str     0x00072fc0       0x51 Src\usbd_conf.o
                              0x707ca (size before relaxing)
 .debug_str     0x00073011      0x221 Src\usbd_desc.o
                              0x6f92a (size before relaxing)

.comment        0x00000000       0x7f
 .comment       0x00000000       0x7f Drivers\STM32F1xx_HAL_Driver\Src\stm32f1xx_hal.o
                                 0x80 (size before relaxing)
 .comment       0x0000007f       0x80 Drivers\STM32F1xx_HAL_Driver\Src\stm32f1xx_hal_cortex.o
 .comment       0x0000007f       0x80 Drivers\STM32F1xx_HAL_Driver\Src\stm32f1xx_hal_pcd.o
 .comment       0x0000007f       0x80 Drivers\STM32F1xx_HAL_Driver\Src\stm32f1xx_hal_pcd_ex.o
 .comment       0x0000007f       0x80 Drivers\STM32F1xx_HAL_Driver\Src\stm32f1xx_hal_rcc.o
 .comment       0x0000007f       0x80 Drivers\STM32F1xx_HAL_Driver\Src\stm32f1xx_hal_rcc_ex.o
 .comment       0x0000007f       0x80 Drivers\STM32F1xx_HAL_Driver\Src\stm32f1xx_hal_tim.o
 .comment       0x0000007f       0x80 Drivers\STM32F1xx_HAL_Driver\Src\stm32f1xx_hal_tim_ex.o
 .comment       0x0000007f       0x80 Drivers\STM32F1xx_HAL_Driver\Src\stm32f1xx_ll_usb.o
 .comment       0x0000007f       0x80 Middlewares\ST\STM32_USB_Device_Library\Class\CDC\Src\usbd_cdc.o
 .comment       0x0000007f       0x80 Middlewares\ST\STM32_USB_Device_Library\Core\Src\usbd_core.o
 .comment       0x0000007f       0x80 Middlewares\ST\STM32_USB_Device_Library\Core\Src\usbd_ctlreq.o
 .comment       0x0000007f       0x80 Middlewares\ST\STM32_USB_Device_Library\Core\Src\usbd_ioreq.o
 .comment       0x0000007f       0x80 Src\main.o
 .comment       0x0000007f       0x80 Src\stm32f1xx_hal_msp.o
 .comment       0x0000007f       0x80 Src\stm32f1xx_hal_timebase_TIM.o
 .comment       0x0000007f       0x80 Src\stm32f1xx_it.o
 .comment       0x0000007f       0x80 Src\system_stm32f1xx.o
 .comment       0x0000007f       0x80 Src\usb_device.o
 .comment       0x0000007f       0x80 Src\usbd_cdc_if.o
 .comment       0x0000007f       0x80 Src\usbd_conf.o
 .comment       0x0000007f       0x80 Src\usbd_desc.o

.debug_frame    0x00000000     0x22b8
 .debug_frame   0x00000000      0x178 Drivers\STM32F1xx_HAL_Driver\Src\stm32f1xx_hal.o
 .debug_frame   0x00000178      0x12c Drivers\STM32F1xx_HAL_Driver\Src\stm32f1xx_hal_cortex.o
 .debug_frame   0x000002a4      0x2e8 Drivers\STM32F1xx_HAL_Driver\Src\stm32f1xx_hal_pcd.o
 .debug_frame   0x0000058c       0x30 Drivers\STM32F1xx_HAL_Driver\Src\stm32f1xx_hal_pcd_ex.o
 .debug_frame   0x000005bc      0x164 Drivers\STM32F1xx_HAL_Driver\Src\stm32f1xx_hal_rcc.o
 .debug_frame   0x00000720       0x6c Drivers\STM32F1xx_HAL_Driver\Src\stm32f1xx_hal_rcc_ex.o
 .debug_frame   0x0000078c      0x9e0 Drivers\STM32F1xx_HAL_Driver\Src\stm32f1xx_hal_tim.o
 .debug_frame   0x0000116c      0x374 Drivers\STM32F1xx_HAL_Driver\Src\stm32f1xx_hal_tim_ex.o
 .debug_frame   0x000014e0      0x23c Drivers\STM32F1xx_HAL_Driver\Src\stm32f1xx_ll_usb.o
 .debug_frame   0x0000171c      0x14c Middlewares\ST\STM32_USB_Device_Library\Class\CDC\Src\usbd_cdc.o
 .debug_frame   0x00001868      0x1bc Middlewares\ST\STM32_USB_Device_Library\Core\Src\usbd_core.o
 .debug_frame   0x00001a24      0x178 Middlewares\ST\STM32_USB_Device_Library\Core\Src\usbd_ctlreq.o
 .debug_frame   0x00001b9c       0xb8 Middlewares\ST\STM32_USB_Device_Library\Core\Src\usbd_ioreq.o
 .debug_frame   0x00001c54       0x88 Src\main.o
 .debug_frame   0x00001cdc       0x2c Src\stm32f1xx_hal_msp.o
 .debug_frame   0x00001d08       0x50 Src\stm32f1xx_hal_timebase_TIM.o
 .debug_frame   0x00001d58       0xe0 Src\stm32f1xx_it.o
 .debug_frame   0x00001e38       0x30 Src\system_stm32f1xx.o
 .debug_frame   0x00001e68       0x28 Src\usb_device.o
 .debug_frame   0x00001e90       0x78 Src\usbd_cdc_if.o
 .debug_frame   0x00001f08      0x2dc Src\usbd_conf.o
 .debug_frame   0x000021e4       0xa8 Src\usbd_desc.o
 .debug_frame   0x0000228c       0x2c c:/program files/ac6/systemworkbench/plugins/fr.ac6.mcu.externaltools.arm-none.win32_1.15.0.201708311556/tools/compiler/bin/../lib/gcc/arm-none-eabi/6.3.1/../../../../arm-none-eabi/lib/thumb/v7-m\libc_nano.a(lib_a-init.o)
